******************************************************************************
                  TI ARM Linker Unix v18.1.3                   
******************************************************************************
>> Linked Wed Dec 19 11:39:32 2018

OUTPUT FILE NAME:   <rti_gpio.out>
ENTRY POINT SYMBOL: "_c_int00"  address: 00003d50


MEMORY CONFIGURATION

         name            origin    length      used     unused   attr    fill
----------------------  --------  ---------  --------  --------  ----  --------
  VECTORS               00000000   00000020  00000020  00000000     X
  FLASH0                00000020   001fffe0  00004230  001fbdb0  R  X
  FLASH1                00200000   00200000  00000000  00200000  R  X
  STACKS                08000000   00001500  00000000  00001500  RW  
  RAM                   08001500   0007eb00  00000010  0007eaf0  RW  


SEGMENT ALLOCATION MAP

run origin  load origin   length   init length attrs members
----------  ----------- ---------- ----------- ----- -------
00000000    00000000    00004018   00004018    r-x
  00000000    00000000    00000020   00000020    r-x .intvecs
  00000020    00000020    00003ff8   00003ff8    r-x .text
00004020    00004020    00000238   00000238    r--
  00004020    00004020    00000200   00000200    r-- .const
  00004220    00004220    00000038   00000038    r-- .cinit
08001500    08001500    00000010   00000000    rw-
  08001500    08001500    0000000c   00000000    rw- .data
  0800150c    0800150c    00000004   00000000    rw- .bss


SECTION ALLOCATION MAP

 output                                  attributes/
section   page    origin      length       input sections
--------  ----  ----------  ----------   ----------------
.intvecs   0    00000000    00000020     
                  00000000    00000020     HL_sys_intvecs.obj (.intvecs)

.text      0    00000020    00003ff8     
                  00000020    000009c0     HL_pinmux.obj (.text)
                  000009e0    0000095c     HL_system.obj (.text)
                  0000133c    00000938     HL_sys_vim.obj (.text)
                  00001c74    0000078c     HL_esm.obj (.text)
                  00002400    0000069c     HL_rti.obj (.text)
                  00002a9c    00000484     HL_gio.obj (.text)
                  00002f20    000003c4     HL_sys_core.obj (.text)
                  000032e4    0000036c     HL_sys_mpu.obj (.text)
                  00003650    0000033c     HL_sys_vim.obj (.text:retain)
                  0000398c    00000180     rtsv7R4_A_be_v3D16_eabi.lib : memcpy32.asm.obj (.text)
                  00003b0c    00000178     HL_esm.obj (.text:retain)
                  00003c84    000000cc     HL_sys_main.obj (.text)
                  00003d50    000000b4     HL_sys_startup.obj (.text:retain)
                  00003e04    00000090     rtsv7R4_A_be_v3D16_eabi.lib : copy_decompress_lzss.c.obj (.text:decompress:lzss:__TI_decompress_lzss)
                  00003e94    00000088     HL_notification.obj (.text)
                  00003f1c    00000068     rtsv7R4_A_be_v3D16_eabi.lib : autoinit.c.obj (.text:__TI_auto_init_nobinit_nopinit:__TI_auto_init_nobinit_nopinit)
                  00003f84    00000054     HL_rti.obj (.text:retain)
                  00003fd8    00000020     rtsv7R4_A_be_v3D16_eabi.lib : copy_zero_init.c.obj (.text:decompress:ZI:__TI_zero_init_nomemset:__TI_zero_init_nomemset)
                  00003ff8    00000014                                 : copy_decompress_none.c.obj (.text:decompress:none:__TI_decompress_none)
                  0000400c    00000008                                 : exit.c.obj (.text:abort:abort)
                  00004014    00000004     HL_sys_phantom.obj (.text:retain)

.const     0    00004020    00000200     
                  00004020    00000200     HL_sys_vim.obj (.const:s_vim_init)

.cinit     0    00004220    00000038     
                  00004220    0000000f     (.cinit..data.load) [load image, compression = lzss]
                  0000422f    00000001     --HOLE-- [fill = 0]
                  00004230    0000000c     (__TI_handler_table)
                  0000423c    00000004     --HOLE-- [fill = 0]
                  00004240    00000008     (.cinit..bss.load) [load image, compression = zero_init]
                  00004248    00000010     (__TI_cinit_table)

.data      0    08001500    0000000c     UNINITIALIZED
                  08001500    0000000c     HL_sys_main.obj (.data:arr)

.bss       0    0800150c    00000004     UNINITIALIZED
                  0800150c    00000004     (.common:count)

MODULE SUMMARY

       Module                       code    ro data   rw data
       ------                       ----    -------   -------
    ./source/
       HL_sys_vim.obj               3188    512       0      
       HL_pinmux.obj                2496    0         0      
       HL_system.obj                2396    0         0      
       HL_esm.obj                   2308    0         0      
       HL_rti.obj                   1776    0         0      
       HL_gio.obj                   1156    0         0      
       HL_sys_core.obj              964     0         0      
       HL_sys_mpu.obj               876     0         0      
       HL_sys_main.obj              204     0         16     
       HL_sys_startup.obj           180     0         0      
       HL_notification.obj          136     0         0      
       HL_sys_intvecs.obj           32      0         0      
       HL_sys_phantom.obj           4       0         0      
    +--+----------------------------+-------+---------+---------+
       Total:                       15716   512       16     
                                                             
    /home/kiott01a/ti/ccsv8/tools/compiler/ti-cgt-arm_18.1.3.LTS/lib/rtsv7R4_A_be_v3D16_eabi.lib
       memcpy32.asm.obj             384     0         0      
       copy_decompress_lzss.c.obj   144     0         0      
       autoinit.c.obj               104     0         0      
       copy_zero_init.c.obj         32      0         0      
       copy_decompress_none.c.obj   20      0         0      
       exit.c.obj                   8       0         0      
    +--+----------------------------+-------+---------+---------+
       Total:                       692     0         0      
                                                             
       Linker Generated:            0       51        0      
    +--+----------------------------+-------+---------+---------+
       Grand Total:                 16408   563       16     


LINKER GENERATED COPY TABLES

__TI_cinit_table @ 00004248 records: 2, size/record: 8, table size: 16
	.data: load addr=00004220, load size=0000000f bytes, run addr=08001500, run size=0000000c bytes, compression=lzss
	.bss: load addr=00004240, load size=00000008 bytes, run addr=0800150c, run size=00000004 bytes, compression=zero_init


LINKER GENERATED HANDLER TABLE

__TI_handler_table @ 00004230 records: 3, size/record: 4, table size: 12
	index: 0, handler: __TI_zero_init
	index: 1, handler: __TI_decompress_lzss
	index: 2, handler: __TI_decompress_none


GLOBAL SYMBOLS: SORTED ALPHABETICALLY BY Name 

address   name                                
-------   ----                                
0000400c  C$$EXIT                             
000027cc  IsdwdKeySequenceCorrect             
UNDEFED   SHT$$INIT_ARRAY$$Base               
UNDEFED   SHT$$INIT_ARRAY$$Limit              
00004248  __TI_CINIT_Base                     
00004258  __TI_CINIT_Limit                    
00004230  __TI_Handler_Table_Base             
0000423c  __TI_Handler_Table_Limit            
000032dc  __TI_PINIT_Base                     
000032e0  __TI_PINIT_Limit                    
00003f1c  __TI_auto_init_nobinit_nopinit      
00003e04  __TI_decompress_lzss                
00003ff8  __TI_decompress_none                
ffffffff  __TI_pprof_out_hndl                 
ffffffff  __TI_prof_data_size                 
ffffffff  __TI_prof_data_start                
00000000  __TI_static_base__                  
00003fd8  __TI_zero_init_nomemset             
0000398c  __aeabi_memcpy                      
0000398c  __aeabi_memcpy4                     
0000398c  __aeabi_memcpy8                     
ffffffff  __binit__                           
ffffffff  __c_args__                          
00003d50  _c_int00                            
00003290  _cacheDisable_                      
0000324c  _cacheEnable_                       
0000322c  _checkMemInitOn_                    
00003138  _coreClearAuxiliaryDataFault_       
0000314c  _coreClearAuxiliaryInstructionFault_
00003110  _coreClearDataFaultAddress_         
000030e8  _coreClearDataFault_                
00003124  _coreClearInstructionFaultAddress_  
000030fc  _coreClearInstructionFault_         
000030c0  _coreDisableEventBusExport_         
000030b0  _coreEnableEventBusExport_          
000030d0  _coreEnableIrqVicOffset_            
00003098  _coreEnableVfp_                     
00003130  _coreGetAuxiliaryDataFault_         
00003144  _coreGetAuxiliaryInstructionFault_  
00003108  _coreGetDataFaultAddress_           
000030e0  _coreGetDataFault_                  
0000311c  _coreGetInstructionFaultAddress_    
000030f4  _coreGetInstructionFault_           
00002f20  _coreInitRegisters_                 
0000302c  _coreInitStackPointer_              
000032b4  _dCacheInvalidate_                  
00003158  _disable_IRQ_interrupt_             
00003160  _enable_IRQ_interrupt_              
00003168  _enable_interrupt_                  
00003170  _esmCcmErrorsClear_                 
00003078  _getCPSRValue_                      
00003080  _gotoCPUIdle_                       
000032c8  _iCacheInvalidate_                  
000031f8  _memInit_                           
000035f8  _mpuAreRegionsSeparate_             
000035dc  _mpuDisableBackgroundRegion_        
000035b4  _mpuDisable_                        
000035cc  _mpuEnableBackgroundRegion_         
0000359c  _mpuEnable_                         
000035ec  _mpuGetNumberOfRegions_             
0000361c  _mpuGetRegionBaseAddress_           
0000363c  _mpuGetRegionPermission_            
00003630  _mpuGetRegionType_                  
0000360c  _mpuGetRegion_                      
000032e4  _mpuInit_                           
00003614  _mpuSetRegionBaseAddress_           
00003648  _mpuSetRegionSizeRegister_          
00003624  _mpuSetRegionTypeAndPermission_     
00003604  _mpuSetRegion_                      
UNDEFED   _system_post_cinit                  
0000400c  abort                               
08001500  arr                                 
ffffffff  binit                               
0800150c  count                               
00003ecc  dmaGroupANotification               
0000283c  dwdClearFlag                        
00002740  dwdCounterEnable                    
000027a4  dwdGenerateSysReset                 
00002804  dwdGetStatus                        
00002858  dwdGetViolationStatus               
000026b0  dwdInit                             
0000277c  dwdReset                            
0000275c  dwdSetPreload                       
00002728  dwwdGetCurrentDownCounter           
000026dc  dwwdInit                            
00003f08  epcCAMFullNotification              
00003f0c  epcFIFOFullNotification             
00001e84  esmActivateNormalOperation          
00001fd0  esmClearStatus                      
00002034  esmClearStatusBuffer                
00002010  esmClearStatusUpper                 
00001e30  esmDisableError                     
00001e58  esmDisableErrorUpper                
00001ed8  esmDisableInterrupt                 
00001f00  esmDisableInterruptUpper            
00001dec  esmEnableError                      
00001e14  esmEnableErrorUpper                 
00001e94  esmEnableInterrupt                  
00001ebc  esmEnableInterruptUpper             
00002164  esmEnterSelfTest                    
00001dd0  esmError                            
0000223c  esmGetConfigValue                   
00002070  esmGetStatus                        
0000213c  esmGetStatusBuffer                  
000020f4  esmGetStatusUpper                   
00003e94  esmGroup1Notification               
00003ea8  esmGroup2Notification               
00003ebc  esmGroup3Notification               
00003b0c  esmHighInterrupt                    
00001c74  esmInit                             
000021ec  esmSelfTestStatus                   
00002050  esmSetCounterPreloadValue           
00001f1c  esmSetInterruptLevel                
00001f90  esmSetInterruptLevelUpper           
00001e74  esmTriggerErrorPinReset             
00000d4c  getResetSource                      
00002cfc  gioDisableNotification              
00002c94  gioEnableNotification               
00002bfc  gioGetBit                           
00002d64  gioGetConfigValue                   
00002c24  gioGetPort                          
00002a9c  gioInit                             
00003ef4  gioNotification                     
00002b8c  gioSetBit                           
00002b6c  gioSetDirection                     
00002bdc  gioSetPort                          
00002c3c  gioToggleBit                        
00003c84  main                                
00000b7c  mapClocks                           
0000398c  memcpy                              
00000020  muxInit                             
00000ac8  periphInit                          
00004014  phantomInterrupt                    
00000000  resetEntry                          
00003f84  rtiCompare0Interrupt                
00002910  rtiDisableNotification              
000028e4  rtiEnableNotification               
00002930  rtiGetConfigValue                   
00002618  rtiGetCurrentTick                   
000025ec  rtiGetPeriod                        
00002400  rtiInit                             
00003cbc  rtiNotification                     
00002554  rtiResetCounter                     
000025c0  rtiSetPeriod                        
000024f4  rtiStartCounter                     
00002524  rtiStopCounter                      
00000a88  setupFlash                          
000009e0  setupPLL                            
00000e74  systemGetConfigValue                
00000ca8  systemInit                          
00000d1c  systemPowerDown                     
00000a40  trimLPO                             
00001410  vimChannelMap                       
0000167c  vimDisableInterrupt                 
00003650  vimECCErrorHandler                  
000014b4  vimEnableInterrupt                  
00001728  vimGetConfigValue                   
0000133c  vimInit                             


GLOBAL SYMBOLS: SORTED BY Symbol Address 

address   name                                
-------   ----                                
00000000  __TI_static_base__                  
00000000  resetEntry                          
00000020  muxInit                             
000009e0  setupPLL                            
00000a40  trimLPO                             
00000a88  setupFlash                          
00000ac8  periphInit                          
00000b7c  mapClocks                           
00000ca8  systemInit                          
00000d1c  systemPowerDown                     
00000d4c  getResetSource                      
00000e74  systemGetConfigValue                
0000133c  vimInit                             
00001410  vimChannelMap                       
000014b4  vimEnableInterrupt                  
0000167c  vimDisableInterrupt                 
00001728  vimGetConfigValue                   
00001c74  esmInit                             
00001dd0  esmError                            
00001dec  esmEnableError                      
00001e14  esmEnableErrorUpper                 
00001e30  esmDisableError                     
00001e58  esmDisableErrorUpper                
00001e74  esmTriggerErrorPinReset             
00001e84  esmActivateNormalOperation          
00001e94  esmEnableInterrupt                  
00001ebc  esmEnableInterruptUpper             
00001ed8  esmDisableInterrupt                 
00001f00  esmDisableInterruptUpper            
00001f1c  esmSetInterruptLevel                
00001f90  esmSetInterruptLevelUpper           
00001fd0  esmClearStatus                      
00002010  esmClearStatusUpper                 
00002034  esmClearStatusBuffer                
00002050  esmSetCounterPreloadValue           
00002070  esmGetStatus                        
000020f4  esmGetStatusUpper                   
0000213c  esmGetStatusBuffer                  
00002164  esmEnterSelfTest                    
000021ec  esmSelfTestStatus                   
0000223c  esmGetConfigValue                   
00002400  rtiInit                             
000024f4  rtiStartCounter                     
00002524  rtiStopCounter                      
00002554  rtiResetCounter                     
000025c0  rtiSetPeriod                        
000025ec  rtiGetPeriod                        
00002618  rtiGetCurrentTick                   
000026b0  dwdInit                             
000026dc  dwwdInit                            
00002728  dwwdGetCurrentDownCounter           
00002740  dwdCounterEnable                    
0000275c  dwdSetPreload                       
0000277c  dwdReset                            
000027a4  dwdGenerateSysReset                 
000027cc  IsdwdKeySequenceCorrect             
00002804  dwdGetStatus                        
0000283c  dwdClearFlag                        
00002858  dwdGetViolationStatus               
000028e4  rtiEnableNotification               
00002910  rtiDisableNotification              
00002930  rtiGetConfigValue                   
00002a9c  gioInit                             
00002b6c  gioSetDirection                     
00002b8c  gioSetBit                           
00002bdc  gioSetPort                          
00002bfc  gioGetBit                           
00002c24  gioGetPort                          
00002c3c  gioToggleBit                        
00002c94  gioEnableNotification               
00002cfc  gioDisableNotification              
00002d64  gioGetConfigValue                   
00002f20  _coreInitRegisters_                 
0000302c  _coreInitStackPointer_              
00003078  _getCPSRValue_                      
00003080  _gotoCPUIdle_                       
00003098  _coreEnableVfp_                     
000030b0  _coreEnableEventBusExport_          
000030c0  _coreDisableEventBusExport_         
000030d0  _coreEnableIrqVicOffset_            
000030e0  _coreGetDataFault_                  
000030e8  _coreClearDataFault_                
000030f4  _coreGetInstructionFault_           
000030fc  _coreClearInstructionFault_         
00003108  _coreGetDataFaultAddress_           
00003110  _coreClearDataFaultAddress_         
0000311c  _coreGetInstructionFaultAddress_    
00003124  _coreClearInstructionFaultAddress_  
00003130  _coreGetAuxiliaryDataFault_         
00003138  _coreClearAuxiliaryDataFault_       
00003144  _coreGetAuxiliaryInstructionFault_  
0000314c  _coreClearAuxiliaryInstructionFault_
00003158  _disable_IRQ_interrupt_             
00003160  _enable_IRQ_interrupt_              
00003168  _enable_interrupt_                  
00003170  _esmCcmErrorsClear_                 
000031f8  _memInit_                           
0000322c  _checkMemInitOn_                    
0000324c  _cacheEnable_                       
00003290  _cacheDisable_                      
000032b4  _dCacheInvalidate_                  
000032c8  _iCacheInvalidate_                  
000032dc  __TI_PINIT_Base                     
000032e0  __TI_PINIT_Limit                    
000032e4  _mpuInit_                           
0000359c  _mpuEnable_                         
000035b4  _mpuDisable_                        
000035cc  _mpuEnableBackgroundRegion_         
000035dc  _mpuDisableBackgroundRegion_        
000035ec  _mpuGetNumberOfRegions_             
000035f8  _mpuAreRegionsSeparate_             
00003604  _mpuSetRegion_                      
0000360c  _mpuGetRegion_                      
00003614  _mpuSetRegionBaseAddress_           
0000361c  _mpuGetRegionBaseAddress_           
00003624  _mpuSetRegionTypeAndPermission_     
00003630  _mpuGetRegionType_                  
0000363c  _mpuGetRegionPermission_            
00003648  _mpuSetRegionSizeRegister_          
00003650  vimECCErrorHandler                  
0000398c  __aeabi_memcpy                      
0000398c  __aeabi_memcpy4                     
0000398c  __aeabi_memcpy8                     
0000398c  memcpy                              
00003b0c  esmHighInterrupt                    
00003c84  main                                
00003cbc  rtiNotification                     
00003d50  _c_int00                            
00003e04  __TI_decompress_lzss                
00003e94  esmGroup1Notification               
00003ea8  esmGroup2Notification               
00003ebc  esmGroup3Notification               
00003ecc  dmaGroupANotification               
00003ef4  gioNotification                     
00003f08  epcCAMFullNotification              
00003f0c  epcFIFOFullNotification             
00003f1c  __TI_auto_init_nobinit_nopinit      
00003f84  rtiCompare0Interrupt                
00003fd8  __TI_zero_init_nomemset             
00003ff8  __TI_decompress_none                
0000400c  C$$EXIT                             
0000400c  abort                               
00004014  phantomInterrupt                    
00004230  __TI_Handler_Table_Base             
0000423c  __TI_Handler_Table_Limit            
00004248  __TI_CINIT_Base                     
00004258  __TI_CINIT_Limit                    
08001500  arr                                 
0800150c  count                               
ffffffff  __TI_pprof_out_hndl                 
ffffffff  __TI_prof_data_size                 
ffffffff  __TI_prof_data_start                
ffffffff  __binit__                           
ffffffff  __c_args__                          
ffffffff  binit                               
UNDEFED   SHT$$INIT_ARRAY$$Base               
UNDEFED   SHT$$INIT_ARRAY$$Limit              
UNDEFED   _system_post_cinit                  

[158 symbols]
