******************************************************************************
                  TI ARM Linker Unix v18.1.3                   
******************************************************************************
>> Linked Tue Dec 18 15:43:15 2018

OUTPUT FILE NAME:   <r5f_cap.out>
ENTRY POINT SYMBOL: "_c_int00"  address: 00009450


MEMORY CONFIGURATION

         name            origin    length      used     unused   attr    fill
----------------------  --------  ---------  --------  --------  ----  --------
  VECTORS               00000000   00000020  00000020  00000000     X
  FLASH0                00000020   001fffe0  00009f0d  001f60d3  R  X
  FLASH1                00200000   00200000  00000000  00200000  R  X
  STACKS                08000000   00001500  00000000  00001500  RW  
  RAM                   08001500   0007eb00  000000e8  0007ea18  RW  


SEGMENT ALLOCATION MAP

run origin  load origin   length   init length attrs members
----------  ----------- ---------- ----------- ----- -------
00000000    00000000    00009f01   00009f01    r-x
  00000000    00000000    00000020   00000020    r-x .intvecs
  00000020    00000020    00009bdc   00009bdc    r-x .text
  00009c00    00009c00    00000301   00000301    r-- .const
00009f20    00009f20    00000030   00000030    r--
  00009f20    00009f20    00000030   00000030    r-- .cinit
08001500    08001500    000000e8   00000000    rw-
  08001500    08001500    000000e4   00000000    rw- .bss
  080015e4    080015e4    00000004   00000000    rw- .data


SECTION ALLOCATION MAP

 output                                  attributes/
section   page    origin      length       input sections
--------  ----  ----------  ----------   ----------------
.intvecs   0    00000000    00000020     
                  00000000    00000020     HL_sys_intvecs.obj (.intvecs)

.text      0    00000020    00009bdc     
                  00000020    00002750     HL_etpwm.obj (.text)
                  00002770    00000f9c     rtsv7R4_A_be_v3D16_eabi.lib : _printfi.c.obj (.text:__TI_printfi)
                  0000370c    00000af0     HL_sci.obj (.text)
                  000041fc    000009cc     HL_pinmux.obj (.text)
                  00004bc8    0000095c     HL_system.obj (.text)
                  00005524    00000938     HL_sys_vim.obj (.text)
                  00005e5c    000008f4     HL_ecap.obj (.text)
                  00006750    0000078c     HL_esm.obj (.text)
                  00006edc    00000484     HL_gio.obj (.text)
                  00007360    00000414     HL_sys_main.obj (.text)
                  00007774    000003c4     HL_sys_core.obj (.text)
                  00007b38    0000036c     HL_sys_mpu.obj (.text)
                  00007ea4    0000033c     HL_sys_vim.obj (.text:retain)
                  000081e0    000002dc     rtsv7R4_A_be_v3D16_eabi.lib : _printfi.c.obj (.text:_pconv_a)
                  000084bc    000002b8                                 : ull_div32.asm.obj (.text)
                  00008774    00000248                                 : _printfi.c.obj (.text:_pconv_g)
                  000089bc    00000180                                 : memcpy32.asm.obj (.text)
                  00008b3c    00000178     HL_esm.obj (.text:retain)
                  00008cb4    0000015c     rtsv7R4_A_be_v3D16_eabi.lib : _printfi.c.obj (.text:_pconv_e)
                  00008e10    00000144                                 : _printfi.c.obj (.text:fcvt)
                  00008f54    0000013c                                 : s_floor.c.obj (.text:floor)
                  00009090    00000120                                 : s_scalbn.c.obj (.text:scalbn)
                  000091b0    00000115                                 : _printfi.c.obj (.text:_ltostr)
                  000092c5    00000003     --HOLE-- [fill = 0]
                  000092c8    000000c8                                 : _printfi.c.obj (.text:_mcpy)
                  00009390    000000c0     HL_notification.obj (.text)
                  00009450    000000b4     HL_sys_startup.obj (.text:retain)
                  00009504    000000b0     rtsv7R4_A_be_v3D16_eabi.lib : memset32.asm.obj (.text)
                  000095b4    00000098                                 : _printfi.c.obj (.text:_ecpy)
                  0000964c    00000090                                 : copy_decompress_lzss.c.obj (.text:decompress:lzss:__TI_decompress_lzss)
                  000096dc    0000008c                                 : s_frexp.c.obj (.text:frexp)
                  00009768    00000084                                 : atoi.c.obj (.text:atoi)
                  000097ec    00000080                                 : ltoa.c.obj (.text:ltoa)
                  0000986c    00000074                                 : _printfi.c.obj (.text:_pconv_f)
                  000098e0    00000068                                 : autoinit.c.obj (.text:__TI_auto_init_nobinit_nopinit:__TI_auto_init_nobinit_nopinit)
                  00009948    00000064                                 : _printfi.c.obj (.text:_fcpy)
                  000099ac    00000064                                 : sprintf.c.obj (.text:sprintf)
                  00009a10    00000054                                 : i_div32.asm.obj (.text)
                  00009a64    00000050                                 : u_div32.asm.obj (.text)
                  00009ab4    00000030                                 : sprintf.c.obj (.text:_outs)
                  00009ae4    0000002c                                 : memccpy.c.obj (.text:memccpy)
                  00009b10    00000028                                 : strchr.c.obj (.text:strchr)
                  00009b38    00000024                                 : wcslen.c.obj (.text:wcslen)
                  00009b5c    00000020                                 : copy_zero_init.c.obj (.text:decompress:ZI:__TI_zero_init_nomemset:__TI_zero_init_nomemset)
                  00009b7c    00000020                                 : strlen.c.obj (.text:strlen)
                  00009b9c    0000001c                                 : s_copysign.c.obj (.text:copysign)
                  00009bb8    00000014                                 : sprintf.c.obj (.text:_outc)
                  00009bcc    00000014                                 : copy_decompress_none.c.obj (.text:decompress:none:__TI_decompress_none)
                  00009be0    0000000c                                 : errno.c.obj (.text:__aeabi_errno_addr)
                  00009bec    00000008                                 : exit.c.obj (.text:abort:abort)
                  00009bf4    00000004     HL_sys_phantom.obj (.text:retain)
                  00009bf8    00000004     rtsv7R4_A_be_v3D16_eabi.lib : div0.asm.obj (.text)

.const     0    00009c00    00000301     
                  00009c00    00000200     HL_sys_vim.obj (.const:s_vim_init)
                  00009e00    00000101     rtsv7R4_A_be_v3D16_eabi.lib : ctype.c.obj (.const:.string:_ctypes_)

.cinit     0    00009f20    00000030     
                  00009f20    0000000c     (__TI_handler_table)
                  00009f2c    00000004     --HOLE-- [fill = 0]
                  00009f30    00000008     (.cinit..bss.load) [load image, compression = zero_init]
                  00009f38    00000007     (.cinit..data.load) [load image, compression = lzss]
                  00009f3f    00000001     --HOLE-- [fill = 0]
                  00009f40    00000010     (__TI_cinit_table)

.bss       0    08001500    000000e4     UNINITIALIZED
                  08001500    00000080     (.common:buf)
                  08001580    00000050     HL_sci.obj (.bss:g_sciTransfer_t)
                  080015d0    00000004     (.common:aileron)
                  080015d4    00000004     (.common:buf_len)
                  080015d8    00000004     (.common:elevator)
                  080015dc    00000004     (.common:rudder)
                  080015e0    00000004     (.common:throttle)

.data      0    080015e4    00000004     UNINITIALIZED
                  080015e4    00000004     rtsv7R4_A_be_v3D16_eabi.lib : errno.c.obj (.data)

MODULE SUMMARY

       Module                       code    ro data   rw data
       ------                       ----    -------   -------
    ./source/
       HL_etpwm.obj                 10064   0         0      
       HL_sys_vim.obj               3188    512       0      
       HL_sci.obj                   2800    0         80     
       HL_pinmux.obj                2508    0         0      
       HL_system.obj                2396    0         0      
       HL_esm.obj                   2308    0         0      
       HL_ecap.obj                  2292    0         0      
       HL_sys_main.obj              1044    0         148    
       HL_gio.obj                   1156    0         0      
       HL_sys_core.obj              964     0         0      
       HL_sys_mpu.obj               876     0         0      
       HL_notification.obj          192     0         0      
       HL_sys_startup.obj           180     0         0      
       HL_sys_intvecs.obj           32      0         0      
       HL_sys_phantom.obj           4       0         0      
    +--+----------------------------+-------+---------+---------+
       Total:                       30004   512       228    
                                                             
    /home/kiott01a/ti/ccsv8/tools/compiler/ti-cgt-arm_18.1.3.LTS/lib/rtsv7R4_A_be_v3D16_eabi.lib
       _printfi.c.obj               6829    0         0      
       ull_div32.asm.obj            696     0         0      
       memcpy32.asm.obj             384     0         0      
       s_floor.c.obj                316     0         0      
       s_scalbn.c.obj               288     0         0      
       ctype.c.obj                  0       257       0      
       memset32.asm.obj             176     0         0      
       sprintf.c.obj                168     0         0      
       copy_decompress_lzss.c.obj   144     0         0      
       s_frexp.c.obj                140     0         0      
       atoi.c.obj                   132     0         0      
       ltoa.c.obj                   128     0         0      
       autoinit.c.obj               104     0         0      
       i_div32.asm.obj              84      0         0      
       u_div32.asm.obj              80      0         0      
       memccpy.c.obj                44      0         0      
       strchr.c.obj                 40      0         0      
       wcslen.c.obj                 36      0         0      
       copy_zero_init.c.obj         32      0         0      
       strlen.c.obj                 32      0         0      
       s_copysign.c.obj             28      0         0      
       copy_decompress_none.c.obj   20      0         0      
       errno.c.obj                  12      0         4      
       exit.c.obj                   8       0         0      
       div0.asm.obj                 4       0         0      
    +--+----------------------------+-------+---------+---------+
       Total:                       9925    257       4      
                                                             
       Linker Generated:            0       43        0      
    +--+----------------------------+-------+---------+---------+
       Grand Total:                 39929   812       232    


LINKER GENERATED COPY TABLES

__TI_cinit_table @ 00009f40 records: 2, size/record: 8, table size: 16
	.bss: load addr=00009f30, load size=00000008 bytes, run addr=08001500, run size=000000e4 bytes, compression=zero_init
	.data: load addr=00009f38, load size=00000007 bytes, run addr=080015e4, run size=00000004 bytes, compression=lzss


LINKER GENERATED HANDLER TABLE

__TI_handler_table @ 00009f20 records: 3, size/record: 4, table size: 12
	index: 0, handler: __TI_zero_init
	index: 1, handler: __TI_decompress_lzss
	index: 2, handler: __TI_decompress_none


GLOBAL SYMBOLS: SORTED ALPHABETICALLY BY Name 

address   name                                
-------   ----                                
00009bec  C$$EXIT                             
UNDEFED   SHT$$INIT_ARRAY$$Base               
UNDEFED   SHT$$INIT_ARRAY$$Limit              
00009f40  __TI_CINIT_Base                     
00009f50  __TI_CINIT_Limit                    
00009f20  __TI_Handler_Table_Base             
00009f2c  __TI_Handler_Table_Limit            
00007b30  __TI_PINIT_Base                     
00007b34  __TI_PINIT_Limit                    
000098e0  __TI_auto_init_nobinit_nopinit      
0000964c  __TI_decompress_lzss                
00009bcc  __TI_decompress_none                
ffffffff  __TI_pprof_out_hndl                 
00002770  __TI_printfi                        
ffffffff  __TI_prof_data_size                 
ffffffff  __TI_prof_data_start                
00000000  __TI_static_base__                  
00009b5c  __TI_zero_init_nomemset             
00009be0  __aeabi_errno_addr                  
00009a10  __aeabi_idiv                        
00009bf8  __aeabi_idiv0                       
00009a10  __aeabi_idivmod                     
00009bf8  __aeabi_ldiv0                       
00009504  __aeabi_memclr                      
00009504  __aeabi_memclr4                     
00009504  __aeabi_memclr8                     
000089bc  __aeabi_memcpy                      
000089bc  __aeabi_memcpy4                     
000089bc  __aeabi_memcpy8                     
00009508  __aeabi_memset                      
00009508  __aeabi_memset4                     
00009508  __aeabi_memset8                     
00009a64  __aeabi_uidiv                       
00009a64  __aeabi_uidivmod                    
000084bc  __aeabi_uldivmod                    
ffffffff  __binit__                           
ffffffff  __c_args__                          
00009450  _c_int00                            
00007ae4  _cacheDisable_                      
00007aa0  _cacheEnable_                       
00007a80  _checkMemInitOn_                    
0000798c  _coreClearAuxiliaryDataFault_       
000079a0  _coreClearAuxiliaryInstructionFault_
00007964  _coreClearDataFaultAddress_         
0000793c  _coreClearDataFault_                
00007978  _coreClearInstructionFaultAddress_  
00007950  _coreClearInstructionFault_         
00007914  _coreDisableEventBusExport_         
00007904  _coreEnableEventBusExport_          
00007924  _coreEnableIrqVicOffset_            
000078ec  _coreEnableVfp_                     
00007984  _coreGetAuxiliaryDataFault_         
00007998  _coreGetAuxiliaryInstructionFault_  
0000795c  _coreGetDataFaultAddress_           
00007934  _coreGetDataFault_                  
00007970  _coreGetInstructionFaultAddress_    
00007948  _coreGetInstructionFault_           
00007774  _coreInitRegisters_                 
00007880  _coreInitStackPointer_              
00009e00  _ctypes_                            
00007b08  _dCacheInvalidate_                  
000079ac  _disable_IRQ_interrupt_             
000079b4  _enable_IRQ_interrupt_              
000079bc  _enable_interrupt_                  
000079c4  _esmCcmErrorsClear_                 
000078cc  _getCPSRValue_                      
000078d4  _gotoCPUIdle_                       
00007b1c  _iCacheInvalidate_                  
00007a4c  _memInit_                           
00007e4c  _mpuAreRegionsSeparate_             
00007e30  _mpuDisableBackgroundRegion_        
00007e08  _mpuDisable_                        
00007e20  _mpuEnableBackgroundRegion_         
00007df0  _mpuEnable_                         
00007e40  _mpuGetNumberOfRegions_             
00007e70  _mpuGetRegionBaseAddress_           
00007e90  _mpuGetRegionPermission_            
00007e84  _mpuGetRegionType_                  
00007e60  _mpuGetRegion_                      
00007b38  _mpuInit_                           
00007e68  _mpuSetRegionBaseAddress_           
00007e9c  _mpuSetRegionSizeRegister_          
00007e78  _mpuSetRegionTypeAndPermission_     
00007e58  _mpuSetRegion_                      
UNDEFED   _system_post_cinit                  
00009bec  abort                               
080015d0  aileron                             
00009768  atoi                                
ffffffff  binit                               
08001500  buf                                 
080015d4  buf_len                             
00009b9c  copysign                            
00009b9c  copysignl                           
000093c8  dmaGroupANotification               
00006378  ecap1GetConfigValue                 
0000640c  ecap2GetConfigValue                 
000064a0  ecap3GetConfigValue                 
00006534  ecap4GetConfigValue                 
000065c8  ecap5GetConfigValue                 
0000665c  ecap6GetConfigValue                 
000062f8  ecapClearFlag                       
00006258  ecapDisableAPWMMode                 
00006148  ecapDisableCapture                  
00005f40  ecapDisableCounterLoadOnSync        
000062a4  ecapDisableInterrupt                
000061ec  ecapEnableAPWMmode                  
00006128  ecapEnableCapture                   
00005f10  ecapEnableCounterLoadOnSync         
0000627c  ecapEnableInterrupt                 
00006318  ecapGetCAP1                         
00006330  ecapGetCAP2                         
00006348  ecapGetCAP3                         
00006360  ecapGetCAP4                         
000062d4  ecapGetEventStatus                  
00005e5c  ecapInit                            
000074f0  ecapNotification                    
00005fa0  ecapSetCaptureEvent1                
00005fec  ecapSetCaptureEvent2                
0000603c  ecapSetCaptureEvent3                
0000608c  ecapSetCaptureEvent4                
000060dc  ecapSetCaptureMode                  
00005ef0  ecapSetCounter                      
00005f64  ecapSetEventPrescaler               
000061b0  ecapSetSyncOut                      
0000616c  ecapStartCounter                    
0000618c  ecapStopCounter                     
080015d8  elevator                            
0000943c  epcCAMFullNotification              
00009440  epcFIFOFullNotification             
080015e4  errno                               
00006960  esmActivateNormalOperation          
00006aac  esmClearStatus                      
00006b10  esmClearStatusBuffer                
00006aec  esmClearStatusUpper                 
0000690c  esmDisableError                     
00006934  esmDisableErrorUpper                
000069b4  esmDisableInterrupt                 
000069dc  esmDisableInterruptUpper            
000068c8  esmEnableError                      
000068f0  esmEnableErrorUpper                 
00006970  esmEnableInterrupt                  
00006998  esmEnableInterruptUpper             
00006c40  esmEnterSelfTest                    
000068ac  esmError                            
00006d18  esmGetConfigValue                   
00006b4c  esmGetStatus                        
00006c18  esmGetStatusBuffer                  
00006bd0  esmGetStatusUpper                   
00009390  esmGroup1Notification               
000093a4  esmGroup2Notification               
000093b8  esmGroup3Notification               
00008b3c  esmHighInterrupt                    
00006750  esmInit                             
00006cc8  esmSelfTestStatus                   
00006b2c  esmSetCounterPreloadValue           
000069f8  esmSetInterruptLevel                
00006a6c  esmSetInterruptLevelUpper           
00006950  esmTriggerErrorPinReset             
00001134  etpwm1GetConfigValue                
000014c4  etpwm2GetConfigValue                
000017a4  etpwm3GetConfigValue                
00001a84  etpwm4GetConfigValue                
00001d64  etpwm5GetConfigValue                
0000204c  etpwm6GetConfigValue                
00002354  etpwm7GetConfigValue                
00000f7c  etpwmClearEventFlag                 
00000d4c  etpwmClearTripCondition             
00000d6c  etpwmClearTripInterruptFlag         
00000c10  etpwmDisableChopping                
000009dc  etpwmDisableCmpAShadowMode          
00000a3c  etpwmDisableCmpBShadowMode          
0000086c  etpwmDisableCounterLoadOnSync       
00000b90  etpwmDisableDeadband                
00000f40  etpwmDisableInterrupt               
00000e1c  etpwmDisableSOCA                    
00000eb4  etpwmDisableSOCB                    
000007d8  etpwmDisableTimebasePeriodShadowMode
00000d1c  etpwmDisableTripInterrupt           
00000c54  etpwmDisableTripZoneSources         
00000bdc  etpwmEnableChopping                 
000009a0  etpwmEnableCmpAShadowMode           
000009fc  etpwmEnableCmpBShadowMode           
0000081c  etpwmEnableCounterLoadOnSync        
00000b3c  etpwmEnableDeadBand                 
00000fc8  etpwmEnableDigitalCompareEvents     
00000ed4  etpwmEnableInterrupt                
00000da8  etpwmEnableSOCA                     
00000e40  etpwmEnableSOCB                     
000007f8  etpwmEnableTimebasePeriodShadowMode 
00000cf4  etpwmEnableTripInterrupt            
00000c2c  etpwmEnableTripZoneSources          
00000d88  etpwmForceTripEvent                 
00000f64  etpwmGetEventStatus                 
00000020  etpwmInit                           
00009404  etpwmNotification                   
00000a5c  etpwmSetActionQualPwmA              
00000acc  etpwmSetActionQualPwmB              
00000750  etpwmSetClkDiv                      
00000960  etpwmSetCmpA                        
00000980  etpwmSetCmpB                        
000007b8  etpwmSetCount                       
000008cc  etpwmSetCounterMode                 
00000bac  etpwmSetDeadBandDelay               
00000928  etpwmSetRunMode                     
00000890  etpwmSetSyncOut                     
00000798  etpwmSetTimebasePeriod              
00000c84  etpwmSetTripAction                  
000006bc  etpwmStartTBCLK                     
00000708  etpwmStopTBCLK                      
00000f9c  etpwmTriggerEvent                   
00000908  etpwmTriggerSWSync                  
00009414  etpwmTripNotification               
00008f54  floor                               
00008f54  floorl                              
000096dc  frexp                               
000096dc  frexpl                              
00004f34  getResetSource                      
0000713c  gioDisableNotification              
000070d4  gioEnableNotification               
0000703c  gioGetBit                           
000071a4  gioGetConfigValue                   
00007064  gioGetPort                          
00006edc  gioInit                             
000093dc  gioNotification                     
00006fcc  gioSetBit                           
00006fac  gioSetDirection                     
0000701c  gioSetPort                          
0000707c  gioToggleBit                        
00009090  ldexp                               
00009090  ldexpl                              
000097ec  ltoa                                
00007404  main                                
00004d64  mapClocks                           
00009ae4  memccpy                             
000089bc  memcpy                              
00009514  memset                              
000041fc  muxInit                             
00004cb0  periphInit                          
00009bf4  phantomInterrupt                    
00000000  resetEntry                          
080015dc  rudder                              
00009090  scalbn                              
00009090  scalbnl                             
00003eb0  sci1GetConfigValue                  
00004008  sci2GetConfigValue                  
00003d24  sciDisableLoopback                  
00003dd8  sciDisableNotification              
00003cf0  sciEnableLoopback                   
00003d40  sciEnableNotification               
00003e70  sciEnterResetState                  
00003e90  sciExitResetState                   
0000370c  sciInit                             
00003b68  sciIsIdleDetected                   
00003b4c  sciIsRxReady                        
0000399c  sciIsTxReady                        
000093f0  sciNotification                     
00003be0  sciReceive                          
00003bb4  sciReceiveByte                      
00003b84  sciRxError                          
000039e8  sciSend                             
000039b8  sciSendByte                         
00003900  sciSetBaudrate                      
000038e0  sciSetFunctional                    
000073a4  sci_display                         
00004c70  setupFlash                          
00004bc8  setupPLL                            
000099ac  sprintf                             
00009b10  strchr                              
00009b7c  strlen                              
0000505c  systemGetConfigValue                
00004e90  systemInit                          
00004f04  systemPowerDown                     
080015e0  throttle                            
00004c28  trimLPO                             
000055f8  vimChannelMap                       
00005864  vimDisableInterrupt                 
00007ea4  vimECCErrorHandler                  
0000569c  vimEnableInterrupt                  
00005910  vimGetConfigValue                   
00005524  vimInit                             
00007360  wait                                
00009b38  wcslen                              


GLOBAL SYMBOLS: SORTED BY Symbol Address 

address   name                                
-------   ----                                
00000000  __TI_static_base__                  
00000000  resetEntry                          
00000020  etpwmInit                           
000006bc  etpwmStartTBCLK                     
00000708  etpwmStopTBCLK                      
00000750  etpwmSetClkDiv                      
00000798  etpwmSetTimebasePeriod              
000007b8  etpwmSetCount                       
000007d8  etpwmDisableTimebasePeriodShadowMode
000007f8  etpwmEnableTimebasePeriodShadowMode 
0000081c  etpwmEnableCounterLoadOnSync        
0000086c  etpwmDisableCounterLoadOnSync       
00000890  etpwmSetSyncOut                     
000008cc  etpwmSetCounterMode                 
00000908  etpwmTriggerSWSync                  
00000928  etpwmSetRunMode                     
00000960  etpwmSetCmpA                        
00000980  etpwmSetCmpB                        
000009a0  etpwmEnableCmpAShadowMode           
000009dc  etpwmDisableCmpAShadowMode          
000009fc  etpwmEnableCmpBShadowMode           
00000a3c  etpwmDisableCmpBShadowMode          
00000a5c  etpwmSetActionQualPwmA              
00000acc  etpwmSetActionQualPwmB              
00000b3c  etpwmEnableDeadBand                 
00000b90  etpwmDisableDeadband                
00000bac  etpwmSetDeadBandDelay               
00000bdc  etpwmEnableChopping                 
00000c10  etpwmDisableChopping                
00000c2c  etpwmEnableTripZoneSources          
00000c54  etpwmDisableTripZoneSources         
00000c84  etpwmSetTripAction                  
00000cf4  etpwmEnableTripInterrupt            
00000d1c  etpwmDisableTripInterrupt           
00000d4c  etpwmClearTripCondition             
00000d6c  etpwmClearTripInterruptFlag         
00000d88  etpwmForceTripEvent                 
00000da8  etpwmEnableSOCA                     
00000e1c  etpwmDisableSOCA                    
00000e40  etpwmEnableSOCB                     
00000eb4  etpwmDisableSOCB                    
00000ed4  etpwmEnableInterrupt                
00000f40  etpwmDisableInterrupt               
00000f64  etpwmGetEventStatus                 
00000f7c  etpwmClearEventFlag                 
00000f9c  etpwmTriggerEvent                   
00000fc8  etpwmEnableDigitalCompareEvents     
00001134  etpwm1GetConfigValue                
000014c4  etpwm2GetConfigValue                
000017a4  etpwm3GetConfigValue                
00001a84  etpwm4GetConfigValue                
00001d64  etpwm5GetConfigValue                
0000204c  etpwm6GetConfigValue                
00002354  etpwm7GetConfigValue                
00002770  __TI_printfi                        
0000370c  sciInit                             
000038e0  sciSetFunctional                    
00003900  sciSetBaudrate                      
0000399c  sciIsTxReady                        
000039b8  sciSendByte                         
000039e8  sciSend                             
00003b4c  sciIsRxReady                        
00003b68  sciIsIdleDetected                   
00003b84  sciRxError                          
00003bb4  sciReceiveByte                      
00003be0  sciReceive                          
00003cf0  sciEnableLoopback                   
00003d24  sciDisableLoopback                  
00003d40  sciEnableNotification               
00003dd8  sciDisableNotification              
00003e70  sciEnterResetState                  
00003e90  sciExitResetState                   
00003eb0  sci1GetConfigValue                  
00004008  sci2GetConfigValue                  
000041fc  muxInit                             
00004bc8  setupPLL                            
00004c28  trimLPO                             
00004c70  setupFlash                          
00004cb0  periphInit                          
00004d64  mapClocks                           
00004e90  systemInit                          
00004f04  systemPowerDown                     
00004f34  getResetSource                      
0000505c  systemGetConfigValue                
00005524  vimInit                             
000055f8  vimChannelMap                       
0000569c  vimEnableInterrupt                  
00005864  vimDisableInterrupt                 
00005910  vimGetConfigValue                   
00005e5c  ecapInit                            
00005ef0  ecapSetCounter                      
00005f10  ecapEnableCounterLoadOnSync         
00005f40  ecapDisableCounterLoadOnSync        
00005f64  ecapSetEventPrescaler               
00005fa0  ecapSetCaptureEvent1                
00005fec  ecapSetCaptureEvent2                
0000603c  ecapSetCaptureEvent3                
0000608c  ecapSetCaptureEvent4                
000060dc  ecapSetCaptureMode                  
00006128  ecapEnableCapture                   
00006148  ecapDisableCapture                  
0000616c  ecapStartCounter                    
0000618c  ecapStopCounter                     
000061b0  ecapSetSyncOut                      
000061ec  ecapEnableAPWMmode                  
00006258  ecapDisableAPWMMode                 
0000627c  ecapEnableInterrupt                 
000062a4  ecapDisableInterrupt                
000062d4  ecapGetEventStatus                  
000062f8  ecapClearFlag                       
00006318  ecapGetCAP1                         
00006330  ecapGetCAP2                         
00006348  ecapGetCAP3                         
00006360  ecapGetCAP4                         
00006378  ecap1GetConfigValue                 
0000640c  ecap2GetConfigValue                 
000064a0  ecap3GetConfigValue                 
00006534  ecap4GetConfigValue                 
000065c8  ecap5GetConfigValue                 
0000665c  ecap6GetConfigValue                 
00006750  esmInit                             
000068ac  esmError                            
000068c8  esmEnableError                      
000068f0  esmEnableErrorUpper                 
0000690c  esmDisableError                     
00006934  esmDisableErrorUpper                
00006950  esmTriggerErrorPinReset             
00006960  esmActivateNormalOperation          
00006970  esmEnableInterrupt                  
00006998  esmEnableInterruptUpper             
000069b4  esmDisableInterrupt                 
000069dc  esmDisableInterruptUpper            
000069f8  esmSetInterruptLevel                
00006a6c  esmSetInterruptLevelUpper           
00006aac  esmClearStatus                      
00006aec  esmClearStatusUpper                 
00006b10  esmClearStatusBuffer                
00006b2c  esmSetCounterPreloadValue           
00006b4c  esmGetStatus                        
00006bd0  esmGetStatusUpper                   
00006c18  esmGetStatusBuffer                  
00006c40  esmEnterSelfTest                    
00006cc8  esmSelfTestStatus                   
00006d18  esmGetConfigValue                   
00006edc  gioInit                             
00006fac  gioSetDirection                     
00006fcc  gioSetBit                           
0000701c  gioSetPort                          
0000703c  gioGetBit                           
00007064  gioGetPort                          
0000707c  gioToggleBit                        
000070d4  gioEnableNotification               
0000713c  gioDisableNotification              
000071a4  gioGetConfigValue                   
00007360  wait                                
000073a4  sci_display                         
00007404  main                                
000074f0  ecapNotification                    
00007774  _coreInitRegisters_                 
00007880  _coreInitStackPointer_              
000078cc  _getCPSRValue_                      
000078d4  _gotoCPUIdle_                       
000078ec  _coreEnableVfp_                     
00007904  _coreEnableEventBusExport_          
00007914  _coreDisableEventBusExport_         
00007924  _coreEnableIrqVicOffset_            
00007934  _coreGetDataFault_                  
0000793c  _coreClearDataFault_                
00007948  _coreGetInstructionFault_           
00007950  _coreClearInstructionFault_         
0000795c  _coreGetDataFaultAddress_           
00007964  _coreClearDataFaultAddress_         
00007970  _coreGetInstructionFaultAddress_    
00007978  _coreClearInstructionFaultAddress_  
00007984  _coreGetAuxiliaryDataFault_         
0000798c  _coreClearAuxiliaryDataFault_       
00007998  _coreGetAuxiliaryInstructionFault_  
000079a0  _coreClearAuxiliaryInstructionFault_
000079ac  _disable_IRQ_interrupt_             
000079b4  _enable_IRQ_interrupt_              
000079bc  _enable_interrupt_                  
000079c4  _esmCcmErrorsClear_                 
00007a4c  _memInit_                           
00007a80  _checkMemInitOn_                    
00007aa0  _cacheEnable_                       
00007ae4  _cacheDisable_                      
00007b08  _dCacheInvalidate_                  
00007b1c  _iCacheInvalidate_                  
00007b30  __TI_PINIT_Base                     
00007b34  __TI_PINIT_Limit                    
00007b38  _mpuInit_                           
00007df0  _mpuEnable_                         
00007e08  _mpuDisable_                        
00007e20  _mpuEnableBackgroundRegion_         
00007e30  _mpuDisableBackgroundRegion_        
00007e40  _mpuGetNumberOfRegions_             
00007e4c  _mpuAreRegionsSeparate_             
00007e58  _mpuSetRegion_                      
00007e60  _mpuGetRegion_                      
00007e68  _mpuSetRegionBaseAddress_           
00007e70  _mpuGetRegionBaseAddress_           
00007e78  _mpuSetRegionTypeAndPermission_     
00007e84  _mpuGetRegionType_                  
00007e90  _mpuGetRegionPermission_            
00007e9c  _mpuSetRegionSizeRegister_          
00007ea4  vimECCErrorHandler                  
000084bc  __aeabi_uldivmod                    
000089bc  __aeabi_memcpy                      
000089bc  __aeabi_memcpy4                     
000089bc  __aeabi_memcpy8                     
000089bc  memcpy                              
00008b3c  esmHighInterrupt                    
00008f54  floor                               
00008f54  floorl                              
00009090  ldexp                               
00009090  ldexpl                              
00009090  scalbn                              
00009090  scalbnl                             
00009390  esmGroup1Notification               
000093a4  esmGroup2Notification               
000093b8  esmGroup3Notification               
000093c8  dmaGroupANotification               
000093dc  gioNotification                     
000093f0  sciNotification                     
00009404  etpwmNotification                   
00009414  etpwmTripNotification               
0000943c  epcCAMFullNotification              
00009440  epcFIFOFullNotification             
00009450  _c_int00                            
00009504  __aeabi_memclr                      
00009504  __aeabi_memclr4                     
00009504  __aeabi_memclr8                     
00009508  __aeabi_memset                      
00009508  __aeabi_memset4                     
00009508  __aeabi_memset8                     
00009514  memset                              
0000964c  __TI_decompress_lzss                
000096dc  frexp                               
000096dc  frexpl                              
00009768  atoi                                
000097ec  ltoa                                
000098e0  __TI_auto_init_nobinit_nopinit      
000099ac  sprintf                             
00009a10  __aeabi_idiv                        
00009a10  __aeabi_idivmod                     
00009a64  __aeabi_uidiv                       
00009a64  __aeabi_uidivmod                    
00009ae4  memccpy                             
00009b10  strchr                              
00009b38  wcslen                              
00009b5c  __TI_zero_init_nomemset             
00009b7c  strlen                              
00009b9c  copysign                            
00009b9c  copysignl                           
00009bcc  __TI_decompress_none                
00009be0  __aeabi_errno_addr                  
00009bec  C$$EXIT                             
00009bec  abort                               
00009bf4  phantomInterrupt                    
00009bf8  __aeabi_idiv0                       
00009bf8  __aeabi_ldiv0                       
00009e00  _ctypes_                            
00009f20  __TI_Handler_Table_Base             
00009f2c  __TI_Handler_Table_Limit            
00009f40  __TI_CINIT_Base                     
00009f50  __TI_CINIT_Limit                    
08001500  buf                                 
080015d0  aileron                             
080015d4  buf_len                             
080015d8  elevator                            
080015dc  rudder                              
080015e0  throttle                            
080015e4  errno                               
ffffffff  __TI_pprof_out_hndl                 
ffffffff  __TI_prof_data_size                 
ffffffff  __TI_prof_data_start                
ffffffff  __binit__                           
ffffffff  __c_args__                          
ffffffff  binit                               
UNDEFED   SHT$$INIT_ARRAY$$Base               
UNDEFED   SHT$$INIT_ARRAY$$Limit              
UNDEFED   _system_post_cinit                  

[282 symbols]
