<?xml version="1.0" encoding="ISO-8859-1" ?>
<link_info>
   <banner>TI ARM Linker Unix v18.1.3.LTS</banner>
   <copyright>Copyright (c) 1996-2017 Texas Instruments Incorporated</copyright>
   <link_time>0x5c1ae8a3</link_time>
   <link_errors>0x0</link_errors>
   <output_file>r5f_can_and_bldc.out</output_file>
   <entry_point>
      <name>_c_int00</name>
      <address>0x9cd0</address>
   </entry_point>
   <input_file_list>
      <input_file id="fl-2">
         <path>./source/</path>
         <kind>object</kind>
         <file>HL_can.obj</file>
         <name>HL_can.obj</name>
      </input_file>
      <input_file id="fl-3">
         <path>./source/</path>
         <kind>object</kind>
         <file>HL_epc.obj</file>
         <name>HL_epc.obj</name>
      </input_file>
      <input_file id="fl-4">
         <path>./source/</path>
         <kind>object</kind>
         <file>HL_errata.obj</file>
         <name>HL_errata.obj</name>
      </input_file>
      <input_file id="fl-5">
         <path>./source/</path>
         <kind>object</kind>
         <file>HL_esm.obj</file>
         <name>HL_esm.obj</name>
      </input_file>
      <input_file id="fl-6">
         <path>./source/</path>
         <kind>object</kind>
         <file>HL_etpwm.obj</file>
         <name>HL_etpwm.obj</name>
      </input_file>
      <input_file id="fl-7">
         <path>./source/</path>
         <kind>object</kind>
         <file>HL_gio.obj</file>
         <name>HL_gio.obj</name>
      </input_file>
      <input_file id="fl-8">
         <path>./source/</path>
         <kind>object</kind>
         <file>HL_nmpu.obj</file>
         <name>HL_nmpu.obj</name>
      </input_file>
      <input_file id="fl-9">
         <path>./source/</path>
         <kind>object</kind>
         <file>HL_notification.obj</file>
         <name>HL_notification.obj</name>
      </input_file>
      <input_file id="fl-a">
         <path>./source/</path>
         <kind>object</kind>
         <file>HL_pinmux.obj</file>
         <name>HL_pinmux.obj</name>
      </input_file>
      <input_file id="fl-b">
         <path>./source/</path>
         <kind>object</kind>
         <file>HL_sci.obj</file>
         <name>HL_sci.obj</name>
      </input_file>
      <input_file id="fl-c">
         <path>./source/</path>
         <kind>object</kind>
         <file>HL_sys_core.obj</file>
         <name>HL_sys_core.obj</name>
      </input_file>
      <input_file id="fl-d">
         <path>./source/</path>
         <kind>object</kind>
         <file>HL_sys_dma.obj</file>
         <name>HL_sys_dma.obj</name>
      </input_file>
      <input_file id="fl-e">
         <path>./source/</path>
         <kind>object</kind>
         <file>HL_sys_intvecs.obj</file>
         <name>HL_sys_intvecs.obj</name>
      </input_file>
      <input_file id="fl-f">
         <path>./source/</path>
         <kind>object</kind>
         <file>HL_sys_main.obj</file>
         <name>HL_sys_main.obj</name>
      </input_file>
      <input_file id="fl-10">
         <path>./source/</path>
         <kind>object</kind>
         <file>HL_sys_mpu.obj</file>
         <name>HL_sys_mpu.obj</name>
      </input_file>
      <input_file id="fl-11">
         <path>./source/</path>
         <kind>object</kind>
         <file>HL_sys_pcr.obj</file>
         <name>HL_sys_pcr.obj</name>
      </input_file>
      <input_file id="fl-12">
         <path>./source/</path>
         <kind>object</kind>
         <file>HL_sys_phantom.obj</file>
         <name>HL_sys_phantom.obj</name>
      </input_file>
      <input_file id="fl-13">
         <path>./source/</path>
         <kind>object</kind>
         <file>HL_sys_pmm.obj</file>
         <name>HL_sys_pmm.obj</name>
      </input_file>
      <input_file id="fl-14">
         <path>./source/</path>
         <kind>object</kind>
         <file>HL_sys_pmu.obj</file>
         <name>HL_sys_pmu.obj</name>
      </input_file>
      <input_file id="fl-15">
         <path>./source/</path>
         <kind>object</kind>
         <file>HL_sys_startup.obj</file>
         <name>HL_sys_startup.obj</name>
      </input_file>
      <input_file id="fl-16">
         <path>./source/</path>
         <kind>object</kind>
         <file>HL_sys_vim.obj</file>
         <name>HL_sys_vim.obj</name>
      </input_file>
      <input_file id="fl-17">
         <path>./source/</path>
         <kind>object</kind>
         <file>HL_system.obj</file>
         <name>HL_system.obj</name>
      </input_file>
      <input_file id="fl-1b">
         <kind>object</kind>
         <file>&lt;internal&gt;</file>
         <name>&lt;internal&gt;</name>
      </input_file>
      <input_file id="fl-d1">
         <path>/home/kiott01a/ti/ccsv8/tools/compiler/ti-cgt-arm_18.1.3.LTS/lib/</path>
         <kind>archive</kind>
         <file>rtsv7R4_A_be_v3D16_eabi.lib</file>
         <name>e_pow.c.obj</name>
      </input_file>
      <input_file id="fl-d2">
         <path>/home/kiott01a/ti/ccsv8/tools/compiler/ti-cgt-arm_18.1.3.LTS/lib/</path>
         <kind>archive</kind>
         <file>rtsv7R4_A_be_v3D16_eabi.lib</file>
         <name>e_sqrt.c.obj</name>
      </input_file>
      <input_file id="fl-d3">
         <path>/home/kiott01a/ti/ccsv8/tools/compiler/ti-cgt-arm_18.1.3.LTS/lib/</path>
         <kind>archive</kind>
         <file>rtsv7R4_A_be_v3D16_eabi.lib</file>
         <name>s_floor.c.obj</name>
      </input_file>
      <input_file id="fl-d4">
         <path>/home/kiott01a/ti/ccsv8/tools/compiler/ti-cgt-arm_18.1.3.LTS/lib/</path>
         <kind>archive</kind>
         <file>rtsv7R4_A_be_v3D16_eabi.lib</file>
         <name>s_scalbn.c.obj</name>
      </input_file>
      <input_file id="fl-d5">
         <path>/home/kiott01a/ti/ccsv8/tools/compiler/ti-cgt-arm_18.1.3.LTS/lib/</path>
         <kind>archive</kind>
         <file>rtsv7R4_A_be_v3D16_eabi.lib</file>
         <name>memset32.asm.obj</name>
      </input_file>
      <input_file id="fl-d6">
         <path>/home/kiott01a/ti/ccsv8/tools/compiler/ti-cgt-arm_18.1.3.LTS/lib/</path>
         <kind>archive</kind>
         <file>rtsv7R4_A_be_v3D16_eabi.lib</file>
         <name>autoinit.c.obj</name>
      </input_file>
      <input_file id="fl-d7">
         <path>/home/kiott01a/ti/ccsv8/tools/compiler/ti-cgt-arm_18.1.3.LTS/lib/</path>
         <kind>archive</kind>
         <file>rtsv7R4_A_be_v3D16_eabi.lib</file>
         <name>cpy_tbl.c.obj</name>
      </input_file>
      <input_file id="fl-d8">
         <path>/home/kiott01a/ti/ccsv8/tools/compiler/ti-cgt-arm_18.1.3.LTS/lib/</path>
         <kind>archive</kind>
         <file>rtsv7R4_A_be_v3D16_eabi.lib</file>
         <name>copy_zero_init.c.obj</name>
      </input_file>
      <input_file id="fl-d9">
         <path>/home/kiott01a/ti/ccsv8/tools/compiler/ti-cgt-arm_18.1.3.LTS/lib/</path>
         <kind>archive</kind>
         <file>rtsv7R4_A_be_v3D16_eabi.lib</file>
         <name>copy_decompress_none.c.obj</name>
      </input_file>
      <input_file id="fl-da">
         <path>/home/kiott01a/ti/ccsv8/tools/compiler/ti-cgt-arm_18.1.3.LTS/lib/</path>
         <kind>archive</kind>
         <file>rtsv7R4_A_be_v3D16_eabi.lib</file>
         <name>copy_decompress_lzss.c.obj</name>
      </input_file>
      <input_file id="fl-db">
         <path>/home/kiott01a/ti/ccsv8/tools/compiler/ti-cgt-arm_18.1.3.LTS/lib/</path>
         <kind>archive</kind>
         <file>rtsv7R4_A_be_v3D16_eabi.lib</file>
         <name>errno.c.obj</name>
      </input_file>
      <input_file id="fl-dc">
         <path>/home/kiott01a/ti/ccsv8/tools/compiler/ti-cgt-arm_18.1.3.LTS/lib/</path>
         <kind>archive</kind>
         <file>rtsv7R4_A_be_v3D16_eabi.lib</file>
         <name>exit.c.obj</name>
      </input_file>
      <input_file id="fl-dd">
         <path>/home/kiott01a/ti/ccsv8/tools/compiler/ti-cgt-arm_18.1.3.LTS/lib/</path>
         <kind>archive</kind>
         <file>rtsv7R4_A_be_v3D16_eabi.lib</file>
         <name>_lock.c.obj</name>
      </input_file>
      <input_file id="fl-de">
         <path>/home/kiott01a/ti/ccsv8/tools/compiler/ti-cgt-arm_18.1.3.LTS/lib/</path>
         <kind>archive</kind>
         <file>rtsv7R4_A_be_v3D16_eabi.lib</file>
         <name>sprintf.c.obj</name>
      </input_file>
      <input_file id="fl-df">
         <path>/home/kiott01a/ti/ccsv8/tools/compiler/ti-cgt-arm_18.1.3.LTS/lib/</path>
         <kind>archive</kind>
         <file>rtsv7R4_A_be_v3D16_eabi.lib</file>
         <name>strlen.c.obj</name>
      </input_file>
      <input_file id="fl-e0">
         <path>/home/kiott01a/ti/ccsv8/tools/compiler/ti-cgt-arm_18.1.3.LTS/lib/</path>
         <kind>archive</kind>
         <file>rtsv7R4_A_be_v3D16_eabi.lib</file>
         <name>s_copysign.c.obj</name>
      </input_file>
      <input_file id="fl-e1">
         <path>/home/kiott01a/ti/ccsv8/tools/compiler/ti-cgt-arm_18.1.3.LTS/lib/</path>
         <kind>archive</kind>
         <file>rtsv7R4_A_be_v3D16_eabi.lib</file>
         <name>memcpy32.asm.obj</name>
      </input_file>
      <input_file id="fl-e2">
         <path>/home/kiott01a/ti/ccsv8/tools/compiler/ti-cgt-arm_18.1.3.LTS/lib/</path>
         <kind>archive</kind>
         <file>rtsv7R4_A_be_v3D16_eabi.lib</file>
         <name>_printfi.c.obj</name>
      </input_file>
      <input_file id="fl-e3">
         <path>/home/kiott01a/ti/ccsv8/tools/compiler/ti-cgt-arm_18.1.3.LTS/lib/</path>
         <kind>archive</kind>
         <file>rtsv7R4_A_be_v3D16_eabi.lib</file>
         <name>atoi.c.obj</name>
      </input_file>
      <input_file id="fl-e4">
         <path>/home/kiott01a/ti/ccsv8/tools/compiler/ti-cgt-arm_18.1.3.LTS/lib/</path>
         <kind>archive</kind>
         <file>rtsv7R4_A_be_v3D16_eabi.lib</file>
         <name>ctype.c.obj</name>
      </input_file>
      <input_file id="fl-e5">
         <path>/home/kiott01a/ti/ccsv8/tools/compiler/ti-cgt-arm_18.1.3.LTS/lib/</path>
         <kind>archive</kind>
         <file>rtsv7R4_A_be_v3D16_eabi.lib</file>
         <name>ltoa.c.obj</name>
      </input_file>
      <input_file id="fl-e6">
         <path>/home/kiott01a/ti/ccsv8/tools/compiler/ti-cgt-arm_18.1.3.LTS/lib/</path>
         <kind>archive</kind>
         <file>rtsv7R4_A_be_v3D16_eabi.lib</file>
         <name>memccpy.c.obj</name>
      </input_file>
      <input_file id="fl-e7">
         <path>/home/kiott01a/ti/ccsv8/tools/compiler/ti-cgt-arm_18.1.3.LTS/lib/</path>
         <kind>archive</kind>
         <file>rtsv7R4_A_be_v3D16_eabi.lib</file>
         <name>strchr.c.obj</name>
      </input_file>
      <input_file id="fl-e8">
         <path>/home/kiott01a/ti/ccsv8/tools/compiler/ti-cgt-arm_18.1.3.LTS/lib/</path>
         <kind>archive</kind>
         <file>rtsv7R4_A_be_v3D16_eabi.lib</file>
         <name>wcslen.c.obj</name>
      </input_file>
      <input_file id="fl-e9">
         <path>/home/kiott01a/ti/ccsv8/tools/compiler/ti-cgt-arm_18.1.3.LTS/lib/</path>
         <kind>archive</kind>
         <file>rtsv7R4_A_be_v3D16_eabi.lib</file>
         <name>s_frexp.c.obj</name>
      </input_file>
      <input_file id="fl-ea">
         <path>/home/kiott01a/ti/ccsv8/tools/compiler/ti-cgt-arm_18.1.3.LTS/lib/</path>
         <kind>archive</kind>
         <file>rtsv7R4_A_be_v3D16_eabi.lib</file>
         <name>i_div32.asm.obj</name>
      </input_file>
      <input_file id="fl-eb">
         <path>/home/kiott01a/ti/ccsv8/tools/compiler/ti-cgt-arm_18.1.3.LTS/lib/</path>
         <kind>archive</kind>
         <file>rtsv7R4_A_be_v3D16_eabi.lib</file>
         <name>u_div32.asm.obj</name>
      </input_file>
      <input_file id="fl-ec">
         <path>/home/kiott01a/ti/ccsv8/tools/compiler/ti-cgt-arm_18.1.3.LTS/lib/</path>
         <kind>archive</kind>
         <file>rtsv7R4_A_be_v3D16_eabi.lib</file>
         <name>ull_div32.asm.obj</name>
      </input_file>
      <input_file id="fl-ed">
         <path>/home/kiott01a/ti/ccsv8/tools/compiler/ti-cgt-arm_18.1.3.LTS/lib/</path>
         <kind>archive</kind>
         <file>rtsv7R4_A_be_v3D16_eabi.lib</file>
         <name>div0.asm.obj</name>
      </input_file>
   </input_file_list>
   <object_component_list>
      <object_component id="oc-2e">
         <name>.intvecs</name>
         <load_address>0x0</load_address>
         <run_address>0x0</run_address>
         <size>0x20</size>
         <input_file_ref idref="fl-e"/>
      </object_component>
      <object_component id="oc-124">
         <name>.text</name>
         <load_address>0x20</load_address>
         <run_address>0x20</run_address>
         <size>0x2750</size>
         <input_file_ref idref="fl-6"/>
      </object_component>
      <object_component id="oc-20c">
         <name>.text:__TI_printfi</name>
         <load_address>0x2770</load_address>
         <run_address>0x2770</run_address>
         <size>0xf9c</size>
         <input_file_ref idref="fl-e2"/>
      </object_component>
      <object_component id="oc-11e">
         <name>.text</name>
         <load_address>0x370c</load_address>
         <run_address>0x370c</run_address>
         <size>0xb00</size>
         <input_file_ref idref="fl-2"/>
      </object_component>
      <object_component id="oc-cd">
         <name>.text</name>
         <load_address>0x420c</load_address>
         <run_address>0x420c</run_address>
         <size>0x9c4</size>
         <input_file_ref idref="fl-a"/>
      </object_component>
      <object_component id="oc-73">
         <name>.text</name>
         <load_address>0x4bd0</load_address>
         <run_address>0x4bd0</run_address>
         <size>0x95c</size>
         <input_file_ref idref="fl-17"/>
      </object_component>
      <object_component id="oc-3a">
         <name>.text</name>
         <load_address>0x552c</load_address>
         <run_address>0x552c</run_address>
         <size>0x93c</size>
         <input_file_ref idref="fl-16"/>
      </object_component>
      <object_component id="oc-112">
         <name>.text</name>
         <load_address>0x5e68</load_address>
         <run_address>0x5e68</run_address>
         <size>0x870</size>
         <input_file_ref idref="fl-b"/>
      </object_component>
      <object_component id="oc-12a">
         <name>.text:pow</name>
         <load_address>0x66d8</load_address>
         <run_address>0x66d8</run_address>
         <size>0x7d0</size>
         <input_file_ref idref="fl-d1"/>
      </object_component>
      <object_component id="oc-79">
         <name>.text</name>
         <load_address>0x6ea8</load_address>
         <run_address>0x6ea8</run_address>
         <size>0x78c</size>
         <input_file_ref idref="fl-5"/>
      </object_component>
      <object_component id="oc-118">
         <name>.text</name>
         <load_address>0x7634</load_address>
         <run_address>0x7634</run_address>
         <size>0x484</size>
         <input_file_ref idref="fl-7"/>
      </object_component>
      <object_component id="oc-68">
         <name>.text</name>
         <load_address>0x7ab8</load_address>
         <run_address>0x7ab8</run_address>
         <size>0x3c4</size>
         <input_file_ref idref="fl-c"/>
      </object_component>
      <object_component id="oc-85">
         <name>.text</name>
         <load_address>0x7e7c</load_address>
         <run_address>0x7e7c</run_address>
         <size>0x378</size>
         <input_file_ref idref="fl-f"/>
      </object_component>
      <object_component id="oc-7f">
         <name>.text</name>
         <load_address>0x81f4</load_address>
         <run_address>0x81f4</run_address>
         <size>0x36c</size>
         <input_file_ref idref="fl-10"/>
      </object_component>
      <object_component id="oc-39">
         <name>.text:retain</name>
         <load_address>0x8560</load_address>
         <run_address>0x8560</run_address>
         <size>0x33c</size>
         <input_file_ref idref="fl-16"/>
      </object_component>
      <object_component id="oc-2b2">
         <name>.text:_pconv_a</name>
         <load_address>0x889c</load_address>
         <run_address>0x889c</run_address>
         <size>0x2dc</size>
         <input_file_ref idref="fl-e2"/>
      </object_component>
      <object_component id="oc-309">
         <name>.text</name>
         <load_address>0x8b78</load_address>
         <run_address>0x8b78</run_address>
         <size>0x2b8</size>
         <input_file_ref idref="fl-ec"/>
      </object_component>
      <object_component id="oc-2a0">
         <name>.text:_pconv_g</name>
         <load_address>0x8e30</load_address>
         <run_address>0x8e30</run_address>
         <size>0x248</size>
         <input_file_ref idref="fl-e2"/>
      </object_component>
      <object_component id="oc-1f">
         <name>.text:retain</name>
         <load_address>0x9078</load_address>
         <run_address>0x9078</run_address>
         <size>0x19c</size>
         <input_file_ref idref="fl-2"/>
      </object_component>
      <object_component id="oc-50">
         <name>.text</name>
         <load_address>0x9214</load_address>
         <run_address>0x9214</run_address>
         <size>0x180</size>
         <input_file_ref idref="fl-e1"/>
      </object_component>
      <object_component id="oc-28">
         <name>.text:retain</name>
         <load_address>0x9394</load_address>
         <run_address>0x9394</run_address>
         <size>0x178</size>
         <input_file_ref idref="fl-5"/>
      </object_component>
      <object_component id="oc-2ac">
         <name>.text:_pconv_e</name>
         <load_address>0x950c</load_address>
         <run_address>0x950c</run_address>
         <size>0x15c</size>
         <input_file_ref idref="fl-e2"/>
      </object_component>
      <object_component id="oc-327">
         <name>.text:fcvt</name>
         <load_address>0x9668</load_address>
         <run_address>0x9668</run_address>
         <size>0x144</size>
         <input_file_ref idref="fl-e2"/>
      </object_component>
      <object_component id="oc-1cd">
         <name>.text:floor</name>
         <load_address>0x97ac</load_address>
         <run_address>0x97ac</run_address>
         <size>0x13c</size>
         <input_file_ref idref="fl-d3"/>
      </object_component>
      <object_component id="oc-1f6">
         <name>.text:scalbn</name>
         <load_address>0x98e8</load_address>
         <run_address>0x98e8</run_address>
         <size>0x120</size>
         <input_file_ref idref="fl-d4"/>
      </object_component>
      <object_component id="oc-29a">
         <name>.text:_ltostr</name>
         <load_address>0x9a08</load_address>
         <run_address>0x9a08</run_address>
         <size>0x115</size>
         <input_file_ref idref="fl-e2"/>
      </object_component>
      <object_component id="oc-6d">
         <name>.text</name>
         <load_address>0x9b20</load_address>
         <run_address>0x9b20</run_address>
         <size>0xe8</size>
         <input_file_ref idref="fl-9"/>
      </object_component>
      <object_component id="oc-320">
         <name>.text:_mcpy</name>
         <load_address>0x9c08</load_address>
         <run_address>0x9c08</run_address>
         <size>0xc8</size>
         <input_file_ref idref="fl-e2"/>
      </object_component>
      <object_component id="oc-19">
         <name>.text:retain</name>
         <load_address>0x9cd0</load_address>
         <run_address>0x9cd0</run_address>
         <size>0xb4</size>
         <input_file_ref idref="fl-15"/>
      </object_component>
      <object_component id="oc-bf">
         <name>.text</name>
         <load_address>0x9d84</load_address>
         <run_address>0x9d84</run_address>
         <size>0xb0</size>
         <input_file_ref idref="fl-d5"/>
      </object_component>
      <object_component id="oc-31a">
         <name>.text:_ecpy</name>
         <load_address>0x9e34</load_address>
         <run_address>0x9e34</run_address>
         <size>0x98</size>
         <input_file_ref idref="fl-e2"/>
      </object_component>
      <object_component id="oc-c">
         <name>.text:decompress:lzss:__TI_decompress_lzss</name>
         <load_address>0x9ecc</load_address>
         <run_address>0x9ecc</run_address>
         <size>0x90</size>
         <input_file_ref idref="fl-da"/>
      </object_component>
      <object_component id="oc-335">
         <name>.text:frexp</name>
         <load_address>0x9f5c</load_address>
         <run_address>0x9f5c</run_address>
         <size>0x8c</size>
         <input_file_ref idref="fl-e9"/>
      </object_component>
      <object_component id="oc-294">
         <name>.text:atoi</name>
         <load_address>0x9fe8</load_address>
         <run_address>0x9fe8</run_address>
         <size>0x84</size>
         <input_file_ref idref="fl-e3"/>
      </object_component>
      <object_component id="oc-314">
         <name>.text:ltoa</name>
         <load_address>0xa06c</load_address>
         <run_address>0xa06c</run_address>
         <size>0x80</size>
         <input_file_ref idref="fl-e5"/>
      </object_component>
      <object_component id="oc-2a6">
         <name>.text:_pconv_f</name>
         <load_address>0xa0ec</load_address>
         <run_address>0xa0ec</run_address>
         <size>0x74</size>
         <input_file_ref idref="fl-e2"/>
      </object_component>
      <object_component id="oc-e2">
         <name>.text:__TI_auto_init_nobinit_nopinit:__TI_auto_init_nobinit_nopinit</name>
         <load_address>0xa160</load_address>
         <run_address>0xa160</run_address>
         <size>0x68</size>
         <input_file_ref idref="fl-d6"/>
      </object_component>
      <object_component id="oc-32d">
         <name>.text:_fcpy</name>
         <load_address>0xa1c8</load_address>
         <run_address>0xa1c8</run_address>
         <size>0x64</size>
         <input_file_ref idref="fl-e2"/>
      </object_component>
      <object_component id="oc-130">
         <name>.text:sprintf</name>
         <load_address>0xa22c</load_address>
         <run_address>0xa22c</run_address>
         <size>0x64</size>
         <input_file_ref idref="fl-de"/>
      </object_component>
      <object_component id="oc-36b">
         <name>.text</name>
         <load_address>0xa290</load_address>
         <run_address>0xa290</run_address>
         <size>0x54</size>
         <input_file_ref idref="fl-ea"/>
      </object_component>
      <object_component id="oc-30e">
         <name>.text</name>
         <load_address>0xa2e4</load_address>
         <run_address>0xa2e4</run_address>
         <size>0x50</size>
         <input_file_ref idref="fl-eb"/>
      </object_component>
      <object_component id="oc-1ea">
         <name>.text:sqrt</name>
         <load_address>0xa334</load_address>
         <run_address>0xa334</run_address>
         <size>0x38</size>
         <input_file_ref idref="fl-d2"/>
      </object_component>
      <object_component id="oc-212">
         <name>.text:_outs</name>
         <load_address>0xa36c</load_address>
         <run_address>0xa36c</run_address>
         <size>0x30</size>
         <input_file_ref idref="fl-de"/>
      </object_component>
      <object_component id="oc-2b8">
         <name>.text:memccpy</name>
         <load_address>0xa39c</load_address>
         <run_address>0xa39c</run_address>
         <size>0x2c</size>
         <input_file_ref idref="fl-e6"/>
      </object_component>
      <object_component id="oc-33b">
         <name>.text:strchr</name>
         <load_address>0xa3c8</load_address>
         <run_address>0xa3c8</run_address>
         <size>0x28</size>
         <input_file_ref idref="fl-e7"/>
      </object_component>
      <object_component id="oc-2be">
         <name>.text:wcslen</name>
         <load_address>0xa3f0</load_address>
         <run_address>0xa3f0</run_address>
         <size>0x24</size>
         <input_file_ref idref="fl-e8"/>
      </object_component>
      <object_component id="oc-5c">
         <name>.text:decompress:ZI:__TI_zero_init_nomemset:__TI_zero_init_nomemset</name>
         <load_address>0xa414</load_address>
         <run_address>0xa414</run_address>
         <size>0x20</size>
         <input_file_ref idref="fl-d8"/>
      </object_component>
      <object_component id="oc-136">
         <name>.text:strlen</name>
         <load_address>0xa434</load_address>
         <run_address>0xa434</run_address>
         <size>0x20</size>
         <input_file_ref idref="fl-df"/>
      </object_component>
      <object_component id="oc-27a">
         <name>.text:copysign</name>
         <load_address>0xa454</load_address>
         <run_address>0xa454</run_address>
         <size>0x1c</size>
         <input_file_ref idref="fl-e0"/>
      </object_component>
      <object_component id="oc-218">
         <name>.text:_outc</name>
         <load_address>0xa470</load_address>
         <run_address>0xa470</run_address>
         <size>0x14</size>
         <input_file_ref idref="fl-de"/>
      </object_component>
      <object_component id="oc-12">
         <name>.text:decompress:none:__TI_decompress_none</name>
         <load_address>0xa484</load_address>
         <run_address>0xa484</run_address>
         <size>0x14</size>
         <input_file_ref idref="fl-d9"/>
      </object_component>
      <object_component id="oc-1f0">
         <name>.text:__aeabi_errno_addr</name>
         <load_address>0xa498</load_address>
         <run_address>0xa498</run_address>
         <size>0xc</size>
         <input_file_ref idref="fl-db"/>
      </object_component>
      <object_component id="oc-149">
         <name>.text:abort:abort</name>
         <load_address>0xa4a4</load_address>
         <run_address>0xa4a4</run_address>
         <size>0x8</size>
         <input_file_ref idref="fl-dc"/>
      </object_component>
      <object_component id="oc-33">
         <name>.text:retain</name>
         <load_address>0xa4ac</load_address>
         <run_address>0xa4ac</run_address>
         <size>0x4</size>
         <input_file_ref idref="fl-12"/>
      </object_component>
      <object_component id="oc-365">
         <name>.text</name>
         <load_address>0xa4b0</load_address>
         <run_address>0xa4b0</run_address>
         <size>0x4</size>
         <input_file_ref idref="fl-ed"/>
      </object_component>
      <object_component id="oc-25">
         <name>.const:s_vim_init</name>
         <load_address>0xa4c0</load_address>
         <run_address>0xa4c0</run_address>
         <size>0x200</size>
         <input_file_ref idref="fl-16"/>
      </object_component>
      <object_component id="oc-304">
         <name>.const:.string:_ctypes_</name>
         <load_address>0xa6c0</load_address>
         <run_address>0xa6c0</run_address>
         <size>0x101</size>
         <input_file_ref idref="fl-e4"/>
      </object_component>
      <object_component id="oc-1da">
         <name>.const:s_canByteOrder</name>
         <load_address>0xa7c4</load_address>
         <run_address>0xa7c4</run_address>
         <size>0x20</size>
         <input_file_ref idref="fl-2"/>
      </object_component>
      <object_component id="oc-1fc">
         <name>.const:bp</name>
         <load_address>0xa7e8</load_address>
         <run_address>0xa7e8</run_address>
         <size>0x10</size>
         <input_file_ref idref="fl-d1"/>
      </object_component>
      <object_component id="oc-1ff">
         <name>.const:dp_h</name>
         <load_address>0xa7f8</load_address>
         <run_address>0xa7f8</run_address>
         <size>0x10</size>
         <input_file_ref idref="fl-d1"/>
      </object_component>
      <object_component id="oc-202">
         <name>.const:dp_l</name>
         <load_address>0xa808</load_address>
         <run_address>0xa808</run_address>
         <size>0x10</size>
         <input_file_ref idref="fl-d1"/>
      </object_component>
      <object_component id="oc-3b4">
         <name>__TI_handler_table</name>
         <load_address>0xa820</load_address>
         <run_address>0xa820</run_address>
         <size>0xc</size>
      </object_component>
      <object_component id="oc-3b6">
         <name>.cinit..bss.load</name>
         <load_address>0xa830</load_address>
         <run_address>0xa830</run_address>
         <size>0x8</size>
      </object_component>
      <object_component id="oc-3b7">
         <name>.cinit..data.load</name>
         <load_address>0xa838</load_address>
         <run_address>0xa838</run_address>
         <size>0x8</size>
      </object_component>
      <object_component id="oc-3b5">
         <name>__TI_cinit_table</name>
         <load_address>0xa840</load_address>
         <run_address>0xa840</run_address>
         <size>0x10</size>
      </object_component>
      <object_component id="oc-1d3">
         <name>.bss:g_sciTransfer_t</name>
         <uninitialized>true</uninitialized>
         <run_address>0x8001500</run_address>
         <size>0x50</size>
         <input_file_ref idref="fl-b"/>
      </object_component>
      <object_component id="oc-13c">
         <name>.data</name>
         <load_address>0x8001550</load_address>
         <run_address>0x8001550</run_address>
         <size>0xc</size>
         <input_file_ref idref="fl-f"/>
      </object_component>
      <object_component id="oc-13f">
         <name>.data:rx_data</name>
         <load_address>0x800155c</load_address>
         <run_address>0x800155c</run_address>
         <size>0x8</size>
         <input_file_ref idref="fl-f"/>
      </object_component>
      <object_component id="oc-275">
         <name>.data</name>
         <load_address>0x8001564</load_address>
         <run_address>0x8001564</run_address>
         <size>0x4</size>
         <input_file_ref idref="fl-db"/>
      </object_component>
      <object_component id="oc-184">
         <name>.debug_info</name>
         <load_address>0x0</load_address>
         <run_address>0x0</run_address>
         <size>0x3fa</size>
         <input_file_ref idref="fl-2"/>
      </object_component>
      <object_component id="oc-1db">
         <name>.debug_info</name>
         <load_address>0x3fa</load_address>
         <run_address>0x3fa</run_address>
         <size>0xe3</size>
         <input_file_ref idref="fl-2"/>
      </object_component>
      <object_component id="oc-11f">
         <name>.debug_info</name>
         <load_address>0x4dd</load_address>
         <run_address>0x4dd</run_address>
         <size>0x142c</size>
         <input_file_ref idref="fl-2"/>
      </object_component>
      <object_component id="oc-20">
         <name>.debug_info</name>
         <load_address>0x1909</load_address>
         <run_address>0x1909</run_address>
         <size>0x26a</size>
         <input_file_ref idref="fl-2"/>
      </object_component>
      <object_component id="oc-157">
         <name>.debug_info</name>
         <load_address>0x1b73</load_address>
         <run_address>0x1b73</run_address>
         <size>0x26b</size>
         <input_file_ref idref="fl-2"/>
      </object_component>
      <object_component id="oc-8e">
         <name>.debug_info</name>
         <load_address>0x1dde</load_address>
         <run_address>0x1dde</run_address>
         <size>0x157</size>
         <input_file_ref idref="fl-2"/>
      </object_component>
      <object_component id="oc-9f">
         <name>.debug_info</name>
         <load_address>0x1f35</load_address>
         <run_address>0x1f35</run_address>
         <size>0x8b</size>
         <input_file_ref idref="fl-2"/>
      </object_component>
      <object_component id="oc-9a">
         <name>.debug_info</name>
         <load_address>0x1fc0</load_address>
         <run_address>0x1fc0</run_address>
         <size>0x18c</size>
         <input_file_ref idref="fl-2"/>
      </object_component>
      <object_component id="oc-232">
         <name>.debug_info</name>
         <load_address>0x214c</load_address>
         <run_address>0x214c</run_address>
         <size>0x297</size>
         <input_file_ref idref="fl-2"/>
      </object_component>
      <object_component id="oc-144">
         <name>.debug_info</name>
         <load_address>0x23e3</load_address>
         <run_address>0x23e3</run_address>
         <size>0xbb</size>
         <input_file_ref idref="fl-2"/>
      </object_component>
      <object_component id="oc-a4">
         <name>.debug_info</name>
         <load_address>0x249e</load_address>
         <run_address>0x249e</run_address>
         <size>0x86</size>
         <input_file_ref idref="fl-2"/>
      </object_component>
      <object_component id="oc-19b">
         <name>.debug_info</name>
         <load_address>0x2524</load_address>
         <run_address>0x2524</run_address>
         <size>0x49b</size>
         <input_file_ref idref="fl-2"/>
      </object_component>
      <object_component id="oc-1de">
         <name>.debug_info</name>
         <load_address>0x29bf</load_address>
         <run_address>0x29bf</run_address>
         <size>0x15f</size>
         <input_file_ref idref="fl-2"/>
      </object_component>
      <object_component id="oc-17a">
         <name>.debug_info</name>
         <load_address>0x2b1e</load_address>
         <run_address>0x2b1e</run_address>
         <size>0x36d</size>
         <input_file_ref idref="fl-2"/>
      </object_component>
      <object_component id="oc-241">
         <name>.debug_info</name>
         <load_address>0x2e8b</load_address>
         <run_address>0x2e8b</run_address>
         <size>0x37f</size>
         <input_file_ref idref="fl-3"/>
      </object_component>
      <object_component id="oc-d4">
         <name>.debug_info</name>
         <load_address>0x320a</load_address>
         <run_address>0x320a</run_address>
         <size>0x429</size>
         <input_file_ref idref="fl-3"/>
      </object_component>
      <object_component id="oc-15c">
         <name>.debug_info</name>
         <load_address>0x3633</load_address>
         <run_address>0x3633</run_address>
         <size>0x102</size>
         <input_file_ref idref="fl-3"/>
      </object_component>
      <object_component id="oc-1a0">
         <name>.debug_info</name>
         <load_address>0x3735</load_address>
         <run_address>0x3735</run_address>
         <size>0x142</size>
         <input_file_ref idref="fl-3"/>
      </object_component>
      <object_component id="oc-161">
         <name>.debug_info</name>
         <load_address>0x3877</load_address>
         <run_address>0x3877</run_address>
         <size>0x285</size>
         <input_file_ref idref="fl-3"/>
      </object_component>
      <object_component id="oc-166">
         <name>.debug_info</name>
         <load_address>0x3afc</load_address>
         <run_address>0x3afc</run_address>
         <size>0x44a</size>
         <input_file_ref idref="fl-3"/>
      </object_component>
      <object_component id="oc-16b">
         <name>.debug_info</name>
         <load_address>0x3f46</load_address>
         <run_address>0x3f46</run_address>
         <size>0x1f9</size>
         <input_file_ref idref="fl-3"/>
      </object_component>
      <object_component id="oc-170">
         <name>.debug_info</name>
         <load_address>0x413f</load_address>
         <run_address>0x413f</run_address>
         <size>0x152</size>
         <input_file_ref idref="fl-3"/>
      </object_component>
      <object_component id="oc-175">
         <name>.debug_info</name>
         <load_address>0x4291</load_address>
         <run_address>0x4291</run_address>
         <size>0x70a</size>
         <input_file_ref idref="fl-3"/>
      </object_component>
      <object_component id="oc-e0">
         <name>.debug_info</name>
         <load_address>0x499b</load_address>
         <run_address>0x499b</run_address>
         <size>0x34b</size>
         <input_file_ref idref="fl-5"/>
      </object_component>
      <object_component id="oc-7a">
         <name>.debug_info</name>
         <load_address>0x4ce6</load_address>
         <run_address>0x4ce6</run_address>
         <size>0x10c0</size>
         <input_file_ref idref="fl-5"/>
      </object_component>
      <object_component id="oc-29">
         <name>.debug_info</name>
         <load_address>0x5da6</load_address>
         <run_address>0x5da6</run_address>
         <size>0x1a8</size>
         <input_file_ref idref="fl-5"/>
      </object_component>
      <object_component id="oc-db">
         <name>.debug_info</name>
         <load_address>0x5f4e</load_address>
         <run_address>0x5f4e</run_address>
         <size>0x168</size>
         <input_file_ref idref="fl-5"/>
      </object_component>
      <object_component id="oc-1e4">
         <name>.debug_info</name>
         <load_address>0x60b6</load_address>
         <run_address>0x60b6</run_address>
         <size>0x307</size>
         <input_file_ref idref="fl-6"/>
      </object_component>
      <object_component id="oc-125">
         <name>.debug_info</name>
         <load_address>0x63bd</load_address>
         <run_address>0x63bd</run_address>
         <size>0x286e</size>
         <input_file_ref idref="fl-6"/>
      </object_component>
      <object_component id="oc-1e5">
         <name>.debug_info</name>
         <load_address>0x8c2b</load_address>
         <run_address>0x8c2b</run_address>
         <size>0xc6d</size>
         <input_file_ref idref="fl-6"/>
      </object_component>
      <object_component id="oc-1a5">
         <name>.debug_info</name>
         <load_address>0x9898</load_address>
         <run_address>0x9898</run_address>
         <size>0x396</size>
         <input_file_ref idref="fl-6"/>
      </object_component>
      <object_component id="oc-1b7">
         <name>.debug_info</name>
         <load_address>0x9c2e</load_address>
         <run_address>0x9c2e</run_address>
         <size>0x199</size>
         <input_file_ref idref="fl-6"/>
      </object_component>
      <object_component id="oc-1d9">
         <name>.debug_info</name>
         <load_address>0x9dc7</load_address>
         <run_address>0x9dc7</run_address>
         <size>0x2b0</size>
         <input_file_ref idref="fl-7"/>
      </object_component>
      <object_component id="oc-119">
         <name>.debug_info</name>
         <load_address>0xa077</load_address>
         <run_address>0xa077</run_address>
         <size>0x71a</size>
         <input_file_ref idref="fl-7"/>
      </object_component>
      <object_component id="oc-26a">
         <name>.debug_info</name>
         <load_address>0xa791</load_address>
         <run_address>0xa791</run_address>
         <size>0x12a</size>
         <input_file_ref idref="fl-7"/>
      </object_component>
      <object_component id="oc-c7">
         <name>.debug_info</name>
         <load_address>0xa8bb</load_address>
         <run_address>0xa8bb</run_address>
         <size>0x3e0</size>
         <input_file_ref idref="fl-9"/>
      </object_component>
      <object_component id="oc-6e">
         <name>.debug_info</name>
         <load_address>0xac9b</load_address>
         <run_address>0xac9b</run_address>
         <size>0xaef</size>
         <input_file_ref idref="fl-9"/>
      </object_component>
      <object_component id="oc-196">
         <name>.debug_info</name>
         <load_address>0xb78a</load_address>
         <run_address>0xb78a</run_address>
         <size>0xadd</size>
         <input_file_ref idref="fl-9"/>
      </object_component>
      <object_component id="oc-c8">
         <name>.debug_info</name>
         <load_address>0xc267</load_address>
         <run_address>0xc267</run_address>
         <size>0x6eb</size>
         <input_file_ref idref="fl-9"/>
      </object_component>
      <object_component id="oc-1aa">
         <name>.debug_info</name>
         <load_address>0xc952</load_address>
         <run_address>0xc952</run_address>
         <size>0x243</size>
         <input_file_ref idref="fl-9"/>
      </object_component>
      <object_component id="oc-263">
         <name>.debug_info</name>
         <load_address>0xcb95</load_address>
         <run_address>0xcb95</run_address>
         <size>0x18e</size>
         <input_file_ref idref="fl-9"/>
      </object_component>
      <object_component id="oc-ce">
         <name>.debug_info</name>
         <load_address>0xcd23</load_address>
         <run_address>0xcd23</run_address>
         <size>0x11c</size>
         <input_file_ref idref="fl-a"/>
      </object_component>
      <object_component id="oc-1d7">
         <name>.debug_info</name>
         <load_address>0xce3f</load_address>
         <run_address>0xce3f</run_address>
         <size>0x2fd</size>
         <input_file_ref idref="fl-b"/>
      </object_component>
      <object_component id="oc-1d4">
         <name>.debug_info</name>
         <load_address>0xd13c</load_address>
         <run_address>0xd13c</run_address>
         <size>0xe5</size>
         <input_file_ref idref="fl-b"/>
      </object_component>
      <object_component id="oc-113">
         <name>.debug_info</name>
         <load_address>0xd221</load_address>
         <run_address>0xd221</run_address>
         <size>0xc9d</size>
         <input_file_ref idref="fl-b"/>
      </object_component>
      <object_component id="oc-25e">
         <name>.debug_info</name>
         <load_address>0xdebe</load_address>
         <run_address>0xdebe</run_address>
         <size>0x91</size>
         <input_file_ref idref="fl-b"/>
      </object_component>
      <object_component id="oc-69">
         <name>.debug_info</name>
         <load_address>0xdf4f</load_address>
         <run_address>0xdf4f</run_address>
         <size>0x812</size>
         <input_file_ref idref="fl-c"/>
      </object_component>
      <object_component id="oc-2f">
         <name>.debug_info</name>
         <load_address>0xe761</load_address>
         <run_address>0xe761</run_address>
         <size>0x108</size>
         <input_file_ref idref="fl-e"/>
      </object_component>
      <object_component id="oc-143">
         <name>.debug_info</name>
         <load_address>0xe869</load_address>
         <run_address>0xe869</run_address>
         <size>0x5ef</size>
         <input_file_ref idref="fl-f"/>
      </object_component>
      <object_component id="oc-13d">
         <name>.debug_info</name>
         <load_address>0xee58</load_address>
         <run_address>0xee58</run_address>
         <size>0x109</size>
         <input_file_ref idref="fl-f"/>
      </object_component>
      <object_component id="oc-140">
         <name>.debug_info</name>
         <load_address>0xef61</load_address>
         <run_address>0xef61</run_address>
         <size>0xdb</size>
         <input_file_ref idref="fl-f"/>
      </object_component>
      <object_component id="oc-86">
         <name>.debug_info</name>
         <load_address>0xf03c</load_address>
         <run_address>0xf03c</run_address>
         <size>0x65f</size>
         <input_file_ref idref="fl-f"/>
      </object_component>
      <object_component id="oc-22d">
         <name>.debug_info</name>
         <load_address>0xf69b</load_address>
         <run_address>0xf69b</run_address>
         <size>0xcc</size>
         <input_file_ref idref="fl-f"/>
      </object_component>
      <object_component id="oc-220">
         <name>.debug_info</name>
         <load_address>0xf767</load_address>
         <run_address>0xf767</run_address>
         <size>0x2c</size>
         <input_file_ref idref="fl-f"/>
      </object_component>
      <object_component id="oc-80">
         <name>.debug_info</name>
         <load_address>0xf793</load_address>
         <run_address>0xf793</run_address>
         <size>0x43f</size>
         <input_file_ref idref="fl-10"/>
      </object_component>
      <object_component id="oc-244">
         <name>.debug_info</name>
         <load_address>0xfbd2</load_address>
         <run_address>0xfbd2</run_address>
         <size>0x2f3</size>
         <input_file_ref idref="fl-11"/>
      </object_component>
      <object_component id="oc-1b2">
         <name>.debug_info</name>
         <load_address>0xfec5</load_address>
         <run_address>0xfec5</run_address>
         <size>0x457</size>
         <input_file_ref idref="fl-11"/>
      </object_component>
      <object_component id="oc-34">
         <name>.debug_info</name>
         <load_address>0x1031c</load_address>
         <run_address>0x1031c</run_address>
         <size>0x13d</size>
         <input_file_ref idref="fl-12"/>
      </object_component>
      <object_component id="oc-1a">
         <name>.debug_info</name>
         <load_address>0x10459</load_address>
         <run_address>0x10459</run_address>
         <size>0x27c</size>
         <input_file_ref idref="fl-15"/>
      </object_component>
      <object_component id="oc-95">
         <name>.debug_info</name>
         <load_address>0x106d5</load_address>
         <run_address>0x106d5</run_address>
         <size>0x4b4</size>
         <input_file_ref idref="fl-16"/>
      </object_component>
      <object_component id="oc-26">
         <name>.debug_info</name>
         <load_address>0x10b89</load_address>
         <run_address>0x10b89</run_address>
         <size>0xdf</size>
         <input_file_ref idref="fl-16"/>
      </object_component>
      <object_component id="oc-3b">
         <name>.debug_info</name>
         <load_address>0x10c68</load_address>
         <run_address>0x10c68</run_address>
         <size>0x48f</size>
         <input_file_ref idref="fl-16"/>
      </object_component>
      <object_component id="oc-40">
         <name>.debug_info</name>
         <load_address>0x110f7</load_address>
         <run_address>0x110f7</run_address>
         <size>0x1fa</size>
         <input_file_ref idref="fl-16"/>
      </object_component>
      <object_component id="oc-17f">
         <name>.debug_info</name>
         <load_address>0x112f1</load_address>
         <run_address>0x112f1</run_address>
         <size>0x4f</size>
         <input_file_ref idref="fl-16"/>
      </object_component>
      <object_component id="oc-d9">
         <name>.debug_info</name>
         <load_address>0x11340</load_address>
         <run_address>0x11340</run_address>
         <size>0x3e1</size>
         <input_file_ref idref="fl-17"/>
      </object_component>
      <object_component id="oc-74">
         <name>.debug_info</name>
         <load_address>0x11721</load_address>
         <run_address>0x11721</run_address>
         <size>0x58f</size>
         <input_file_ref idref="fl-17"/>
      </object_component>
      <object_component id="oc-20b">
         <name>.debug_info</name>
         <load_address>0x11cb0</load_address>
         <run_address>0x11cb0</run_address>
         <size>0x2fa</size>
         <input_file_ref idref="fl-d1"/>
      </object_component>
      <object_component id="oc-1fd">
         <name>.debug_info</name>
         <load_address>0x11faa</load_address>
         <run_address>0x11faa</run_address>
         <size>0xd4</size>
         <input_file_ref idref="fl-d1"/>
      </object_component>
      <object_component id="oc-200">
         <name>.debug_info</name>
         <load_address>0x1207e</load_address>
         <run_address>0x1207e</run_address>
         <size>0xd8</size>
         <input_file_ref idref="fl-d1"/>
      </object_component>
      <object_component id="oc-203">
         <name>.debug_info</name>
         <load_address>0x12156</load_address>
         <run_address>0x12156</run_address>
         <size>0xd8</size>
         <input_file_ref idref="fl-d1"/>
      </object_component>
      <object_component id="oc-12b">
         <name>.debug_info</name>
         <load_address>0x1222e</load_address>
         <run_address>0x1222e</run_address>
         <size>0x2e1</size>
         <input_file_ref idref="fl-d1"/>
      </object_component>
      <object_component id="oc-4b">
         <name>.debug_info</name>
         <load_address>0x1250f</load_address>
         <run_address>0x1250f</run_address>
         <size>0x84</size>
         <input_file_ref idref="fl-d1"/>
      </object_component>
      <object_component id="oc-28d">
         <name>.debug_info</name>
         <load_address>0x12593</load_address>
         <run_address>0x12593</run_address>
         <size>0x46</size>
         <input_file_ref idref="fl-d1"/>
      </object_component>
      <object_component id="oc-206">
         <name>.debug_info</name>
         <load_address>0x125d9</load_address>
         <run_address>0x125d9</run_address>
         <size>0x39</size>
         <input_file_ref idref="fl-d1"/>
      </object_component>
      <object_component id="oc-274">
         <name>.debug_info</name>
         <load_address>0x12612</load_address>
         <run_address>0x12612</run_address>
         <size>0x2a6</size>
         <input_file_ref idref="fl-d2"/>
      </object_component>
      <object_component id="oc-1ee">
         <name>.debug_info</name>
         <load_address>0x128b8</load_address>
         <run_address>0x128b8</run_address>
         <size>0x148</size>
         <input_file_ref idref="fl-d2"/>
      </object_component>
      <object_component id="oc-259">
         <name>.debug_info</name>
         <load_address>0x12a00</load_address>
         <run_address>0x12a00</run_address>
         <size>0x26b</size>
         <input_file_ref idref="fl-d3"/>
      </object_component>
      <object_component id="oc-1ce">
         <name>.debug_info</name>
         <load_address>0x12c6b</load_address>
         <run_address>0x12c6b</run_address>
         <size>0x17c</size>
         <input_file_ref idref="fl-d3"/>
      </object_component>
      <object_component id="oc-281">
         <name>.debug_info</name>
         <load_address>0x12de7</load_address>
         <run_address>0x12de7</run_address>
         <size>0x2d9</size>
         <input_file_ref idref="fl-d4"/>
      </object_component>
      <object_component id="oc-1f7">
         <name>.debug_info</name>
         <load_address>0x130c0</load_address>
         <run_address>0x130c0</run_address>
         <size>0x189</size>
         <input_file_ref idref="fl-d4"/>
      </object_component>
      <object_component id="oc-2ff">
         <name>.debug_info</name>
         <load_address>0x13249</load_address>
         <run_address>0x13249</run_address>
         <size>0x39</size>
         <input_file_ref idref="fl-d4"/>
      </object_component>
      <object_component id="oc-282">
         <name>.debug_info</name>
         <load_address>0x13282</load_address>
         <run_address>0x13282</run_address>
         <size>0x2c</size>
         <input_file_ref idref="fl-d4"/>
      </object_component>
      <object_component id="oc-c0">
         <name>.debug_info</name>
         <load_address>0x132ae</load_address>
         <run_address>0x132ae</run_address>
         <size>0x12b</size>
         <input_file_ref idref="fl-d5"/>
      </object_component>
      <object_component id="oc-1bf">
         <name>.debug_info</name>
         <load_address>0x133d9</load_address>
         <run_address>0x133d9</run_address>
         <size>0x52e</size>
         <input_file_ref idref="fl-d6"/>
      </object_component>
      <object_component id="oc-e4">
         <name>.debug_info</name>
         <load_address>0x13907</load_address>
         <run_address>0x13907</run_address>
         <size>0x182</size>
         <input_file_ref idref="fl-d6"/>
      </object_component>
      <object_component id="oc-247">
         <name>.debug_info</name>
         <load_address>0x13a89</load_address>
         <run_address>0x13a89</run_address>
         <size>0x39</size>
         <input_file_ref idref="fl-d6"/>
      </object_component>
      <object_component id="oc-2e8">
         <name>.debug_info</name>
         <load_address>0x13ac2</load_address>
         <run_address>0x13ac2</run_address>
         <size>0x39</size>
         <input_file_ref idref="fl-d6"/>
      </object_component>
      <object_component id="oc-24c">
         <name>.debug_info</name>
         <load_address>0x13afb</load_address>
         <run_address>0x13afb</run_address>
         <size>0x39</size>
         <input_file_ref idref="fl-d6"/>
      </object_component>
      <object_component id="oc-251">
         <name>.debug_info</name>
         <load_address>0x13b34</load_address>
         <run_address>0x13b34</run_address>
         <size>0xcd</size>
         <input_file_ref idref="fl-d6"/>
      </object_component>
      <object_component id="oc-be">
         <name>.debug_info</name>
         <load_address>0x13c01</load_address>
         <run_address>0x13c01</run_address>
         <size>0x2f5</size>
         <input_file_ref idref="fl-d8"/>
      </object_component>
      <object_component id="oc-5e">
         <name>.debug_info</name>
         <load_address>0x13ef6</load_address>
         <run_address>0x13ef6</run_address>
         <size>0x19b</size>
         <input_file_ref idref="fl-d8"/>
      </object_component>
      <object_component id="oc-b9">
         <name>.debug_info</name>
         <load_address>0x14091</load_address>
         <run_address>0x14091</run_address>
         <size>0x46</size>
         <input_file_ref idref="fl-d8"/>
      </object_component>
      <object_component id="oc-18c">
         <name>.debug_info</name>
         <load_address>0x140d7</load_address>
         <run_address>0x140d7</run_address>
         <size>0x2c</size>
         <input_file_ref idref="fl-d8"/>
      </object_component>
      <object_component id="oc-5b">
         <name>.debug_info</name>
         <load_address>0x14103</load_address>
         <run_address>0x14103</run_address>
         <size>0x27f</size>
         <input_file_ref idref="fl-d9"/>
      </object_component>
      <object_component id="oc-13">
         <name>.debug_info</name>
         <load_address>0x14382</load_address>
         <run_address>0x14382</run_address>
         <size>0x1b1</size>
         <input_file_ref idref="fl-d9"/>
      </object_component>
      <object_component id="oc-56">
         <name>.debug_info</name>
         <load_address>0x14533</load_address>
         <run_address>0x14533</run_address>
         <size>0x46</size>
         <input_file_ref idref="fl-d9"/>
      </object_component>
      <object_component id="oc-b1">
         <name>.debug_info</name>
         <load_address>0x14579</load_address>
         <run_address>0x14579</run_address>
         <size>0x2c</size>
         <input_file_ref idref="fl-d9"/>
      </object_component>
      <object_component id="oc-af">
         <name>.debug_info</name>
         <load_address>0x145a5</load_address>
         <run_address>0x145a5</run_address>
         <size>0x27a</size>
         <input_file_ref idref="fl-da"/>
      </object_component>
      <object_component id="oc-d">
         <name>.debug_info</name>
         <load_address>0x1481f</load_address>
         <run_address>0x1481f</run_address>
         <size>0x22c</size>
         <input_file_ref idref="fl-da"/>
      </object_component>
      <object_component id="oc-46">
         <name>.debug_info</name>
         <load_address>0x14a4b</load_address>
         <run_address>0x14a4b</run_address>
         <size>0x60</size>
         <input_file_ref idref="fl-da"/>
      </object_component>
      <object_component id="oc-185">
         <name>.debug_info</name>
         <load_address>0x14aab</load_address>
         <run_address>0x14aab</run_address>
         <size>0x46</size>
         <input_file_ref idref="fl-da"/>
      </object_component>
      <object_component id="oc-aa">
         <name>.debug_info</name>
         <load_address>0x14af1</load_address>
         <run_address>0x14af1</run_address>
         <size>0x39</size>
         <input_file_ref idref="fl-da"/>
      </object_component>
      <object_component id="oc-279">
         <name>.debug_info</name>
         <load_address>0x14b2a</load_address>
         <run_address>0x14b2a</run_address>
         <size>0x265</size>
         <input_file_ref idref="fl-db"/>
      </object_component>
      <object_component id="oc-276">
         <name>.debug_info</name>
         <load_address>0x14d8f</load_address>
         <run_address>0x14d8f</run_address>
         <size>0xea</size>
         <input_file_ref idref="fl-db"/>
      </object_component>
      <object_component id="oc-1f1">
         <name>.debug_info</name>
         <load_address>0x14e79</load_address>
         <run_address>0x14e79</run_address>
         <size>0x12a</size>
         <input_file_ref idref="fl-db"/>
      </object_component>
      <object_component id="oc-14a">
         <name>.debug_info</name>
         <load_address>0x14fa3</load_address>
         <run_address>0x14fa3</run_address>
         <size>0xfe</size>
         <input_file_ref idref="fl-dc"/>
      </object_component>
      <object_component id="oc-21f">
         <name>.debug_info</name>
         <load_address>0x150a1</load_address>
         <run_address>0x150a1</run_address>
         <size>0x30f</size>
         <input_file_ref idref="fl-de"/>
      </object_component>
      <object_component id="oc-131">
         <name>.debug_info</name>
         <load_address>0x153b0</load_address>
         <run_address>0x153b0</run_address>
         <size>0x1ad</size>
         <input_file_ref idref="fl-de"/>
      </object_component>
      <object_component id="oc-213">
         <name>.debug_info</name>
         <load_address>0x1555d</load_address>
         <run_address>0x1555d</run_address>
         <size>0x174</size>
         <input_file_ref idref="fl-de"/>
      </object_component>
      <object_component id="oc-219">
         <name>.debug_info</name>
         <load_address>0x156d1</load_address>
         <run_address>0x156d1</run_address>
         <size>0x149</size>
         <input_file_ref idref="fl-de"/>
      </object_component>
      <object_component id="oc-34d">
         <name>.debug_info</name>
         <load_address>0x1581a</load_address>
         <run_address>0x1581a</run_address>
         <size>0x2c</size>
         <input_file_ref idref="fl-de"/>
      </object_component>
      <object_component id="oc-226">
         <name>.debug_info</name>
         <load_address>0x15846</load_address>
         <run_address>0x15846</run_address>
         <size>0x26b</size>
         <input_file_ref idref="fl-df"/>
      </object_component>
      <object_component id="oc-137">
         <name>.debug_info</name>
         <load_address>0x15ab1</load_address>
         <run_address>0x15ab1</run_address>
         <size>0x1df</size>
         <input_file_ref idref="fl-df"/>
      </object_component>
      <object_component id="oc-27b">
         <name>.debug_info</name>
         <load_address>0x15c90</load_address>
         <run_address>0x15c90</run_address>
         <size>0x13d</size>
         <input_file_ref idref="fl-e0"/>
      </object_component>
      <object_component id="oc-51">
         <name>.debug_info</name>
         <load_address>0x15dcd</load_address>
         <run_address>0x15dcd</run_address>
         <size>0x163</size>
         <input_file_ref idref="fl-e1"/>
      </object_component>
      <object_component id="oc-2c5">
         <name>.debug_info</name>
         <load_address>0x15f30</load_address>
         <run_address>0x15f30</run_address>
         <size>0x88d</size>
         <input_file_ref idref="fl-e2"/>
      </object_component>
      <object_component id="oc-29e">
         <name>.debug_info</name>
         <load_address>0x167bd</load_address>
         <run_address>0x167bd</run_address>
         <size>0x1fa</size>
         <input_file_ref idref="fl-e2"/>
      </object_component>
      <object_component id="oc-31e">
         <name>.debug_info</name>
         <load_address>0x169b7</load_address>
         <run_address>0x169b7</run_address>
         <size>0x18f</size>
         <input_file_ref idref="fl-e2"/>
      </object_component>
      <object_component id="oc-324">
         <name>.debug_info</name>
         <load_address>0x16b46</load_address>
         <run_address>0x16b46</run_address>
         <size>0x1f7</size>
         <input_file_ref idref="fl-e2"/>
      </object_component>
      <object_component id="oc-2a4">
         <name>.debug_info</name>
         <load_address>0x16d3d</load_address>
         <run_address>0x16d3d</run_address>
         <size>0x2b0</size>
         <input_file_ref idref="fl-e2"/>
      </object_component>
      <object_component id="oc-32b">
         <name>.debug_info</name>
         <load_address>0x16fed</load_address>
         <run_address>0x16fed</run_address>
         <size>0x200</size>
         <input_file_ref idref="fl-e2"/>
      </object_component>
      <object_component id="oc-331">
         <name>.debug_info</name>
         <load_address>0x171ed</load_address>
         <run_address>0x171ed</run_address>
         <size>0x1f1</size>
         <input_file_ref idref="fl-e2"/>
      </object_component>
      <object_component id="oc-2aa">
         <name>.debug_info</name>
         <load_address>0x173de</load_address>
         <run_address>0x173de</run_address>
         <size>0x1f1</size>
         <input_file_ref idref="fl-e2"/>
      </object_component>
      <object_component id="oc-2b0">
         <name>.debug_info</name>
         <load_address>0x175cf</load_address>
         <run_address>0x175cf</run_address>
         <size>0x21c</size>
         <input_file_ref idref="fl-e2"/>
      </object_component>
      <object_component id="oc-2b6">
         <name>.debug_info</name>
         <load_address>0x177eb</load_address>
         <run_address>0x177eb</run_address>
         <size>0x335</size>
         <input_file_ref idref="fl-e2"/>
      </object_component>
      <object_component id="oc-210">
         <name>.debug_info</name>
         <load_address>0x17b20</load_address>
         <run_address>0x17b20</run_address>
         <size>0x58e</size>
         <input_file_ref idref="fl-e2"/>
      </object_component>
      <object_component id="oc-2c6">
         <name>.debug_info</name>
         <load_address>0x180ae</load_address>
         <run_address>0x180ae</run_address>
         <size>0x86</size>
         <input_file_ref idref="fl-e2"/>
      </object_component>
      <object_component id="oc-352">
         <name>.debug_info</name>
         <load_address>0x18134</load_address>
         <run_address>0x18134</run_address>
         <size>0x39</size>
         <input_file_ref idref="fl-e2"/>
      </object_component>
      <object_component id="oc-383">
         <name>.debug_info</name>
         <load_address>0x1816d</load_address>
         <run_address>0x1816d</run_address>
         <size>0xb6</size>
         <input_file_ref idref="fl-e2"/>
      </object_component>
      <object_component id="oc-357">
         <name>.debug_info</name>
         <load_address>0x18223</load_address>
         <run_address>0x18223</run_address>
         <size>0x46</size>
         <input_file_ref idref="fl-e2"/>
      </object_component>
      <object_component id="oc-2cb">
         <name>.debug_info</name>
         <load_address>0x18269</load_address>
         <run_address>0x18269</run_address>
         <size>0x46</size>
         <input_file_ref idref="fl-e2"/>
      </object_component>
      <object_component id="oc-308">
         <name>.debug_info</name>
         <load_address>0x182af</load_address>
         <run_address>0x182af</run_address>
         <size>0x295</size>
         <input_file_ref idref="fl-e3"/>
      </object_component>
      <object_component id="oc-297">
         <name>.debug_info</name>
         <load_address>0x18544</load_address>
         <run_address>0x18544</run_address>
         <size>0x158</size>
         <input_file_ref idref="fl-e3"/>
      </object_component>
      <object_component id="oc-361">
         <name>.debug_info</name>
         <load_address>0x1869c</load_address>
         <run_address>0x1869c</run_address>
         <size>0xd5</size>
         <input_file_ref idref="fl-e4"/>
      </object_component>
      <object_component id="oc-305">
         <name>.debug_info</name>
         <load_address>0x18771</load_address>
         <run_address>0x18771</run_address>
         <size>0xe1</size>
         <input_file_ref idref="fl-e4"/>
      </object_component>
      <object_component id="oc-371">
         <name>.debug_info</name>
         <load_address>0x18852</load_address>
         <run_address>0x18852</run_address>
         <size>0x277</size>
         <input_file_ref idref="fl-e5"/>
      </object_component>
      <object_component id="oc-315">
         <name>.debug_info</name>
         <load_address>0x18ac9</load_address>
         <run_address>0x18ac9</run_address>
         <size>0x1c1</size>
         <input_file_ref idref="fl-e5"/>
      </object_component>
      <object_component id="oc-343">
         <name>.debug_info</name>
         <load_address>0x18c8a</load_address>
         <run_address>0x18c8a</run_address>
         <size>0x272</size>
         <input_file_ref idref="fl-e6"/>
      </object_component>
      <object_component id="oc-2b9">
         <name>.debug_info</name>
         <load_address>0x18efc</load_address>
         <run_address>0x18efc</run_address>
         <size>0x192</size>
         <input_file_ref idref="fl-e6"/>
      </object_component>
      <object_component id="oc-379">
         <name>.debug_info</name>
         <load_address>0x1908e</load_address>
         <run_address>0x1908e</run_address>
         <size>0x276</size>
         <input_file_ref idref="fl-e7"/>
      </object_component>
      <object_component id="oc-33c">
         <name>.debug_info</name>
         <load_address>0x19304</load_address>
         <run_address>0x19304</run_address>
         <size>0x1fc</size>
         <input_file_ref idref="fl-e7"/>
      </object_component>
      <object_component id="oc-34a">
         <name>.debug_info</name>
         <load_address>0x19500</load_address>
         <run_address>0x19500</run_address>
         <size>0x26b</size>
         <input_file_ref idref="fl-e8"/>
      </object_component>
      <object_component id="oc-2bf">
         <name>.debug_info</name>
         <load_address>0x1976b</load_address>
         <run_address>0x1976b</run_address>
         <size>0x136</size>
         <input_file_ref idref="fl-e8"/>
      </object_component>
      <object_component id="oc-37c">
         <name>.debug_info</name>
         <load_address>0x198a1</load_address>
         <run_address>0x198a1</run_address>
         <size>0x46</size>
         <input_file_ref idref="fl-e8"/>
      </object_component>
      <object_component id="oc-345">
         <name>.debug_info</name>
         <load_address>0x198e7</load_address>
         <run_address>0x198e7</run_address>
         <size>0x39</size>
         <input_file_ref idref="fl-e8"/>
      </object_component>
      <object_component id="oc-377">
         <name>.debug_info</name>
         <load_address>0x19920</load_address>
         <run_address>0x19920</run_address>
         <size>0x276</size>
         <input_file_ref idref="fl-e9"/>
      </object_component>
      <object_component id="oc-336">
         <name>.debug_info</name>
         <load_address>0x19b96</load_address>
         <run_address>0x19b96</run_address>
         <size>0x16a</size>
         <input_file_ref idref="fl-e9"/>
      </object_component>
      <object_component id="oc-36c">
         <name>.debug_info</name>
         <load_address>0x19d00</load_address>
         <run_address>0x19d00</run_address>
         <size>0x12e</size>
         <input_file_ref idref="fl-ea"/>
      </object_component>
      <object_component id="oc-30f">
         <name>.debug_info</name>
         <load_address>0x19e2e</load_address>
         <run_address>0x19e2e</run_address>
         <size>0x130</size>
         <input_file_ref idref="fl-eb"/>
      </object_component>
      <object_component id="oc-30a">
         <name>.debug_info</name>
         <load_address>0x19f5e</load_address>
         <run_address>0x19f5e</run_address>
         <size>0x169</size>
         <input_file_ref idref="fl-ec"/>
      </object_component>
      <object_component id="oc-367">
         <name>.debug_info</name>
         <load_address>0x1a0c7</load_address>
         <run_address>0x1a0c7</run_address>
         <size>0xf4</size>
         <input_file_ref idref="fl-ed"/>
      </object_component>
      <object_component id="oc-3b8">
         <name>.debug_info</name>
         <load_address>0x1a1bb</load_address>
         <run_address>0x1a1bb</run_address>
         <size>0xa1</size>
      </object_component>
      <object_component id="oc-243">
         <name>.debug_line</name>
         <load_address>0x0</load_address>
         <run_address>0x0</run_address>
         <size>0x5f</size>
         <input_file_ref idref="fl-2"/>
      </object_component>
      <object_component id="oc-270">
         <name>.debug_line</name>
         <load_address>0x5f</load_address>
         <run_address>0x5f</run_address>
         <size>0x36</size>
         <input_file_ref idref="fl-2"/>
      </object_component>
      <object_component id="oc-122">
         <name>.debug_line</name>
         <load_address>0x95</load_address>
         <run_address>0x95</run_address>
         <size>0x3e5</size>
         <input_file_ref idref="fl-2"/>
      </object_component>
      <object_component id="oc-23">
         <name>.debug_line</name>
         <load_address>0x47a</load_address>
         <run_address>0x47a</run_address>
         <size>0x9f</size>
         <input_file_ref idref="fl-2"/>
      </object_component>
      <object_component id="oc-15a">
         <name>.debug_line</name>
         <load_address>0x519</load_address>
         <run_address>0x519</run_address>
         <size>0x75</size>
         <input_file_ref idref="fl-2"/>
      </object_component>
      <object_component id="oc-91">
         <name>.debug_line</name>
         <load_address>0x58e</load_address>
         <run_address>0x58e</run_address>
         <size>0x68</size>
         <input_file_ref idref="fl-2"/>
      </object_component>
      <object_component id="oc-a2">
         <name>.debug_line</name>
         <load_address>0x5f6</load_address>
         <run_address>0x5f6</run_address>
         <size>0x20</size>
         <input_file_ref idref="fl-2"/>
      </object_component>
      <object_component id="oc-9d">
         <name>.debug_line</name>
         <load_address>0x616</load_address>
         <run_address>0x616</run_address>
         <size>0x63</size>
         <input_file_ref idref="fl-2"/>
      </object_component>
      <object_component id="oc-235">
         <name>.debug_line</name>
         <load_address>0x679</load_address>
         <run_address>0x679</run_address>
         <size>0x79</size>
         <input_file_ref idref="fl-2"/>
      </object_component>
      <object_component id="oc-147">
         <name>.debug_line</name>
         <load_address>0x6f2</load_address>
         <run_address>0x6f2</run_address>
         <size>0x76</size>
         <input_file_ref idref="fl-2"/>
      </object_component>
      <object_component id="oc-a7">
         <name>.debug_line</name>
         <load_address>0x768</load_address>
         <run_address>0x768</run_address>
         <size>0x66</size>
         <input_file_ref idref="fl-2"/>
      </object_component>
      <object_component id="oc-19e">
         <name>.debug_line</name>
         <load_address>0x7ce</load_address>
         <run_address>0x7ce</run_address>
         <size>0x63</size>
         <input_file_ref idref="fl-2"/>
      </object_component>
      <object_component id="oc-1e1">
         <name>.debug_line</name>
         <load_address>0x831</load_address>
         <run_address>0x831</run_address>
         <size>0x5f</size>
         <input_file_ref idref="fl-2"/>
      </object_component>
      <object_component id="oc-17d">
         <name>.debug_line</name>
         <load_address>0x890</load_address>
         <run_address>0x890</run_address>
         <size>0x63</size>
         <input_file_ref idref="fl-2"/>
      </object_component>
      <object_component id="oc-2e5">
         <name>.debug_line</name>
         <load_address>0x8f3</load_address>
         <run_address>0x8f3</run_address>
         <size>0x20</size>
         <input_file_ref idref="fl-3"/>
      </object_component>
      <object_component id="oc-d7">
         <name>.debug_line</name>
         <load_address>0x913</load_address>
         <run_address>0x913</run_address>
         <size>0x62</size>
         <input_file_ref idref="fl-3"/>
      </object_component>
      <object_component id="oc-15f">
         <name>.debug_line</name>
         <load_address>0x975</load_address>
         <run_address>0x975</run_address>
         <size>0x65</size>
         <input_file_ref idref="fl-3"/>
      </object_component>
      <object_component id="oc-1a3">
         <name>.debug_line</name>
         <load_address>0x9da</load_address>
         <run_address>0x9da</run_address>
         <size>0x63</size>
         <input_file_ref idref="fl-3"/>
      </object_component>
      <object_component id="oc-164">
         <name>.debug_line</name>
         <load_address>0xa3d</load_address>
         <run_address>0xa3d</run_address>
         <size>0x63</size>
         <input_file_ref idref="fl-3"/>
      </object_component>
      <object_component id="oc-169">
         <name>.debug_line</name>
         <load_address>0xaa0</load_address>
         <run_address>0xaa0</run_address>
         <size>0x65</size>
         <input_file_ref idref="fl-3"/>
      </object_component>
      <object_component id="oc-16e">
         <name>.debug_line</name>
         <load_address>0xb05</load_address>
         <run_address>0xb05</run_address>
         <size>0x63</size>
         <input_file_ref idref="fl-3"/>
      </object_component>
      <object_component id="oc-173">
         <name>.debug_line</name>
         <load_address>0xb68</load_address>
         <run_address>0xb68</run_address>
         <size>0x66</size>
         <input_file_ref idref="fl-3"/>
      </object_component>
      <object_component id="oc-178">
         <name>.debug_line</name>
         <load_address>0xbce</load_address>
         <run_address>0xbce</run_address>
         <size>0x66</size>
         <input_file_ref idref="fl-3"/>
      </object_component>
      <object_component id="oc-1bd">
         <name>.debug_line</name>
         <load_address>0xc34</load_address>
         <run_address>0xc34</run_address>
         <size>0x5f</size>
         <input_file_ref idref="fl-5"/>
      </object_component>
      <object_component id="oc-7d">
         <name>.debug_line</name>
         <load_address>0xc93</load_address>
         <run_address>0xc93</run_address>
         <size>0x365</size>
         <input_file_ref idref="fl-5"/>
      </object_component>
      <object_component id="oc-2c">
         <name>.debug_line</name>
         <load_address>0xff8</load_address>
         <run_address>0xff8</run_address>
         <size>0x7c</size>
         <input_file_ref idref="fl-5"/>
      </object_component>
      <object_component id="oc-de">
         <name>.debug_line</name>
         <load_address>0x1074</load_address>
         <run_address>0x1074</run_address>
         <size>0x5f</size>
         <input_file_ref idref="fl-5"/>
      </object_component>
      <object_component id="oc-272">
         <name>.debug_line</name>
         <load_address>0x10d3</load_address>
         <run_address>0x10d3</run_address>
         <size>0x20</size>
         <input_file_ref idref="fl-6"/>
      </object_component>
      <object_component id="oc-128">
         <name>.debug_line</name>
         <load_address>0x10f3</load_address>
         <run_address>0x10f3</run_address>
         <size>0x839</size>
         <input_file_ref idref="fl-6"/>
      </object_component>
      <object_component id="oc-1e8">
         <name>.debug_line</name>
         <load_address>0x192c</load_address>
         <run_address>0x192c</run_address>
         <size>0x61</size>
         <input_file_ref idref="fl-6"/>
      </object_component>
      <object_component id="oc-1a8">
         <name>.debug_line</name>
         <load_address>0x198d</load_address>
         <run_address>0x198d</run_address>
         <size>0x65</size>
         <input_file_ref idref="fl-6"/>
      </object_component>
      <object_component id="oc-1ba">
         <name>.debug_line</name>
         <load_address>0x19f2</load_address>
         <run_address>0x19f2</run_address>
         <size>0x66</size>
         <input_file_ref idref="fl-6"/>
      </object_component>
      <object_component id="oc-269">
         <name>.debug_line</name>
         <load_address>0x1a58</load_address>
         <run_address>0x1a58</run_address>
         <size>0x20</size>
         <input_file_ref idref="fl-7"/>
      </object_component>
      <object_component id="oc-11c">
         <name>.debug_line</name>
         <load_address>0x1a78</load_address>
         <run_address>0x1a78</run_address>
         <size>0x199</size>
         <input_file_ref idref="fl-7"/>
      </object_component>
      <object_component id="oc-26d">
         <name>.debug_line</name>
         <load_address>0x1c11</load_address>
         <run_address>0x1c11</run_address>
         <size>0x5f</size>
         <input_file_ref idref="fl-7"/>
      </object_component>
      <object_component id="oc-195">
         <name>.debug_line</name>
         <load_address>0x1c70</load_address>
         <run_address>0x1c70</run_address>
         <size>0x20</size>
         <input_file_ref idref="fl-9"/>
      </object_component>
      <object_component id="oc-71">
         <name>.debug_line</name>
         <load_address>0x1c90</load_address>
         <run_address>0x1c90</run_address>
         <size>0x15b</size>
         <input_file_ref idref="fl-9"/>
      </object_component>
      <object_component id="oc-199">
         <name>.debug_line</name>
         <load_address>0x1deb</load_address>
         <run_address>0x1deb</run_address>
         <size>0x63</size>
         <input_file_ref idref="fl-9"/>
      </object_component>
      <object_component id="oc-cb">
         <name>.debug_line</name>
         <load_address>0x1e4e</load_address>
         <run_address>0x1e4e</run_address>
         <size>0x63</size>
         <input_file_ref idref="fl-9"/>
      </object_component>
      <object_component id="oc-1ad">
         <name>.debug_line</name>
         <load_address>0x1eb1</load_address>
         <run_address>0x1eb1</run_address>
         <size>0x63</size>
         <input_file_ref idref="fl-9"/>
      </object_component>
      <object_component id="oc-266">
         <name>.debug_line</name>
         <load_address>0x1f14</load_address>
         <run_address>0x1f14</run_address>
         <size>0x5f</size>
         <input_file_ref idref="fl-9"/>
      </object_component>
      <object_component id="oc-d1">
         <name>.debug_line</name>
         <load_address>0x1f73</load_address>
         <run_address>0x1f73</run_address>
         <size>0xdc</size>
         <input_file_ref idref="fl-a"/>
      </object_component>
      <object_component id="oc-25d">
         <name>.debug_line</name>
         <load_address>0x204f</load_address>
         <run_address>0x204f</run_address>
         <size>0x6f</size>
         <input_file_ref idref="fl-b"/>
      </object_component>
      <object_component id="oc-25b">
         <name>.debug_line</name>
         <load_address>0x20be</load_address>
         <run_address>0x20be</run_address>
         <size>0x36</size>
         <input_file_ref idref="fl-b"/>
      </object_component>
      <object_component id="oc-116">
         <name>.debug_line</name>
         <load_address>0x20f4</load_address>
         <run_address>0x20f4</run_address>
         <size>0x2c0</size>
         <input_file_ref idref="fl-b"/>
      </object_component>
      <object_component id="oc-261">
         <name>.debug_line</name>
         <load_address>0x23b4</load_address>
         <run_address>0x23b4</run_address>
         <size>0x36</size>
         <input_file_ref idref="fl-b"/>
      </object_component>
      <object_component id="oc-6c">
         <name>.debug_line</name>
         <load_address>0x23ea</load_address>
         <run_address>0x23ea</run_address>
         <size>0x2f2</size>
         <input_file_ref idref="fl-c"/>
      </object_component>
      <object_component id="oc-32">
         <name>.debug_line</name>
[...]
         <object_component_ref idref="oc-68"/>
      </symbol>
      <symbol id="sm-469">
         <name>_disable_IRQ_interrupt_</name>
         <value>0x7cf0</value>
         <object_component_ref idref="oc-68"/>
      </symbol>
      <symbol id="sm-46a">
         <name>_coreGetInstructionFaultAddress_</name>
         <value>0x7cb4</value>
         <object_component_ref idref="oc-68"/>
      </symbol>
      <symbol id="sm-46b">
         <name>_coreGetDataFault_</name>
         <value>0x7c78</value>
         <object_component_ref idref="oc-68"/>
      </symbol>
      <symbol id="sm-46c">
         <name>_coreDisableEventBusExport_</name>
         <value>0x7c58</value>
         <object_component_ref idref="oc-68"/>
      </symbol>
      <symbol id="sm-46d">
         <name>_coreClearDataFaultAddress_</name>
         <value>0x7ca8</value>
         <object_component_ref idref="oc-68"/>
      </symbol>
      <symbol id="sm-46e">
         <name>__TI_PINIT_Base</name>
         <value>0x7e74</value>
         <object_component_ref idref="oc-68"/>
      </symbol>
      <symbol id="sm-46f">
         <name>_coreInitRegisters_</name>
         <value>0x7ab8</value>
         <object_component_ref idref="oc-68"/>
      </symbol>
      <symbol id="sm-470">
         <name>_coreClearInstructionFaultAddress_</name>
         <value>0x7cbc</value>
         <object_component_ref idref="oc-68"/>
      </symbol>
      <symbol id="sm-471">
         <name>_coreClearDataFault_</name>
         <value>0x7c80</value>
         <object_component_ref idref="oc-68"/>
      </symbol>
      <symbol id="sm-472">
         <name>_coreGetAuxiliaryDataFault_</name>
         <value>0x7cc8</value>
         <object_component_ref idref="oc-68"/>
      </symbol>
      <symbol id="sm-473">
         <name>_enable_interrupt_</name>
         <value>0x7d00</value>
         <object_component_ref idref="oc-68"/>
      </symbol>
      <symbol id="sm-474">
         <name>_coreClearAuxiliaryInstructionFault_</name>
         <value>0x7ce4</value>
         <object_component_ref idref="oc-68"/>
      </symbol>
      <symbol id="sm-475">
         <name>_memInit_</name>
         <value>0x7d90</value>
         <object_component_ref idref="oc-68"/>
      </symbol>
      <symbol id="sm-476">
         <name>_dCacheInvalidate_</name>
         <value>0x7e4c</value>
         <object_component_ref idref="oc-68"/>
      </symbol>
      <symbol id="sm-477">
         <name>_coreGetDataFaultAddress_</name>
         <value>0x7ca0</value>
         <object_component_ref idref="oc-68"/>
      </symbol>
      <symbol id="sm-478">
         <name>_coreClearInstructionFault_</name>
         <value>0x7c94</value>
         <object_component_ref idref="oc-68"/>
      </symbol>
      <symbol id="sm-479">
         <name>_getCPSRValue_</name>
         <value>0x7c10</value>
         <object_component_ref idref="oc-68"/>
      </symbol>
      <symbol id="sm-47a">
         <name>_cacheDisable_</name>
         <value>0x7e28</value>
         <object_component_ref idref="oc-68"/>
      </symbol>
      <symbol id="sm-47b">
         <name>_enable_IRQ_interrupt_</name>
         <value>0x7cf8</value>
         <object_component_ref idref="oc-68"/>
      </symbol>
      <symbol id="sm-47c">
         <name>__TI_PINIT_Limit</name>
         <value>0x7e78</value>
         <object_component_ref idref="oc-68"/>
      </symbol>
      <symbol id="sm-47d">
         <name>_coreGetAuxiliaryInstructionFault_</name>
         <value>0x7cdc</value>
         <object_component_ref idref="oc-68"/>
      </symbol>
      <symbol id="sm-47e">
         <name>_coreInitStackPointer_</name>
         <value>0x7bc4</value>
         <object_component_ref idref="oc-68"/>
      </symbol>
      <symbol id="sm-47f">
         <name>_esmCcmErrorsClear_</name>
         <value>0x7d08</value>
         <object_component_ref idref="oc-68"/>
      </symbol>
      <symbol id="sm-480">
         <name>_gotoCPUIdle_</name>
         <value>0x7c18</value>
         <object_component_ref idref="oc-68"/>
      </symbol>
      <symbol id="sm-481">
         <name>_coreEnableIrqVicOffset_</name>
         <value>0x7c68</value>
         <object_component_ref idref="oc-68"/>
      </symbol>
      <symbol id="sm-482">
         <name>_coreGetInstructionFault_</name>
         <value>0x7c8c</value>
         <object_component_ref idref="oc-68"/>
      </symbol>
      <symbol id="sm-483">
         <name>_cacheEnable_</name>
         <value>0x7de4</value>
         <object_component_ref idref="oc-68"/>
      </symbol>
      <symbol id="sm-484">
         <name>_coreEnableVfp_</name>
         <value>0x7c30</value>
         <object_component_ref idref="oc-68"/>
      </symbol>
      <symbol id="sm-485">
         <name>_coreClearAuxiliaryDataFault_</name>
         <value>0x7cd0</value>
         <object_component_ref idref="oc-68"/>
      </symbol>
      <symbol id="sm-486">
         <name>_coreEnableEventBusExport_</name>
         <value>0x7c48</value>
         <object_component_ref idref="oc-68"/>
      </symbol>
      <symbol id="sm-487">
         <name>_checkMemInitOn_</name>
         <value>0x7dc4</value>
         <object_component_ref idref="oc-68"/>
      </symbol>
      <symbol id="sm-495">
         <name>resetEntry</name>
         <value>0x0</value>
         <object_component_ref idref="oc-2e"/>
      </symbol>
      <symbol id="sm-4d8">
         <name>sciDisplayText</name>
         <value>0x8078</value>
         <object_component_ref idref="oc-85"/>
      </symbol>
      <symbol id="sm-4d9">
         <name>cnt</name>
         <value>0x8001550</value>
         <object_component_ref idref="oc-13c"/>
      </symbol>
      <symbol id="sm-4da">
         <name>canMessageNotification</name>
         <value>0x80d8</value>
         <object_component_ref idref="oc-85"/>
      </symbol>
      <symbol id="sm-4db">
         <name>rx_data</name>
         <value>0x800155c</value>
         <object_component_ref idref="oc-13f"/>
      </symbol>
      <symbol id="sm-4dc">
         <name>main</name>
         <value>0x7e7c</value>
         <object_component_ref idref="oc-85"/>
      </symbol>
      <symbol id="sm-4dd">
         <name>tx_done</name>
         <value>0x8001558</value>
         <object_component_ref idref="oc-13c"/>
      </symbol>
      <symbol id="sm-4de">
         <name>err</name>
         <value>0x8001554</value>
         <object_component_ref idref="oc-13c"/>
      </symbol>
      <symbol id="sm-4df">
         <name>wait</name>
         <value>0x7fe0</value>
         <object_component_ref idref="oc-85"/>
      </symbol>
      <symbol id="sm-4e0">
         <name>disp_set</name>
         <value>0x8024</value>
         <object_component_ref idref="oc-85"/>
      </symbol>
      <symbol id="sm-4fb">
         <name>_mpuSetRegionBaseAddress_</name>
         <value>0x8524</value>
         <object_component_ref idref="oc-7f"/>
      </symbol>
      <symbol id="sm-4fc">
         <name>_mpuInit_</name>
         <value>0x81f4</value>
         <object_component_ref idref="oc-7f"/>
      </symbol>
      <symbol id="sm-4fd">
         <name>_mpuSetRegionSizeRegister_</name>
         <value>0x8558</value>
         <object_component_ref idref="oc-7f"/>
      </symbol>
      <symbol id="sm-4fe">
         <name>_mpuDisableBackgroundRegion_</name>
         <value>0x84ec</value>
         <object_component_ref idref="oc-7f"/>
      </symbol>
      <symbol id="sm-4ff">
         <name>_mpuSetRegionTypeAndPermission_</name>
         <value>0x8534</value>
         <object_component_ref idref="oc-7f"/>
      </symbol>
      <symbol id="sm-500">
         <name>_mpuGetRegionPermission_</name>
         <value>0x854c</value>
         <object_component_ref idref="oc-7f"/>
      </symbol>
      <symbol id="sm-501">
         <name>_mpuEnable_</name>
         <value>0x84ac</value>
         <object_component_ref idref="oc-7f"/>
      </symbol>
      <symbol id="sm-502">
         <name>_mpuGetNumberOfRegions_</name>
         <value>0x84fc</value>
         <object_component_ref idref="oc-7f"/>
      </symbol>
      <symbol id="sm-503">
         <name>_mpuAreRegionsSeparate_</name>
         <value>0x8508</value>
         <object_component_ref idref="oc-7f"/>
      </symbol>
      <symbol id="sm-504">
         <name>_mpuEnableBackgroundRegion_</name>
         <value>0x84dc</value>
         <object_component_ref idref="oc-7f"/>
      </symbol>
      <symbol id="sm-505">
         <name>_mpuGetRegionType_</name>
         <value>0x8540</value>
         <object_component_ref idref="oc-7f"/>
      </symbol>
      <symbol id="sm-506">
         <name>_mpuDisable_</name>
         <value>0x84c4</value>
         <object_component_ref idref="oc-7f"/>
      </symbol>
      <symbol id="sm-507">
         <name>_mpuGetRegionBaseAddress_</name>
         <value>0x852c</value>
         <object_component_ref idref="oc-7f"/>
      </symbol>
      <symbol id="sm-508">
         <name>_mpuSetRegion_</name>
         <value>0x8514</value>
         <object_component_ref idref="oc-7f"/>
      </symbol>
      <symbol id="sm-509">
         <name>_mpuGetRegion_</name>
         <value>0x851c</value>
         <object_component_ref idref="oc-7f"/>
      </symbol>
      <symbol id="sm-51c">
         <name>phantomInterrupt</name>
         <value>0xa4ac</value>
         <object_component_ref idref="oc-33"/>
      </symbol>
      <symbol id="sm-530">
         <name>_c_int00</name>
         <value>0x9cd0</value>
         <object_component_ref idref="oc-19"/>
      </symbol>
      <symbol id="sm-5d4">
         <name>vimChannelMap</name>
         <value>0x5600</value>
         <object_component_ref idref="oc-3a"/>
      </symbol>
      <symbol id="sm-5d5">
         <name>vimInit</name>
         <value>0x552c</value>
         <object_component_ref idref="oc-3a"/>
      </symbol>
      <symbol id="sm-5d6">
         <name>vimEnableInterrupt</name>
         <value>0x56a4</value>
         <object_component_ref idref="oc-3a"/>
      </symbol>
      <symbol id="sm-5d7">
         <name>vimDisableInterrupt</name>
         <value>0x586c</value>
         <object_component_ref idref="oc-3a"/>
      </symbol>
      <symbol id="sm-5d8">
         <name>vimGetConfigValue</name>
         <value>0x5918</value>
         <object_component_ref idref="oc-3a"/>
      </symbol>
      <symbol id="sm-5d9">
         <name>vimECCErrorHandler</name>
         <value>0x8560</value>
         <object_component_ref idref="oc-39"/>
      </symbol>
      <symbol id="sm-627">
         <name>systemGetConfigValue</name>
         <value>0x5064</value>
         <object_component_ref idref="oc-73"/>
      </symbol>
      <symbol id="sm-628">
         <name>trimLPO</name>
         <value>0x4c30</value>
         <object_component_ref idref="oc-73"/>
      </symbol>
      <symbol id="sm-629">
         <name>systemInit</name>
         <value>0x4e98</value>
         <object_component_ref idref="oc-73"/>
      </symbol>
      <symbol id="sm-62a">
         <name>periphInit</name>
         <value>0x4cb8</value>
         <object_component_ref idref="oc-73"/>
      </symbol>
      <symbol id="sm-62b">
         <name>setupFlash</name>
         <value>0x4c78</value>
         <object_component_ref idref="oc-73"/>
      </symbol>
      <symbol id="sm-62c">
         <name>setupPLL</name>
         <value>0x4bd0</value>
         <object_component_ref idref="oc-73"/>
      </symbol>
      <symbol id="sm-62d">
         <name>getResetSource</name>
         <value>0x4f3c</value>
         <object_component_ref idref="oc-73"/>
      </symbol>
      <symbol id="sm-62e">
         <name>mapClocks</name>
         <value>0x4d6c</value>
         <object_component_ref idref="oc-73"/>
      </symbol>
      <symbol id="sm-62f">
         <name>systemPowerDown</name>
         <value>0x4f0c</value>
         <object_component_ref idref="oc-73"/>
      </symbol>
      <symbol id="sm-6b3">
         <name>pow</name>
         <value>0x66f8</value>
         <object_component_ref idref="oc-12a"/>
      </symbol>
      <symbol id="sm-6b4">
         <name>powl</name>
         <value>0x66f8</value>
         <object_component_ref idref="oc-12a"/>
      </symbol>
      <symbol id="sm-6c4">
         <name>sqrtl</name>
         <value>0xa334</value>
         <object_component_ref idref="oc-1ea"/>
      </symbol>
      <symbol id="sm-6c5">
         <name>sqrt</name>
         <value>0xa334</value>
         <object_component_ref idref="oc-1ea"/>
      </symbol>
      <symbol id="sm-6df">
         <name>floorl</name>
         <value>0x97ac</value>
         <object_component_ref idref="oc-1cd"/>
      </symbol>
      <symbol id="sm-6e0">
         <name>floor</name>
         <value>0x97ac</value>
         <object_component_ref idref="oc-1cd"/>
      </symbol>
      <symbol id="sm-704">
         <name>scalbn</name>
         <value>0x98e8</value>
         <object_component_ref idref="oc-1f6"/>
      </symbol>
      <symbol id="sm-705">
         <name>scalbnl</name>
         <value>0x98e8</value>
         <object_component_ref idref="oc-1f6"/>
      </symbol>
      <symbol id="sm-706">
         <name>ldexpl</name>
         <value>0x98e8</value>
         <object_component_ref idref="oc-1f6"/>
      </symbol>
      <symbol id="sm-707">
         <name>ldexp</name>
         <value>0x98e8</value>
         <object_component_ref idref="oc-1f6"/>
      </symbol>
      <symbol id="sm-716">
         <name>__aeabi_memset</name>
         <value>0x9d88</value>
         <object_component_ref idref="oc-bf"/>
      </symbol>
      <symbol id="sm-717">
         <name>memset</name>
         <value>0x9d94</value>
         <object_component_ref idref="oc-bf"/>
      </symbol>
      <symbol id="sm-718">
         <name>__aeabi_memset8</name>
         <value>0x9d88</value>
         <object_component_ref idref="oc-bf"/>
      </symbol>
      <symbol id="sm-719">
         <name>__aeabi_memset4</name>
         <value>0x9d88</value>
         <object_component_ref idref="oc-bf"/>
      </symbol>
      <symbol id="sm-71a">
         <name>__aeabi_memclr8</name>
         <value>0x9d84</value>
         <object_component_ref idref="oc-bf"/>
      </symbol>
      <symbol id="sm-71b">
         <name>__aeabi_memclr4</name>
         <value>0x9d84</value>
         <object_component_ref idref="oc-bf"/>
      </symbol>
      <symbol id="sm-71c">
         <name>__aeabi_memclr</name>
         <value>0x9d84</value>
         <object_component_ref idref="oc-bf"/>
      </symbol>
      <symbol id="sm-744">
         <name>__TI_auto_init_nobinit_nopinit</name>
         <value>0xa160</value>
         <object_component_ref idref="oc-e2"/>
      </symbol>
      <symbol id="sm-75d">
         <name>__TI_zero_init_nomemset</name>
         <value>0xa414</value>
         <object_component_ref idref="oc-5c"/>
      </symbol>
      <symbol id="sm-774">
         <name>__TI_decompress_none</name>
         <value>0xa484</value>
         <object_component_ref idref="oc-12"/>
      </symbol>
      <symbol id="sm-797">
         <name>__TI_decompress_lzss</name>
         <value>0x9ecc</value>
         <object_component_ref idref="oc-c"/>
      </symbol>
      <symbol id="sm-7ad">
         <name>__aeabi_errno_addr</name>
         <value>0xa498</value>
         <object_component_ref idref="oc-1f0"/>
      </symbol>
      <symbol id="sm-7ae">
         <name>errno</name>
         <value>0x8001564</value>
         <object_component_ref idref="oc-275"/>
      </symbol>
      <symbol id="sm-7b9">
         <name>C$$EXIT</name>
         <value>0xa4a4</value>
         <object_component_ref idref="oc-149"/>
      </symbol>
      <symbol id="sm-7ba">
         <name>abort</name>
         <value>0xa4a4</value>
         <object_component_ref idref="oc-149"/>
      </symbol>
      <symbol id="sm-7e2">
         <name>sprintf</name>
         <value>0xa22c</value>
         <object_component_ref idref="oc-130"/>
      </symbol>
      <symbol id="sm-7f0">
         <name>strlen</name>
         <value>0xa434</value>
         <object_component_ref idref="oc-136"/>
      </symbol>
      <symbol id="sm-7fa">
         <name>copysign</name>
         <value>0xa454</value>
         <object_component_ref idref="oc-27a"/>
      </symbol>
      <symbol id="sm-7fb">
         <name>copysignl</name>
         <value>0xa454</value>
         <object_component_ref idref="oc-27a"/>
      </symbol>
      <symbol id="sm-814">
         <name>memcpy</name>
         <value>0x9214</value>
         <object_component_ref idref="oc-50"/>
      </symbol>
      <symbol id="sm-815">
         <name>__aeabi_memcpy</name>
         <value>0x9214</value>
         <object_component_ref idref="oc-50"/>
      </symbol>
      <symbol id="sm-816">
         <name>__aeabi_memcpy8</name>
         <value>0x9214</value>
         <object_component_ref idref="oc-50"/>
      </symbol>
      <symbol id="sm-817">
         <name>__aeabi_memcpy4</name>
         <value>0x9214</value>
         <object_component_ref idref="oc-50"/>
      </symbol>
      <symbol id="sm-95c">
         <name>__TI_printfi</name>
         <value>0x2770</value>
         <object_component_ref idref="oc-20c"/>
      </symbol>
      <symbol id="sm-96f">
         <name>atoi</name>
         <value>0x9fe8</value>
         <object_component_ref idref="oc-294"/>
      </symbol>
      <symbol id="sm-97a">
         <name>_ctypes_</name>
         <value>0xa6c0</value>
         <object_component_ref idref="oc-304"/>
      </symbol>
      <symbol id="sm-988">
         <name>ltoa</name>
         <value>0xa06c</value>
         <object_component_ref idref="oc-314"/>
      </symbol>
      <symbol id="sm-997">
         <name>memccpy</name>
         <value>0xa39c</value>
         <object_component_ref idref="oc-2b8"/>
      </symbol>
      <symbol id="sm-9a5">
         <name>strchr</name>
         <value>0xa3c8</value>
         <object_component_ref idref="oc-33b"/>
      </symbol>
      <symbol id="sm-9bd">
         <name>wcslen</name>
         <value>0xa3f0</value>
         <object_component_ref idref="oc-2be"/>
      </symbol>
      <symbol id="sm-9d0">
         <name>frexpl</name>
         <value>0x9f5c</value>
         <object_component_ref idref="oc-335"/>
      </symbol>
      <symbol id="sm-9d1">
         <name>frexp</name>
         <value>0x9f5c</value>
         <object_component_ref idref="oc-335"/>
      </symbol>
      <symbol id="sm-9dd">
         <name>__aeabi_idivmod</name>
         <value>0xa290</value>
         <object_component_ref idref="oc-36b"/>
      </symbol>
      <symbol id="sm-9de">
         <name>__aeabi_idiv</name>
         <value>0xa290</value>
         <object_component_ref idref="oc-36b"/>
      </symbol>
      <symbol id="sm-9ea">
         <name>__aeabi_uidivmod</name>
         <value>0xa2e4</value>
         <object_component_ref idref="oc-30e"/>
      </symbol>
      <symbol id="sm-9eb">
         <name>__aeabi_uidiv</name>
         <value>0xa2e4</value>
         <object_component_ref idref="oc-30e"/>
      </symbol>
      <symbol id="sm-a07">
         <name>__aeabi_uldivmod</name>
         <value>0x8b78</value>
         <object_component_ref idref="oc-309"/>
      </symbol>
      <symbol id="sm-a11">
         <name>__aeabi_idiv0</name>
         <value>0xa4b0</value>
         <object_component_ref idref="oc-365"/>
      </symbol>
      <symbol id="sm-a12">
         <name>__aeabi_ldiv0</name>
         <value>0xa4b0</value>
         <object_component_ref idref="oc-365"/>
      </symbol>
      <symbol id="sm-a13">
         <name>__TI_static_base__</name>
         <value>0x0</value>
      </symbol>
      <symbol id="sm-a16">
         <name>SHT$$INIT_ARRAY$$Base</name>
         <value>0x0</value>
      </symbol>
      <symbol id="sm-a17">
         <name>SHT$$INIT_ARRAY$$Limit</name>
         <value>0x0</value>
      </symbol>
      <symbol id="sm-a18">
         <name>_system_post_cinit</name>
         <value>0x0</value>
      </symbol>
   </symbol_table>
   <title>Link successful</title>
</link_info>
