******************************************************************************
                  TI ARM Linker Unix v18.1.3                   
******************************************************************************
>> Linked Thu Dec 20 13:58:16 2018

OUTPUT FILE NAME:   <r5f_adc.out>
ENTRY POINT SYMBOL: "_c_int00"  address: 00004da8


MEMORY CONFIGURATION

         name            origin    length      used     unused   attr    fill
----------------------  --------  ---------  --------  --------  ----  --------
  VECTORS               00000000   00000020  00000020  00000000     X
  FLASH0                00000020   001fffe0  00005330  001facb0  R  X
  FLASH1                00200000   00200000  00000000  00200000  R  X
  STACKS                08000000   00001500  00000000  00001500  RW  
  RAM                   08001500   0007eb00  00000075  0007ea8b  RW  


SEGMENT ALLOCATION MAP

run origin  load origin   length   init length attrs members
----------  ----------- ---------- ----------- ----- -------
00000000    00000000    00005310   00005310    r-x
  00000000    00000000    00000020   00000020    r-x .intvecs
  00000020    00000020    000050c0   000050c0    r-x .text
  000050e0    000050e0    00000230   00000230    r-- .const
00005320    00005320    00000040   00000040    r--
  00005320    00005320    00000040   00000040    r-- .cinit
08001500    08001500    00000075   00000000    rw-
  08001500    08001500    00000060   00000000    rw- .bss
  08001560    08001560    00000015   00000000    rw- .data


SECTION ALLOCATION MAP

 output                                  attributes/
section   page    origin      length       input sections
--------  ----  ----------  ----------   ----------------
.intvecs   0    00000000    00000020     
                  00000000    00000020     HL_sys_intvecs.obj (.intvecs)

.text      0    00000020    000050c0     
                  00000020    00000aec     HL_adc.obj (.text)
                  00000b0c    000009c0     HL_pinmux.obj (.text)
                  000014cc    0000095c     HL_system.obj (.text)
                  00001e28    00000938     HL_sys_vim.obj (.text)
                  00002760    00000870     HL_sci.obj (.text)
                  00002fd0    0000078c     HL_esm.obj (.text)
                  0000375c    00000484     HL_gio.obj (.text)
                  00003be0    000003c4     HL_sys_core.obj (.text)
                  00003fa4    0000036c     HL_sys_mpu.obj (.text)
                  00004310    0000033c     HL_sys_vim.obj (.text:retain)
                  0000464c    00000328     HL_sys_main.obj (.text)
                  00004974    00000180     rtsv7R4_A_be_v3D16_eabi.lib : memcpy32.asm.obj (.text)
                  00004af4    00000178     HL_esm.obj (.text:retain)
                  00004c6c    0000013c     rtsv7R4_A_be_v3D16_eabi.lib : s_floor.c.obj (.text:floor)
                  00004da8    000000b4     HL_sys_startup.obj (.text:retain)
                  00004e5c    000000b0     rtsv7R4_A_be_v3D16_eabi.lib : memset32.asm.obj (.text)
                  00004f0c    0000009c     HL_notification.obj (.text)
                  00004fa8    00000090     rtsv7R4_A_be_v3D16_eabi.lib : copy_decompress_lzss.c.obj (.text:decompress:lzss:__TI_decompress_lzss)
                  00005038    00000068                                 : autoinit.c.obj (.text:__TI_auto_init_nobinit_nopinit:__TI_auto_init_nobinit_nopinit)
                  000050a0    00000020                                 : copy_zero_init.c.obj (.text:decompress:ZI:__TI_zero_init_nomemset:__TI_zero_init_nomemset)
                  000050c0    00000014                                 : copy_decompress_none.c.obj (.text:decompress:none:__TI_decompress_none)
                  000050d4    00000008                                 : exit.c.obj (.text:abort:abort)
                  000050dc    00000004     HL_sys_phantom.obj (.text:retain)

.const     0    000050e0    00000230     
                  000050e0    00000200     HL_sys_vim.obj (.const:s_vim_init)
                  000052e0    00000018     HL_adc.obj (.const:s_adcFiFoSize)
                  000052f8    00000018     HL_adc.obj (.const:s_adcSelect)

.cinit     0    00005320    00000040     
                  00005320    0000001a     (.cinit..data.load) [load image, compression = lzss]
                  0000533a    00000002     --HOLE-- [fill = 0]
                  0000533c    0000000c     (__TI_handler_table)
                  00005348    00000008     (.cinit..bss.load) [load image, compression = zero_init]
                  00005350    00000010     (__TI_cinit_table)

.bss       0    08001500    00000060     UNINITIALIZED
                  08001500    00000050     HL_sci.obj (.bss:g_sciTransfer_t)
                  08001550    00000010     (.common:adc_data)

.data      0    08001560    00000015     UNINITIALIZED
                  08001560    0000000c     HL_sys_main.obj (.data:TXT1)
                  0800156c    00000009     HL_sys_main.obj (.data:TXT2)

MODULE SUMMARY

       Module                       code    ro data   rw data
       ------                       ----    -------   -------
    ./source/
       HL_sys_vim.obj               3188    512       0      
       HL_adc.obj                   2796    48        0      
       HL_pinmux.obj                2496    0         0      
       HL_system.obj                2396    0         0      
       HL_esm.obj                   2308    0         0      
       HL_sci.obj                   2160    0         80     
       HL_gio.obj                   1156    0         0      
       HL_sys_core.obj              964     0         0      
       HL_sys_mpu.obj               876     0         0      
       HL_sys_main.obj              808     0         37     
       HL_sys_startup.obj           180     0         0      
       HL_notification.obj          156     0         0      
       HL_sys_intvecs.obj           32      0         0      
       HL_sys_phantom.obj           4       0         0      
    +--+----------------------------+-------+---------+---------+
       Total:                       19520   560       117    
                                                             
    /home/kiott01a/ti/ccsv8/tools/compiler/ti-cgt-arm_18.1.3.LTS/lib/rtsv7R4_A_be_v3D16_eabi.lib
       memcpy32.asm.obj             384     0         0      
       s_floor.c.obj                316     0         0      
       memset32.asm.obj             176     0         0      
       copy_decompress_lzss.c.obj   144     0         0      
       autoinit.c.obj               104     0         0      
       copy_zero_init.c.obj         32      0         0      
       copy_decompress_none.c.obj   20      0         0      
       exit.c.obj                   8       0         0      
    +--+----------------------------+-------+---------+---------+
       Total:                       1184    0         0      
                                                             
       Linker Generated:            0       62        0      
    +--+----------------------------+-------+---------+---------+
       Grand Total:                 20704   622       117    


LINKER GENERATED COPY TABLES

__TI_cinit_table @ 00005350 records: 2, size/record: 8, table size: 16
	.data: load addr=00005320, load size=0000001a bytes, run addr=08001560, run size=00000015 bytes, compression=lzss
	.bss: load addr=00005348, load size=00000008 bytes, run addr=08001500, run size=00000060 bytes, compression=zero_init


LINKER GENERATED HANDLER TABLE

__TI_handler_table @ 0000533c records: 3, size/record: 4, table size: 12
	index: 0, handler: __TI_zero_init
	index: 1, handler: __TI_decompress_lzss
	index: 2, handler: __TI_decompress_none


GLOBAL SYMBOLS: SORTED ALPHABETICALLY BY Name 

address   name                                
-------   ----                                
000050d4  C$$EXIT                             
UNDEFED   SHT$$INIT_ARRAY$$Base               
UNDEFED   SHT$$INIT_ARRAY$$Limit              
08001560  TXT1                                
0800156c  TXT2                                
00005350  __TI_CINIT_Base                     
00005360  __TI_CINIT_Limit                    
0000533c  __TI_Handler_Table_Base             
00005348  __TI_Handler_Table_Limit            
00003f9c  __TI_PINIT_Base                     
00003fa0  __TI_PINIT_Limit                    
00005038  __TI_auto_init_nobinit_nopinit      
00004fa8  __TI_decompress_lzss                
000050c0  __TI_decompress_none                
ffffffff  __TI_pprof_out_hndl                 
ffffffff  __TI_prof_data_size                 
ffffffff  __TI_prof_data_start                
00000000  __TI_static_base__                  
000050a0  __TI_zero_init_nomemset             
00004e5c  __aeabi_memclr                      
00004e5c  __aeabi_memclr4                     
00004e5c  __aeabi_memclr8                     
00004974  __aeabi_memcpy                      
00004974  __aeabi_memcpy4                     
00004974  __aeabi_memcpy8                     
00004e60  __aeabi_memset                      
00004e60  __aeabi_memset4                     
00004e60  __aeabi_memset8                     
ffffffff  __binit__                           
ffffffff  __c_args__                          
00004da8  _c_int00                            
00003f50  _cacheDisable_                      
00003f0c  _cacheEnable_                       
00003eec  _checkMemInitOn_                    
00003df8  _coreClearAuxiliaryDataFault_       
00003e0c  _coreClearAuxiliaryInstructionFault_
00003dd0  _coreClearDataFaultAddress_         
00003da8  _coreClearDataFault_                
00003de4  _coreClearInstructionFaultAddress_  
00003dbc  _coreClearInstructionFault_         
00003d80  _coreDisableEventBusExport_         
00003d70  _coreEnableEventBusExport_          
00003d90  _coreEnableIrqVicOffset_            
00003d58  _coreEnableVfp_                     
00003df0  _coreGetAuxiliaryDataFault_         
00003e04  _coreGetAuxiliaryInstructionFault_  
00003dc8  _coreGetDataFaultAddress_           
00003da0  _coreGetDataFault_                  
00003ddc  _coreGetInstructionFaultAddress_    
00003db4  _coreGetInstructionFault_           
00003be0  _coreInitRegisters_                 
00003cec  _coreInitStackPointer_              
00003f74  _dCacheInvalidate_                  
00003e18  _disable_IRQ_interrupt_             
00003e20  _enable_IRQ_interrupt_              
00003e28  _enable_interrupt_                  
00003e30  _esmCcmErrorsClear_                 
00003d38  _getCPSRValue_                      
00003d40  _gotoCPUIdle_                       
00003f88  _iCacheInvalidate_                  
00003eb8  _memInit_                           
000042b8  _mpuAreRegionsSeparate_             
0000429c  _mpuDisableBackgroundRegion_        
00004274  _mpuDisable_                        
0000428c  _mpuEnableBackgroundRegion_         
0000425c  _mpuEnable_                         
000042ac  _mpuGetNumberOfRegions_             
000042dc  _mpuGetRegionBaseAddress_           
000042fc  _mpuGetRegionPermission_            
000042f0  _mpuGetRegionType_                  
000042cc  _mpuGetRegion_                      
00003fa4  _mpuInit_                           
000042d4  _mpuSetRegionBaseAddress_           
00004308  _mpuSetRegionSizeRegister_          
000042e4  _mpuSetRegionTypeAndPermission_     
000042c4  _mpuSetRegion_                      
UNDEFED   _system_post_cinit                  
000050d4  abort                               
0000089c  adc1GetConfigValue                  
00000478  adcCalibration                      
0000083c  adcDisableNotification              
000007ec  adcEnableNotification               
00000250  adcGetData                          
00000884  adcGetEVTPin                        
00000020  adcInit                             
00000448  adcIsConversionComplete             
00000418  adcIsFifoFull                       
00000650  adcMidPointCalibration              
00004f58  adcNotification                     
00000228  adcResetFiFo                        
00000864  adcSetEVTPin                        
0000017c  adcStartConversion                  
00000200  adcStopConversion                   
08001550  adc_data                            
ffffffff  binit                               
00004f44  dmaGroupANotification               
00004f94  epcCAMFullNotification              
00004f98  epcFIFOFullNotification             
000031e0  esmActivateNormalOperation          
0000332c  esmClearStatus                      
00003390  esmClearStatusBuffer                
0000336c  esmClearStatusUpper                 
0000318c  esmDisableError                     
000031b4  esmDisableErrorUpper                
00003234  esmDisableInterrupt                 
0000325c  esmDisableInterruptUpper            
00003148  esmEnableError                      
00003170  esmEnableErrorUpper                 
000031f0  esmEnableInterrupt                  
00003218  esmEnableInterruptUpper             
000034c0  esmEnterSelfTest                    
0000312c  esmError                            
00003598  esmGetConfigValue                   
000033cc  esmGetStatus                        
00003498  esmGetStatusBuffer                  
00003450  esmGetStatusUpper                   
00004f0c  esmGroup1Notification               
00004f20  esmGroup2Notification               
00004f34  esmGroup3Notification               
00004af4  esmHighInterrupt                    
00002fd0  esmInit                             
00003548  esmSelfTestStatus                   
000033ac  esmSetCounterPreloadValue           
00003278  esmSetInterruptLevel                
000032ec  esmSetInterruptLevelUpper           
000031d0  esmTriggerErrorPinReset             
00004c6c  floor                               
00004c6c  floorl                              
00001838  getResetSource                      
000039bc  gioDisableNotification              
00003954  gioEnableNotification               
000038bc  gioGetBit                           
00003a24  gioGetConfigValue                   
000038e4  gioGetPort                          
0000375c  gioInit                             
00004f6c  gioNotification                     
0000384c  gioSetBit                           
0000382c  gioSetDirection                     
0000389c  gioSetPort                          
000038fc  gioToggleBit                        
0000464c  main                                
00001668  mapClocks                           
00004974  memcpy                              
00004e6c  memset                              
00000b0c  muxInit                             
000015b4  periphInit                          
000050dc  phantomInterrupt                    
00000000  resetEntry                          
00002e1c  sci1GetConfigValue                  
00002c90  sciDisableLoopback                  
00002d44  sciDisableNotification              
00002c5c  sciEnableLoopback                   
00002cac  sciEnableNotification               
00002ddc  sciEnterResetState                  
00002dfc  sciExitResetState                   
00002760  sciInit                             
00002ad4  sciIsIdleDetected                   
00002ab8  sciIsRxReady                        
00002908  sciIsTxReady                        
00004f80  sciNotification                     
00002b4c  sciReceive                          
00002b20  sciReceiveByte                      
00002af0  sciRxError                          
00002954  sciSend                             
00002924  sciSendByte                         
0000286c  sciSetBaudrate                      
0000284c  sciSetFunctional                    
0000478c  sci_display_data                    
000048ec  sci_display_txt                     
00001574  setupFlash                          
000014cc  setupPLL                            
00001960  systemGetConfigValue                
00001794  systemInit                          
00001808  systemPowerDown                     
0000152c  trimLPO                             
00001efc  vimChannelMap                       
00002168  vimDisableInterrupt                 
00004310  vimECCErrorHandler                  
00001fa0  vimEnableInterrupt                  
00002214  vimGetConfigValue                   
00001e28  vimInit                             
00004748  wait                                


GLOBAL SYMBOLS: SORTED BY Symbol Address 

address   name                                
-------   ----                                
00000000  __TI_static_base__                  
00000000  resetEntry                          
00000020  adcInit                             
0000017c  adcStartConversion                  
00000200  adcStopConversion                   
00000228  adcResetFiFo                        
00000250  adcGetData                          
00000418  adcIsFifoFull                       
00000448  adcIsConversionComplete             
00000478  adcCalibration                      
00000650  adcMidPointCalibration              
000007ec  adcEnableNotification               
0000083c  adcDisableNotification              
00000864  adcSetEVTPin                        
00000884  adcGetEVTPin                        
0000089c  adc1GetConfigValue                  
00000b0c  muxInit                             
000014cc  setupPLL                            
0000152c  trimLPO                             
00001574  setupFlash                          
000015b4  periphInit                          
00001668  mapClocks                           
00001794  systemInit                          
00001808  systemPowerDown                     
00001838  getResetSource                      
00001960  systemGetConfigValue                
00001e28  vimInit                             
00001efc  vimChannelMap                       
00001fa0  vimEnableInterrupt                  
00002168  vimDisableInterrupt                 
00002214  vimGetConfigValue                   
00002760  sciInit                             
0000284c  sciSetFunctional                    
0000286c  sciSetBaudrate                      
00002908  sciIsTxReady                        
00002924  sciSendByte                         
00002954  sciSend                             
00002ab8  sciIsRxReady                        
00002ad4  sciIsIdleDetected                   
00002af0  sciRxError                          
00002b20  sciReceiveByte                      
00002b4c  sciReceive                          
00002c5c  sciEnableLoopback                   
00002c90  sciDisableLoopback                  
00002cac  sciEnableNotification               
00002d44  sciDisableNotification              
00002ddc  sciEnterResetState                  
00002dfc  sciExitResetState                   
00002e1c  sci1GetConfigValue                  
00002fd0  esmInit                             
0000312c  esmError                            
00003148  esmEnableError                      
00003170  esmEnableErrorUpper                 
0000318c  esmDisableError                     
000031b4  esmDisableErrorUpper                
000031d0  esmTriggerErrorPinReset             
000031e0  esmActivateNormalOperation          
000031f0  esmEnableInterrupt                  
00003218  esmEnableInterruptUpper             
00003234  esmDisableInterrupt                 
0000325c  esmDisableInterruptUpper            
00003278  esmSetInterruptLevel                
000032ec  esmSetInterruptLevelUpper           
0000332c  esmClearStatus                      
0000336c  esmClearStatusUpper                 
00003390  esmClearStatusBuffer                
000033ac  esmSetCounterPreloadValue           
000033cc  esmGetStatus                        
00003450  esmGetStatusUpper                   
00003498  esmGetStatusBuffer                  
000034c0  esmEnterSelfTest                    
00003548  esmSelfTestStatus                   
00003598  esmGetConfigValue                   
0000375c  gioInit                             
0000382c  gioSetDirection                     
0000384c  gioSetBit                           
0000389c  gioSetPort                          
000038bc  gioGetBit                           
000038e4  gioGetPort                          
000038fc  gioToggleBit                        
00003954  gioEnableNotification               
000039bc  gioDisableNotification              
00003a24  gioGetConfigValue                   
00003be0  _coreInitRegisters_                 
00003cec  _coreInitStackPointer_              
00003d38  _getCPSRValue_                      
00003d40  _gotoCPUIdle_                       
00003d58  _coreEnableVfp_                     
00003d70  _coreEnableEventBusExport_          
00003d80  _coreDisableEventBusExport_         
00003d90  _coreEnableIrqVicOffset_            
00003da0  _coreGetDataFault_                  
00003da8  _coreClearDataFault_                
00003db4  _coreGetInstructionFault_           
00003dbc  _coreClearInstructionFault_         
00003dc8  _coreGetDataFaultAddress_           
00003dd0  _coreClearDataFaultAddress_         
00003ddc  _coreGetInstructionFaultAddress_    
00003de4  _coreClearInstructionFaultAddress_  
00003df0  _coreGetAuxiliaryDataFault_         
00003df8  _coreClearAuxiliaryDataFault_       
00003e04  _coreGetAuxiliaryInstructionFault_  
00003e0c  _coreClearAuxiliaryInstructionFault_
00003e18  _disable_IRQ_interrupt_             
00003e20  _enable_IRQ_interrupt_              
00003e28  _enable_interrupt_                  
00003e30  _esmCcmErrorsClear_                 
00003eb8  _memInit_                           
00003eec  _checkMemInitOn_                    
00003f0c  _cacheEnable_                       
00003f50  _cacheDisable_                      
00003f74  _dCacheInvalidate_                  
00003f88  _iCacheInvalidate_                  
00003f9c  __TI_PINIT_Base                     
00003fa0  __TI_PINIT_Limit                    
00003fa4  _mpuInit_                           
0000425c  _mpuEnable_                         
00004274  _mpuDisable_                        
0000428c  _mpuEnableBackgroundRegion_         
0000429c  _mpuDisableBackgroundRegion_        
000042ac  _mpuGetNumberOfRegions_             
000042b8  _mpuAreRegionsSeparate_             
000042c4  _mpuSetRegion_                      
000042cc  _mpuGetRegion_                      
000042d4  _mpuSetRegionBaseAddress_           
000042dc  _mpuGetRegionBaseAddress_           
000042e4  _mpuSetRegionTypeAndPermission_     
000042f0  _mpuGetRegionType_                  
000042fc  _mpuGetRegionPermission_            
00004308  _mpuSetRegionSizeRegister_          
00004310  vimECCErrorHandler                  
0000464c  main                                
00004748  wait                                
0000478c  sci_display_data                    
000048ec  sci_display_txt                     
00004974  __aeabi_memcpy                      
00004974  __aeabi_memcpy4                     
00004974  __aeabi_memcpy8                     
00004974  memcpy                              
00004af4  esmHighInterrupt                    
00004c6c  floor                               
00004c6c  floorl                              
00004da8  _c_int00                            
00004e5c  __aeabi_memclr                      
00004e5c  __aeabi_memclr4                     
00004e5c  __aeabi_memclr8                     
00004e60  __aeabi_memset                      
00004e60  __aeabi_memset4                     
00004e60  __aeabi_memset8                     
00004e6c  memset                              
00004f0c  esmGroup1Notification               
00004f20  esmGroup2Notification               
00004f34  esmGroup3Notification               
00004f44  dmaGroupANotification               
00004f58  adcNotification                     
00004f6c  gioNotification                     
00004f80  sciNotification                     
00004f94  epcCAMFullNotification              
00004f98  epcFIFOFullNotification             
00004fa8  __TI_decompress_lzss                
00005038  __TI_auto_init_nobinit_nopinit      
000050a0  __TI_zero_init_nomemset             
000050c0  __TI_decompress_none                
000050d4  C$$EXIT                             
000050d4  abort                               
000050dc  phantomInterrupt                    
0000533c  __TI_Handler_Table_Base             
00005348  __TI_Handler_Table_Limit            
00005350  __TI_CINIT_Base                     
00005360  __TI_CINIT_Limit                    
08001550  adc_data                            
08001560  TXT1                                
0800156c  TXT2                                
ffffffff  __TI_pprof_out_hndl                 
ffffffff  __TI_prof_data_size                 
ffffffff  __TI_prof_data_start                
ffffffff  __binit__                           
ffffffff  __c_args__                          
ffffffff  binit                               
UNDEFED   SHT$$INIT_ARRAY$$Base               
UNDEFED   SHT$$INIT_ARRAY$$Limit              
UNDEFED   _system_post_cinit                  

[182 symbols]
