<?xml version="1.0" encoding="ISO-8859-1" ?>
<link_info>
   <banner>TI ARM Linker Unix v18.1.3.LTS</banner>
   <copyright>Copyright (c) 1996-2017 Texas Instruments Incorporated</copyright>
   <link_time>0x5c1b2168</link_time>
   <link_errors>0x0</link_errors>
   <output_file>r5f_adc.out</output_file>
   <entry_point>
      <name>_c_int00</name>
      <address>0x4da8</address>
   </entry_point>
   <input_file_list>
      <input_file id="fl-2">
         <path>./source/</path>
         <kind>object</kind>
         <file>HL_adc.obj</file>
         <name>HL_adc.obj</name>
      </input_file>
      <input_file id="fl-3">
         <path>./source/</path>
         <kind>object</kind>
         <file>HL_epc.obj</file>
         <name>HL_epc.obj</name>
      </input_file>
      <input_file id="fl-4">
         <path>./source/</path>
         <kind>object</kind>
         <file>HL_errata.obj</file>
         <name>HL_errata.obj</name>
      </input_file>
      <input_file id="fl-5">
         <path>./source/</path>
         <kind>object</kind>
         <file>HL_esm.obj</file>
         <name>HL_esm.obj</name>
      </input_file>
      <input_file id="fl-6">
         <path>./source/</path>
         <kind>object</kind>
         <file>HL_gio.obj</file>
         <name>HL_gio.obj</name>
      </input_file>
      <input_file id="fl-7">
         <path>./source/</path>
         <kind>object</kind>
         <file>HL_nmpu.obj</file>
         <name>HL_nmpu.obj</name>
      </input_file>
      <input_file id="fl-8">
         <path>./source/</path>
         <kind>object</kind>
         <file>HL_notification.obj</file>
         <name>HL_notification.obj</name>
      </input_file>
      <input_file id="fl-9">
         <path>./source/</path>
         <kind>object</kind>
         <file>HL_pinmux.obj</file>
         <name>HL_pinmux.obj</name>
      </input_file>
      <input_file id="fl-a">
         <path>./source/</path>
         <kind>object</kind>
         <file>HL_sci.obj</file>
         <name>HL_sci.obj</name>
      </input_file>
      <input_file id="fl-b">
         <path>./source/</path>
         <kind>object</kind>
         <file>HL_sys_core.obj</file>
         <name>HL_sys_core.obj</name>
      </input_file>
      <input_file id="fl-c">
         <path>./source/</path>
         <kind>object</kind>
         <file>HL_sys_dma.obj</file>
         <name>HL_sys_dma.obj</name>
      </input_file>
      <input_file id="fl-d">
         <path>./source/</path>
         <kind>object</kind>
         <file>HL_sys_intvecs.obj</file>
         <name>HL_sys_intvecs.obj</name>
      </input_file>
      <input_file id="fl-e">
         <path>./source/</path>
         <kind>object</kind>
         <file>HL_sys_main.obj</file>
         <name>HL_sys_main.obj</name>
      </input_file>
      <input_file id="fl-f">
         <path>./source/</path>
         <kind>object</kind>
         <file>HL_sys_mpu.obj</file>
         <name>HL_sys_mpu.obj</name>
      </input_file>
      <input_file id="fl-10">
         <path>./source/</path>
         <kind>object</kind>
         <file>HL_sys_pcr.obj</file>
         <name>HL_sys_pcr.obj</name>
      </input_file>
      <input_file id="fl-11">
         <path>./source/</path>
         <kind>object</kind>
         <file>HL_sys_phantom.obj</file>
         <name>HL_sys_phantom.obj</name>
      </input_file>
      <input_file id="fl-12">
         <path>./source/</path>
         <kind>object</kind>
         <file>HL_sys_pmm.obj</file>
         <name>HL_sys_pmm.obj</name>
      </input_file>
      <input_file id="fl-13">
         <path>./source/</path>
         <kind>object</kind>
         <file>HL_sys_pmu.obj</file>
         <name>HL_sys_pmu.obj</name>
      </input_file>
      <input_file id="fl-14">
         <path>./source/</path>
         <kind>object</kind>
         <file>HL_sys_startup.obj</file>
         <name>HL_sys_startup.obj</name>
      </input_file>
      <input_file id="fl-15">
         <path>./source/</path>
         <kind>object</kind>
         <file>HL_sys_vim.obj</file>
         <name>HL_sys_vim.obj</name>
      </input_file>
      <input_file id="fl-16">
         <path>./source/</path>
         <kind>object</kind>
         <file>HL_system.obj</file>
         <name>HL_system.obj</name>
      </input_file>
      <input_file id="fl-1a">
         <kind>object</kind>
         <file>&lt;internal&gt;</file>
         <name>&lt;internal&gt;</name>
      </input_file>
      <input_file id="fl-d0">
         <path>/home/kiott01a/ti/ccsv8/tools/compiler/ti-cgt-arm_18.1.3.LTS/lib/</path>
         <kind>archive</kind>
         <file>rtsv7R4_A_be_v3D16_eabi.lib</file>
         <name>s_floor.c.obj</name>
      </input_file>
      <input_file id="fl-d1">
         <path>/home/kiott01a/ti/ccsv8/tools/compiler/ti-cgt-arm_18.1.3.LTS/lib/</path>
         <kind>archive</kind>
         <file>rtsv7R4_A_be_v3D16_eabi.lib</file>
         <name>memset32.asm.obj</name>
      </input_file>
      <input_file id="fl-d2">
         <path>/home/kiott01a/ti/ccsv8/tools/compiler/ti-cgt-arm_18.1.3.LTS/lib/</path>
         <kind>archive</kind>
         <file>rtsv7R4_A_be_v3D16_eabi.lib</file>
         <name>autoinit.c.obj</name>
      </input_file>
      <input_file id="fl-d3">
         <path>/home/kiott01a/ti/ccsv8/tools/compiler/ti-cgt-arm_18.1.3.LTS/lib/</path>
         <kind>archive</kind>
         <file>rtsv7R4_A_be_v3D16_eabi.lib</file>
         <name>cpy_tbl.c.obj</name>
      </input_file>
      <input_file id="fl-d4">
         <path>/home/kiott01a/ti/ccsv8/tools/compiler/ti-cgt-arm_18.1.3.LTS/lib/</path>
         <kind>archive</kind>
         <file>rtsv7R4_A_be_v3D16_eabi.lib</file>
         <name>copy_zero_init.c.obj</name>
      </input_file>
      <input_file id="fl-d5">
         <path>/home/kiott01a/ti/ccsv8/tools/compiler/ti-cgt-arm_18.1.3.LTS/lib/</path>
         <kind>archive</kind>
         <file>rtsv7R4_A_be_v3D16_eabi.lib</file>
         <name>copy_decompress_none.c.obj</name>
      </input_file>
      <input_file id="fl-d6">
         <path>/home/kiott01a/ti/ccsv8/tools/compiler/ti-cgt-arm_18.1.3.LTS/lib/</path>
         <kind>archive</kind>
         <file>rtsv7R4_A_be_v3D16_eabi.lib</file>
         <name>copy_decompress_lzss.c.obj</name>
      </input_file>
      <input_file id="fl-d7">
         <path>/home/kiott01a/ti/ccsv8/tools/compiler/ti-cgt-arm_18.1.3.LTS/lib/</path>
         <kind>archive</kind>
         <file>rtsv7R4_A_be_v3D16_eabi.lib</file>
         <name>exit.c.obj</name>
      </input_file>
      <input_file id="fl-d8">
         <path>/home/kiott01a/ti/ccsv8/tools/compiler/ti-cgt-arm_18.1.3.LTS/lib/</path>
         <kind>archive</kind>
         <file>rtsv7R4_A_be_v3D16_eabi.lib</file>
         <name>_lock.c.obj</name>
      </input_file>
      <input_file id="fl-d9">
         <path>/home/kiott01a/ti/ccsv8/tools/compiler/ti-cgt-arm_18.1.3.LTS/lib/</path>
         <kind>archive</kind>
         <file>rtsv7R4_A_be_v3D16_eabi.lib</file>
         <name>memcpy32.asm.obj</name>
      </input_file>
   </input_file_list>
   <object_component_list>
      <object_component id="oc-28">
         <name>.intvecs</name>
         <load_address>0x0</load_address>
         <run_address>0x0</run_address>
         <size>0x20</size>
         <input_file_ref idref="fl-d"/>
      </object_component>
      <object_component id="oc-117">
         <name>.text</name>
         <load_address>0x20</load_address>
         <run_address>0x20</run_address>
         <size>0xaec</size>
         <input_file_ref idref="fl-2"/>
      </object_component>
      <object_component id="oc-c6">
         <name>.text</name>
         <load_address>0xb0c</load_address>
         <run_address>0xb0c</run_address>
         <size>0x9c0</size>
         <input_file_ref idref="fl-9"/>
      </object_component>
      <object_component id="oc-6d">
         <name>.text</name>
         <load_address>0x14cc</load_address>
         <run_address>0x14cc</run_address>
         <size>0x95c</size>
         <input_file_ref idref="fl-16"/>
      </object_component>
      <object_component id="oc-34">
         <name>.text</name>
         <load_address>0x1e28</load_address>
         <run_address>0x1e28</run_address>
         <size>0x938</size>
         <input_file_ref idref="fl-15"/>
      </object_component>
      <object_component id="oc-111">
         <name>.text</name>
         <load_address>0x2760</load_address>
         <run_address>0x2760</run_address>
         <size>0x870</size>
         <input_file_ref idref="fl-a"/>
      </object_component>
      <object_component id="oc-73">
         <name>.text</name>
         <load_address>0x2fd0</load_address>
         <run_address>0x2fd0</run_address>
         <size>0x78c</size>
         <input_file_ref idref="fl-5"/>
      </object_component>
      <object_component id="oc-10b">
         <name>.text</name>
         <load_address>0x375c</load_address>
         <run_address>0x375c</run_address>
         <size>0x484</size>
         <input_file_ref idref="fl-6"/>
      </object_component>
      <object_component id="oc-62">
         <name>.text</name>
         <load_address>0x3be0</load_address>
         <run_address>0x3be0</run_address>
         <size>0x3c4</size>
         <input_file_ref idref="fl-b"/>
      </object_component>
      <object_component id="oc-79">
         <name>.text</name>
         <load_address>0x3fa4</load_address>
         <run_address>0x3fa4</run_address>
         <size>0x36c</size>
         <input_file_ref idref="fl-f"/>
      </object_component>
      <object_component id="oc-33">
         <name>.text:retain</name>
         <load_address>0x4310</load_address>
         <run_address>0x4310</run_address>
         <size>0x33c</size>
         <input_file_ref idref="fl-15"/>
      </object_component>
      <object_component id="oc-7f">
         <name>.text</name>
         <load_address>0x464c</load_address>
         <run_address>0x464c</run_address>
         <size>0x328</size>
         <input_file_ref idref="fl-e"/>
      </object_component>
      <object_component id="oc-4a">
         <name>.text</name>
         <load_address>0x4974</load_address>
         <run_address>0x4974</run_address>
         <size>0x180</size>
         <input_file_ref idref="fl-d9"/>
      </object_component>
      <object_component id="oc-1f">
         <name>.text:retain</name>
         <load_address>0x4af4</load_address>
         <run_address>0x4af4</run_address>
         <size>0x178</size>
         <input_file_ref idref="fl-5"/>
      </object_component>
      <object_component id="oc-1ad">
         <name>.text:floor</name>
         <load_address>0x4c6c</load_address>
         <run_address>0x4c6c</run_address>
         <size>0x13c</size>
         <input_file_ref idref="fl-d0"/>
      </object_component>
      <object_component id="oc-19">
         <name>.text:retain</name>
         <load_address>0x4da8</load_address>
         <run_address>0x4da8</run_address>
         <size>0xb4</size>
         <input_file_ref idref="fl-14"/>
      </object_component>
      <object_component id="oc-b8">
         <name>.text</name>
         <load_address>0x4e5c</load_address>
         <run_address>0x4e5c</run_address>
         <size>0xb0</size>
         <input_file_ref idref="fl-d1"/>
      </object_component>
      <object_component id="oc-67">
         <name>.text</name>
         <load_address>0x4f0c</load_address>
         <run_address>0x4f0c</run_address>
         <size>0x9c</size>
         <input_file_ref idref="fl-8"/>
      </object_component>
      <object_component id="oc-c">
         <name>.text:decompress:lzss:__TI_decompress_lzss</name>
         <load_address>0x4fa8</load_address>
         <run_address>0x4fa8</run_address>
         <size>0x90</size>
         <input_file_ref idref="fl-d6"/>
      </object_component>
      <object_component id="oc-db">
         <name>.text:__TI_auto_init_nobinit_nopinit:__TI_auto_init_nobinit_nopinit</name>
         <load_address>0x5038</load_address>
         <run_address>0x5038</run_address>
         <size>0x68</size>
         <input_file_ref idref="fl-d2"/>
      </object_component>
      <object_component id="oc-56">
         <name>.text:decompress:ZI:__TI_zero_init_nomemset:__TI_zero_init_nomemset</name>
         <load_address>0x50a0</load_address>
         <run_address>0x50a0</run_address>
         <size>0x20</size>
         <input_file_ref idref="fl-d4"/>
      </object_component>
      <object_component id="oc-12">
         <name>.text:decompress:none:__TI_decompress_none</name>
         <load_address>0x50c0</load_address>
         <run_address>0x50c0</run_address>
         <size>0x14</size>
         <input_file_ref idref="fl-d5"/>
      </object_component>
      <object_component id="oc-127">
         <name>.text:abort:abort</name>
         <load_address>0x50d4</load_address>
         <run_address>0x50d4</run_address>
         <size>0x8</size>
         <input_file_ref idref="fl-d7"/>
      </object_component>
      <object_component id="oc-2d">
         <name>.text:retain</name>
         <load_address>0x50dc</load_address>
         <run_address>0x50dc</run_address>
         <size>0x4</size>
         <input_file_ref idref="fl-11"/>
      </object_component>
      <object_component id="oc-25">
         <name>.const:s_vim_init</name>
         <load_address>0x50e0</load_address>
         <run_address>0x50e0</run_address>
         <size>0x200</size>
         <input_file_ref idref="fl-15"/>
      </object_component>
      <object_component id="oc-1b8">
         <name>.const:s_adcFiFoSize</name>
         <load_address>0x52e0</load_address>
         <run_address>0x52e0</run_address>
         <size>0x18</size>
         <input_file_ref idref="fl-2"/>
      </object_component>
      <object_component id="oc-1bb">
         <name>.const:s_adcSelect</name>
         <load_address>0x52f8</load_address>
         <run_address>0x52f8</run_address>
         <size>0x18</size>
         <input_file_ref idref="fl-2"/>
      </object_component>
      <object_component id="oc-260">
         <name>.cinit..data.load</name>
         <load_address>0x5320</load_address>
         <run_address>0x5320</run_address>
         <size>0x1a</size>
      </object_component>
      <object_component id="oc-25d">
         <name>__TI_handler_table</name>
         <load_address>0x533c</load_address>
         <run_address>0x533c</run_address>
         <size>0xc</size>
      </object_component>
      <object_component id="oc-25f">
         <name>.cinit..bss.load</name>
         <load_address>0x5348</load_address>
         <run_address>0x5348</run_address>
         <size>0x8</size>
      </object_component>
      <object_component id="oc-25e">
         <name>__TI_cinit_table</name>
         <load_address>0x5350</load_address>
         <run_address>0x5350</run_address>
         <size>0x10</size>
      </object_component>
      <object_component id="oc-1b3">
         <name>.bss:g_sciTransfer_t</name>
         <uninitialized>true</uninitialized>
         <run_address>0x8001500</run_address>
         <size>0x50</size>
         <input_file_ref idref="fl-a"/>
      </object_component>
      <object_component id="oc-11d">
         <name>.common:adc_data</name>
         <uninitialized>true</uninitialized>
         <run_address>0x8001550</run_address>
         <size>0x10</size>
      </object_component>
      <object_component id="oc-120">
         <name>.data:TXT1</name>
         <load_address>0x8001560</load_address>
         <run_address>0x8001560</run_address>
         <size>0xc</size>
         <input_file_ref idref="fl-e"/>
      </object_component>
      <object_component id="oc-123">
         <name>.data:TXT2</name>
         <load_address>0x800156c</load_address>
         <run_address>0x800156c</run_address>
         <size>0x9</size>
         <input_file_ref idref="fl-e"/>
      </object_component>
      <object_component id="oc-167">
         <name>.debug_info</name>
         <load_address>0x0</load_address>
         <run_address>0x0</run_address>
         <size>0x31d</size>
         <input_file_ref idref="fl-2"/>
      </object_component>
      <object_component id="oc-1bc">
         <name>.debug_info</name>
         <load_address>0x31d</load_address>
         <run_address>0x31d</run_address>
         <size>0xd4</size>
         <input_file_ref idref="fl-2"/>
      </object_component>
      <object_component id="oc-1b9">
         <name>.debug_info</name>
         <load_address>0x3f1</load_address>
         <run_address>0x3f1</run_address>
         <size>0xd9</size>
         <input_file_ref idref="fl-2"/>
      </object_component>
      <object_component id="oc-118">
         <name>.debug_info</name>
         <load_address>0x4ca</load_address>
         <run_address>0x4ca</run_address>
         <size>0xba5</size>
         <input_file_ref idref="fl-2"/>
      </object_component>
      <object_component id="oc-179">
         <name>.debug_info</name>
         <load_address>0x106f</load_address>
         <run_address>0x106f</run_address>
         <size>0x791</size>
         <input_file_ref idref="fl-2"/>
      </object_component>
      <object_component id="oc-13a">
         <name>.debug_info</name>
         <load_address>0x1800</load_address>
         <run_address>0x1800</run_address>
         <size>0x26b</size>
         <input_file_ref idref="fl-2"/>
      </object_component>
      <object_component id="oc-88">
         <name>.debug_info</name>
         <load_address>0x1a6b</load_address>
         <run_address>0x1a6b</run_address>
         <size>0x157</size>
         <input_file_ref idref="fl-2"/>
      </object_component>
      <object_component id="oc-98">
         <name>.debug_info</name>
         <load_address>0x1bc2</load_address>
         <run_address>0x1bc2</run_address>
         <size>0x8b</size>
         <input_file_ref idref="fl-2"/>
      </object_component>
      <object_component id="oc-93">
         <name>.debug_info</name>
         <load_address>0x1c4d</load_address>
         <run_address>0x1c4d</run_address>
         <size>0x18c</size>
         <input_file_ref idref="fl-2"/>
      </object_component>
      <object_component id="oc-1d4">
         <name>.debug_info</name>
         <load_address>0x1dd9</load_address>
         <run_address>0x1dd9</run_address>
         <size>0x297</size>
         <input_file_ref idref="fl-2"/>
      </object_component>
      <object_component id="oc-133">
         <name>.debug_info</name>
         <load_address>0x2070</load_address>
         <run_address>0x2070</run_address>
         <size>0xbb</size>
         <input_file_ref idref="fl-2"/>
      </object_component>
      <object_component id="oc-9d">
         <name>.debug_info</name>
         <load_address>0x212b</load_address>
         <run_address>0x212b</run_address>
         <size>0x86</size>
         <input_file_ref idref="fl-2"/>
      </object_component>
      <object_component id="oc-1c1">
         <name>.debug_info</name>
         <load_address>0x21b1</load_address>
         <run_address>0x21b1</run_address>
         <size>0x38f</size>
         <input_file_ref idref="fl-2"/>
      </object_component>
      <object_component id="oc-15d">
         <name>.debug_info</name>
         <load_address>0x2540</load_address>
         <run_address>0x2540</run_address>
         <size>0x36d</size>
         <input_file_ref idref="fl-2"/>
      </object_component>
      <object_component id="oc-1d9">
         <name>.debug_info</name>
         <load_address>0x28ad</load_address>
         <run_address>0x28ad</run_address>
         <size>0x376</size>
         <input_file_ref idref="fl-3"/>
      </object_component>
      <object_component id="oc-cd">
         <name>.debug_info</name>
         <load_address>0x2c23</load_address>
         <run_address>0x2c23</run_address>
         <size>0x429</size>
         <input_file_ref idref="fl-3"/>
      </object_component>
      <object_component id="oc-13f">
         <name>.debug_info</name>
         <load_address>0x304c</load_address>
         <run_address>0x304c</run_address>
         <size>0x102</size>
         <input_file_ref idref="fl-3"/>
      </object_component>
      <object_component id="oc-183">
         <name>.debug_info</name>
         <load_address>0x314e</load_address>
         <run_address>0x314e</run_address>
         <size>0x142</size>
         <input_file_ref idref="fl-3"/>
      </object_component>
      <object_component id="oc-144">
         <name>.debug_info</name>
         <load_address>0x3290</load_address>
         <run_address>0x3290</run_address>
         <size>0x285</size>
         <input_file_ref idref="fl-3"/>
      </object_component>
      <object_component id="oc-149">
         <name>.debug_info</name>
         <load_address>0x3515</load_address>
         <run_address>0x3515</run_address>
         <size>0x44a</size>
         <input_file_ref idref="fl-3"/>
      </object_component>
      <object_component id="oc-14e">
         <name>.debug_info</name>
         <load_address>0x395f</load_address>
         <run_address>0x395f</run_address>
         <size>0x1f9</size>
         <input_file_ref idref="fl-3"/>
      </object_component>
      <object_component id="oc-153">
         <name>.debug_info</name>
         <load_address>0x3b58</load_address>
         <run_address>0x3b58</run_address>
         <size>0x152</size>
         <input_file_ref idref="fl-3"/>
      </object_component>
      <object_component id="oc-158">
         <name>.debug_info</name>
         <load_address>0x3caa</load_address>
         <run_address>0x3caa</run_address>
         <size>0x70a</size>
         <input_file_ref idref="fl-3"/>
      </object_component>
      <object_component id="oc-d9">
         <name>.debug_info</name>
         <load_address>0x43b4</load_address>
         <run_address>0x43b4</run_address>
         <size>0x342</size>
         <input_file_ref idref="fl-5"/>
      </object_component>
      <object_component id="oc-74">
         <name>.debug_info</name>
         <load_address>0x46f6</load_address>
         <run_address>0x46f6</run_address>
         <size>0x10b7</size>
         <input_file_ref idref="fl-5"/>
      </object_component>
      <object_component id="oc-20">
         <name>.debug_info</name>
         <load_address>0x57ad</load_address>
         <run_address>0x57ad</run_address>
         <size>0x19f</size>
         <input_file_ref idref="fl-5"/>
      </object_component>
      <object_component id="oc-d4">
         <name>.debug_info</name>
         <load_address>0x594c</load_address>
         <run_address>0x594c</run_address>
         <size>0x168</size>
         <input_file_ref idref="fl-5"/>
      </object_component>
      <object_component id="oc-1ac">
         <name>.debug_info</name>
         <load_address>0x5ab4</load_address>
         <run_address>0x5ab4</run_address>
         <size>0x2a7</size>
         <input_file_ref idref="fl-6"/>
      </object_component>
      <object_component id="oc-10c">
         <name>.debug_info</name>
         <load_address>0x5d5b</load_address>
         <run_address>0x5d5b</run_address>
         <size>0x711</size>
         <input_file_ref idref="fl-6"/>
      </object_component>
      <object_component id="oc-1f3">
         <name>.debug_info</name>
         <load_address>0x646c</load_address>
         <run_address>0x646c</run_address>
         <size>0x12a</size>
         <input_file_ref idref="fl-6"/>
      </object_component>
      <object_component id="oc-c0">
         <name>.debug_info</name>
         <load_address>0x6596</load_address>
         <run_address>0x6596</run_address>
         <size>0x3a7</size>
         <input_file_ref idref="fl-8"/>
      </object_component>
      <object_component id="oc-68">
         <name>.debug_info</name>
         <load_address>0x693d</load_address>
         <run_address>0x693d</run_address>
         <size>0x781</size>
         <input_file_ref idref="fl-8"/>
      </object_component>
      <object_component id="oc-17e">
         <name>.debug_info</name>
         <load_address>0x70be</load_address>
         <run_address>0x70be</run_address>
         <size>0xadd</size>
         <input_file_ref idref="fl-8"/>
      </object_component>
      <object_component id="oc-c1">
         <name>.debug_info</name>
         <load_address>0x7b9b</load_address>
         <run_address>0x7b9b</run_address>
         <size>0x6eb</size>
         <input_file_ref idref="fl-8"/>
      </object_component>
      <object_component id="oc-188">
         <name>.debug_info</name>
         <load_address>0x8286</load_address>
         <run_address>0x8286</run_address>
         <size>0x243</size>
         <input_file_ref idref="fl-8"/>
      </object_component>
      <object_component id="oc-208">
         <name>.debug_info</name>
         <load_address>0x84c9</load_address>
         <run_address>0x84c9</run_address>
         <size>0x18e</size>
         <input_file_ref idref="fl-8"/>
      </object_component>
      <object_component id="oc-1dd">
         <name>.debug_info</name>
         <load_address>0x8657</load_address>
         <run_address>0x8657</run_address>
         <size>0x2a9</size>
         <input_file_ref idref="fl-9"/>
      </object_component>
      <object_component id="oc-c7">
         <name>.debug_info</name>
         <load_address>0x8900</load_address>
         <run_address>0x8900</run_address>
         <size>0x113</size>
         <input_file_ref idref="fl-9"/>
      </object_component>
      <object_component id="oc-195">
         <name>.debug_info</name>
         <load_address>0x8a13</load_address>
         <run_address>0x8a13</run_address>
         <size>0x199</size>
         <input_file_ref idref="fl-9"/>
      </object_component>
      <object_component id="oc-1b7">
         <name>.debug_info</name>
         <load_address>0x8bac</load_address>
         <run_address>0x8bac</run_address>
         <size>0x2f4</size>
         <input_file_ref idref="fl-a"/>
      </object_component>
      <object_component id="oc-1b4">
         <name>.debug_info</name>
         <load_address>0x8ea0</load_address>
         <run_address>0x8ea0</run_address>
         <size>0xdc</size>
         <input_file_ref idref="fl-a"/>
      </object_component>
      <object_component id="oc-112">
         <name>.debug_info</name>
         <load_address>0x8f7c</load_address>
         <run_address>0x8f7c</run_address>
         <size>0xc94</size>
         <input_file_ref idref="fl-a"/>
      </object_component>
      <object_component id="oc-203">
         <name>.debug_info</name>
         <load_address>0x9c10</load_address>
         <run_address>0x9c10</run_address>
         <size>0x91</size>
         <input_file_ref idref="fl-a"/>
      </object_component>
      <object_component id="oc-63">
         <name>.debug_info</name>
         <load_address>0x9ca1</load_address>
         <run_address>0x9ca1</run_address>
         <size>0x809</size>
         <input_file_ref idref="fl-b"/>
      </object_component>
      <object_component id="oc-29">
         <name>.debug_info</name>
         <load_address>0xa4aa</load_address>
         <run_address>0xa4aa</run_address>
         <size>0xff</size>
         <input_file_ref idref="fl-d"/>
      </object_component>
      <object_component id="oc-11e">
         <name>.debug_info</name>
         <load_address>0xa5a9</load_address>
         <run_address>0xa5a9</run_address>
         <size>0x524</size>
         <input_file_ref idref="fl-e"/>
      </object_component>
      <object_component id="oc-121">
         <name>.debug_info</name>
         <load_address>0xaacd</load_address>
         <run_address>0xaacd</run_address>
         <size>0xcc</size>
         <input_file_ref idref="fl-e"/>
      </object_component>
      <object_component id="oc-124">
         <name>.debug_info</name>
         <load_address>0xab99</load_address>
         <run_address>0xab99</run_address>
         <size>0xcc</size>
         <input_file_ref idref="fl-e"/>
      </object_component>
      <object_component id="oc-80">
         <name>.debug_info</name>
         <load_address>0xac65</load_address>
         <run_address>0xac65</run_address>
         <size>0x4e7</size>
         <input_file_ref idref="fl-e"/>
      </object_component>
      <object_component id="oc-7a">
         <name>.debug_info</name>
         <load_address>0xb14c</load_address>
         <run_address>0xb14c</run_address>
         <size>0x436</size>
         <input_file_ref idref="fl-f"/>
      </object_component>
      <object_component id="oc-1dc">
         <name>.debug_info</name>
         <load_address>0xb582</load_address>
         <run_address>0xb582</run_address>
         <size>0x2ea</size>
         <input_file_ref idref="fl-10"/>
      </object_component>
      <object_component id="oc-190">
         <name>.debug_info</name>
         <load_address>0xb86c</load_address>
         <run_address>0xb86c</run_address>
         <size>0x457</size>
         <input_file_ref idref="fl-10"/>
      </object_component>
      <object_component id="oc-2e">
         <name>.debug_info</name>
         <load_address>0xbcc3</load_address>
         <run_address>0xbcc3</run_address>
         <size>0x134</size>
         <input_file_ref idref="fl-11"/>
      </object_component>
      <object_component id="oc-1a">
         <name>.debug_info</name>
         <load_address>0xbdf7</load_address>
         <run_address>0xbdf7</run_address>
         <size>0x273</size>
         <input_file_ref idref="fl-14"/>
      </object_component>
      <object_component id="oc-8f">
         <name>.debug_info</name>
         <load_address>0xc06a</load_address>
         <run_address>0xc06a</run_address>
         <size>0x445</size>
         <input_file_ref idref="fl-15"/>
      </object_component>
      <object_component id="oc-26">
         <name>.debug_info</name>
         <load_address>0xc4af</load_address>
         <run_address>0xc4af</run_address>
         <size>0xd6</size>
         <input_file_ref idref="fl-15"/>
      </object_component>
      <object_component id="oc-35">
         <name>.debug_info</name>
         <load_address>0xc585</load_address>
         <run_address>0xc585</run_address>
         <size>0x486</size>
         <input_file_ref idref="fl-15"/>
      </object_component>
      <object_component id="oc-3a">
         <name>.debug_info</name>
         <load_address>0xca0b</load_address>
         <run_address>0xca0b</run_address>
         <size>0x1f1</size>
         <input_file_ref idref="fl-15"/>
      </object_component>
      <object_component id="oc-162">
         <name>.debug_info</name>
         <load_address>0xcbfc</load_address>
         <run_address>0xcbfc</run_address>
         <size>0x4f</size>
         <input_file_ref idref="fl-15"/>
      </object_component>
      <object_component id="oc-d2">
         <name>.debug_info</name>
         <load_address>0xcc4b</load_address>
         <run_address>0xcc4b</run_address>
         <size>0x3d8</size>
         <input_file_ref idref="fl-16"/>
      </object_component>
      <object_component id="oc-6e">
         <name>.debug_info</name>
         <load_address>0xd023</load_address>
         <run_address>0xd023</run_address>
         <size>0x586</size>
         <input_file_ref idref="fl-16"/>
      </object_component>
      <object_component id="oc-1fe">
         <name>.debug_info</name>
         <load_address>0xd5a9</load_address>
         <run_address>0xd5a9</run_address>
         <size>0x26b</size>
         <input_file_ref idref="fl-d0"/>
      </object_component>
      <object_component id="oc-1ae">
         <name>.debug_info</name>
         <load_address>0xd814</load_address>
         <run_address>0xd814</run_address>
         <size>0x17c</size>
         <input_file_ref idref="fl-d0"/>
      </object_component>
      <object_component id="oc-45">
         <name>.debug_info</name>
         <load_address>0xd990</load_address>
         <run_address>0xd990</run_address>
         <size>0x84</size>
         <input_file_ref idref="fl-d0"/>
      </object_component>
      <object_component id="oc-231">
         <name>.debug_info</name>
         <load_address>0xda14</load_address>
         <run_address>0xda14</run_address>
         <size>0x46</size>
         <input_file_ref idref="fl-d0"/>
      </object_component>
      <object_component id="oc-1f9">
         <name>.debug_info</name>
         <load_address>0xda5a</load_address>
         <run_address>0xda5a</run_address>
         <size>0x39</size>
         <input_file_ref idref="fl-d0"/>
      </object_component>
      <object_component id="oc-b9">
         <name>.debug_info</name>
         <load_address>0xda93</load_address>
         <run_address>0xda93</run_address>
         <size>0x12b</size>
         <input_file_ref idref="fl-d1"/>
      </object_component>
      <object_component id="oc-19d">
         <name>.debug_info</name>
         <load_address>0xdbbe</load_address>
         <run_address>0xdbbe</run_address>
         <size>0x52e</size>
         <input_file_ref idref="fl-d2"/>
      </object_component>
      <object_component id="oc-dd">
         <name>.debug_info</name>
         <load_address>0xe0ec</load_address>
         <run_address>0xe0ec</run_address>
         <size>0x182</size>
         <input_file_ref idref="fl-d2"/>
      </object_component>
      <object_component id="oc-1e0">
         <name>.debug_info</name>
         <load_address>0xe26e</load_address>
         <run_address>0xe26e</run_address>
         <size>0x39</size>
         <input_file_ref idref="fl-d2"/>
      </object_component>
      <object_component id="oc-225">
         <name>.debug_info</name>
         <load_address>0xe2a7</load_address>
         <run_address>0xe2a7</run_address>
         <size>0x39</size>
         <input_file_ref idref="fl-d2"/>
      </object_component>
      <object_component id="oc-1e5">
         <name>.debug_info</name>
         <load_address>0xe2e0</load_address>
         <run_address>0xe2e0</run_address>
         <size>0x39</size>
         <input_file_ref idref="fl-d2"/>
      </object_component>
      <object_component id="oc-1ea">
         <name>.debug_info</name>
         <load_address>0xe319</load_address>
         <run_address>0xe319</run_address>
         <size>0xcd</size>
         <input_file_ref idref="fl-d2"/>
      </object_component>
      <object_component id="oc-b7">
         <name>.debug_info</name>
         <load_address>0xe3e6</load_address>
         <run_address>0xe3e6</run_address>
         <size>0x2f5</size>
         <input_file_ref idref="fl-d4"/>
      </object_component>
      <object_component id="oc-57">
         <name>.debug_info</name>
         <load_address>0xe6db</load_address>
         <run_address>0xe6db</run_address>
         <size>0x19b</size>
         <input_file_ref idref="fl-d4"/>
      </object_component>
      <object_component id="oc-b2">
         <name>.debug_info</name>
         <load_address>0xe876</load_address>
         <run_address>0xe876</run_address>
         <size>0x46</size>
         <input_file_ref idref="fl-d4"/>
      </object_component>
      <object_component id="oc-16f">
         <name>.debug_info</name>
         <load_address>0xe8bc</load_address>
         <run_address>0xe8bc</run_address>
         <size>0x2c</size>
         <input_file_ref idref="fl-d4"/>
      </object_component>
      <object_component id="oc-55">
         <name>.debug_info</name>
         <load_address>0xe8e8</load_address>
         <run_address>0xe8e8</run_address>
         <size>0x27f</size>
         <input_file_ref idref="fl-d5"/>
      </object_component>
      <object_component id="oc-13">
         <name>.debug_info</name>
         <load_address>0xeb67</load_address>
         <run_address>0xeb67</run_address>
         <size>0x1b1</size>
         <input_file_ref idref="fl-d5"/>
      </object_component>
      <object_component id="oc-50">
         <name>.debug_info</name>
         <load_address>0xed18</load_address>
         <run_address>0xed18</run_address>
         <size>0x46</size>
         <input_file_ref idref="fl-d5"/>
      </object_component>
      <object_component id="oc-aa">
         <name>.debug_info</name>
         <load_address>0xed5e</load_address>
         <run_address>0xed5e</run_address>
         <size>0x2c</size>
         <input_file_ref idref="fl-d5"/>
      </object_component>
      <object_component id="oc-a8">
         <name>.debug_info</name>
         <load_address>0xed8a</load_address>
         <run_address>0xed8a</run_address>
         <size>0x27a</size>
         <input_file_ref idref="fl-d6"/>
      </object_component>
      <object_component id="oc-d">
         <name>.debug_info</name>
         <load_address>0xf004</load_address>
         <run_address>0xf004</run_address>
         <size>0x22c</size>
         <input_file_ref idref="fl-d6"/>
      </object_component>
      <object_component id="oc-40">
         <name>.debug_info</name>
         <load_address>0xf230</load_address>
         <run_address>0xf230</run_address>
         <size>0x60</size>
         <input_file_ref idref="fl-d6"/>
      </object_component>
      <object_component id="oc-168">
         <name>.debug_info</name>
         <load_address>0xf290</load_address>
         <run_address>0xf290</run_address>
         <size>0x46</size>
         <input_file_ref idref="fl-d6"/>
      </object_component>
      <object_component id="oc-a3">
         <name>.debug_info</name>
         <load_address>0xf2d6</load_address>
         <run_address>0xf2d6</run_address>
         <size>0x39</size>
         <input_file_ref idref="fl-d6"/>
      </object_component>
      <object_component id="oc-128">
         <name>.debug_info</name>
         <load_address>0xf30f</load_address>
         <run_address>0xf30f</run_address>
         <size>0xfe</size>
         <input_file_ref idref="fl-d7"/>
      </object_component>
      <object_component id="oc-4b">
         <name>.debug_info</name>
         <load_address>0xf40d</load_address>
         <run_address>0xf40d</run_address>
         <size>0x163</size>
         <input_file_ref idref="fl-d9"/>
      </object_component>
      <object_component id="oc-261">
         <name>.debug_info</name>
         <load_address>0xf570</load_address>
         <run_address>0xf570</run_address>
         <size>0x98</size>
      </object_component>
      <object_component id="oc-1db">
         <name>.debug_line</name>
         <load_address>0x0</load_address>
         <run_address>0x0</run_address>
         <size>0x20</size>
         <input_file_ref idref="fl-2"/>
      </object_component>
      <object_component id="oc-210">
         <name>.debug_line</name>
         <load_address>0x20</load_address>
         <run_address>0x20</run_address>
         <size>0x36</size>
         <input_file_ref idref="fl-2"/>
      </object_component>
      <object_component id="oc-20e">
         <name>.debug_line</name>
         <load_address>0x56</load_address>
         <run_address>0x56</run_address>
         <size>0x36</size>
         <input_file_ref idref="fl-2"/>
      </object_component>
      <object_component id="oc-11b">
         <name>.debug_line</name>
         <load_address>0x8c</load_address>
         <run_address>0x8c</run_address>
         <size>0x2e0</size>
         <input_file_ref idref="fl-2"/>
      </object_component>
      <object_component id="oc-17c">
         <name>.debug_line</name>
         <load_address>0x36c</load_address>
         <run_address>0x36c</run_address>
         <size>0x5a</size>
         <input_file_ref idref="fl-2"/>
      </object_component>
      <object_component id="oc-13d">
         <name>.debug_line</name>
         <load_address>0x3c6</load_address>
         <run_address>0x3c6</run_address>
         <size>0x75</size>
         <input_file_ref idref="fl-2"/>
      </object_component>
      <object_component id="oc-8b">
         <name>.debug_line</name>
         <load_address>0x43b</load_address>
         <run_address>0x43b</run_address>
         <size>0x5f</size>
         <input_file_ref idref="fl-2"/>
      </object_component>
      <object_component id="oc-9b">
         <name>.debug_line</name>
         <load_address>0x49a</load_address>
         <run_address>0x49a</run_address>
         <size>0x20</size>
         <input_file_ref idref="fl-2"/>
      </object_component>
      <object_component id="oc-96">
         <name>.debug_line</name>
         <load_address>0x4ba</load_address>
         <run_address>0x4ba</run_address>
         <size>0x5a</size>
         <input_file_ref idref="fl-2"/>
      </object_component>
      <object_component id="oc-1d7">
         <name>.debug_line</name>
         <load_address>0x514</load_address>
         <run_address>0x514</run_address>
         <size>0x79</size>
         <input_file_ref idref="fl-2"/>
      </object_component>
      <object_component id="oc-136">
         <name>.debug_line</name>
         <load_address>0x58d</load_address>
         <run_address>0x58d</run_address>
         <size>0x76</size>
         <input_file_ref idref="fl-2"/>
      </object_component>
      <object_component id="oc-a0">
         <name>.debug_line</name>
         <load_address>0x603</load_address>
         <run_address>0x603</run_address>
         <size>0x5d</size>
         <input_file_ref idref="fl-2"/>
      </object_component>
      <object_component id="oc-1c4">
         <name>.debug_line</name>
         <load_address>0x660</load_address>
         <run_address>0x660</run_address>
         <size>0x56</size>
         <input_file_ref idref="fl-2"/>
      </object_component>
      <object_component id="oc-160">
         <name>.debug_line</name>
         <load_address>0x6b6</load_address>
         <run_address>0x6b6</run_address>
         <size>0x5a</size>
         <input_file_ref idref="fl-2"/>
      </object_component>
      <object_component id="oc-220">
         <name>.debug_line</name>
         <load_address>0x710</load_address>
         <run_address>0x710</run_address>
         <size>0x20</size>
         <input_file_ref idref="fl-3"/>
      </object_component>
      <object_component id="oc-d0">
         <name>.debug_line</name>
         <load_address>0x730</load_address>
         <run_address>0x730</run_address>
         <size>0x59</size>
         <input_file_ref idref="fl-3"/>
      </object_component>
      <object_component id="oc-142">
         <name>.debug_line</name>
         <load_address>0x789</load_address>
         <run_address>0x789</run_address>
         <size>0x5c</size>
         <input_file_ref idref="fl-3"/>
      </object_component>
      <object_component id="oc-186">
         <name>.debug_line</name>
         <load_address>0x7e5</load_address>
         <run_address>0x7e5</run_address>
         <size>0x5a</size>
         <input_file_ref idref="fl-3"/>
      </object_component>
      <object_component id="oc-147">
         <name>.debug_line</name>
         <load_address>0x83f</load_address>
         <run_address>0x83f</run_address>
         <size>0x5a</size>
         <input_file_ref idref="fl-3"/>
      </object_component>
      <object_component id="oc-14c">
         <name>.debug_line</name>
         <load_address>0x899</load_address>
         <run_address>0x899</run_address>
         <size>0x5c</size>
         <input_file_ref idref="fl-3"/>
      </object_component>
      <object_component id="oc-151">
         <name>.debug_line</name>
         <load_address>0x8f5</load_address>
         <run_address>0x8f5</run_address>
         <size>0x5a</size>
         <input_file_ref idref="fl-3"/>
      </object_component>
      <object_component id="oc-156">
         <name>.debug_line</name>
         <load_address>0x94f</load_address>
         <run_address>0x94f</run_address>
         <size>0x5d</size>
         <input_file_ref idref="fl-3"/>
      </object_component>
      <object_component id="oc-15b">
         <name>.debug_line</name>
         <load_address>0x9ac</load_address>
         <run_address>0x9ac</run_address>
         <size>0x5d</size>
         <input_file_ref idref="fl-3"/>
      </object_component>
      <object_component id="oc-19b">
         <name>.debug_line</name>
         <load_address>0xa09</load_address>
         <run_address>0xa09</run_address>
         <size>0x56</size>
         <input_file_ref idref="fl-5"/>
      </object_component>
      <object_component id="oc-77">
         <name>.debug_line</name>
         <load_address>0xa5f</load_address>
         <run_address>0xa5f</run_address>
         <size>0x365</size>
         <input_file_ref idref="fl-5"/>
      </object_component>
      <object_component id="oc-23">
         <name>.debug_line</name>
         <load_address>0xdc4</load_address>
         <run_address>0xdc4</run_address>
         <size>0x7c</size>
         <input_file_ref idref="fl-5"/>
      </object_component>
      <object_component id="oc-d7">
         <name>.debug_line</name>
         <load_address>0xe40</load_address>
         <run_address>0xe40</run_address>
         <size>0x56</size>
         <input_file_ref idref="fl-5"/>
      </object_component>
      <object_component id="oc-1f2">
         <name>.debug_line</name>
         <load_address>0xe96</load_address>
         <run_address>0xe96</run_address>
         <size>0x20</size>
         <input_file_ref idref="fl-6"/>
      </object_component>
      <object_component id="oc-10f">
         <name>.debug_line</name>
         <load_address>0xeb6</load_address>
         <run_address>0xeb6</run_address>
         <size>0x199</size>
         <input_file_ref idref="fl-6"/>
      </object_component>
      <object_component id="oc-1f6">
         <name>.debug_line</name>
         <load_address>0x104f</load_address>
         <run_address>0x104f</run_address>
         <size>0x56</size>
         <input_file_ref idref="fl-6"/>
      </object_component>
      <object_component id="oc-178">
         <name>.debug_line</name>
         <load_address>0x10a5</load_address>
         <run_address>0x10a5</run_address>
         <size>0x20</size>
         <input_file_ref idref="fl-8"/>
      </object_component>
      <object_component id="oc-6b">
         <name>.debug_line</name>
         <load_address>0x10c5</load_address>
         <run_address>0x10c5</run_address>
         <size>0x103</size>
         <input_file_ref idref="fl-8"/>
      </object_component>
      <object_component id="oc-181">
         <name>.debug_line</name>
         <load_address>0x11c8</load_address>
         <run_address>0x11c8</run_address>
         <size>0x5a</size>
         <input_file_ref idref="fl-8"/>
      </object_component>
      <object_component id="oc-c4">
         <name>.debug_line</name>
         <load_address>0x1222</load_address>
         <run_address>0x1222</run_address>
         <size>0x5a</size>
         <input_file_ref idref="fl-8"/>
      </object_component>
      <object_component id="oc-18b">
         <name>.debug_line</name>
         <load_address>0x127c</load_address>
         <run_address>0x127c</run_address>
         <size>0x5a</size>
         <input_file_ref idref="fl-8"/>
      </object_component>
      <object_component id="oc-20b">
         <name>.debug_line</name>
         <load_address>0x12d6</load_address>
         <run_address>0x12d6</run_address>
         <size>0x56</size>
         <input_file_ref idref="fl-8"/>
      </object_component>
      <object_component id="oc-224">
         <name>.debug_line</name>
         <load_address>0x132c</load_address>
         <run_address>0x132c</run_address>
         <size>0x20</size>
         <input_file_ref idref="fl-9"/>
      </object_component>
      <object_component id="oc-ca">
         <name>.debug_line</name>
         <load_address>0x134c</load_address>
         <run_address>0x134c</run_address>
         <size>0xdc</size>
         <input_file_ref idref="fl-9"/>
      </object_component>
      <object_component id="oc-198">
         <name>.debug_line</name>
         <load_address>0x1428</load_address>
         <run_address>0x1428</run_address>
         <size>0x5d</size>
         <input_file_ref idref="fl-9"/>
      </object_component>
      <object_component id="oc-202">
         <name>.debug_line</name>
         <load_address>0x1485</load_address>
         <run_address>0x1485</run_address>
         <size>0x6f</size>
         <input_file_ref idref="fl-a"/>
      </object_component>
      <object_component id="oc-200">
         <name>.debug_line</name>
         <load_address>0x14f4</load_address>
         <run_address>0x14f4</run_address>
         <size>0x36</size>
         <input_file_ref idref="fl-a"/>
      </object_component>
      <object_component id="oc-115">
         <name>.debug_line</name>
         <load_address>0x152a</load_address>
         <run_address>0x152a</run_address>
         <size>0x2c0</size>
         <input_file_ref idref="fl-a"/>
      </object_component>
      <object_component id="oc-206">
         <name>.debug_line</name>
         <load_address>0x17ea</load_address>
         <run_address>0x17ea</run_address>
         <size>0x36</size>
         <input_file_ref idref="fl-a"/>
      </object_component>
      <object_component id="oc-66">
         <name>.debug_line</name>
         <load_address>0x1820</load_address>
         <run_address>0x1820</run_address>
         <size>0x2f2</size>
         <input_file_ref idref="fl-b"/>
      </object_component>
      <object_component id="oc-2c">
         <name>.debug_line</name>
         <load_address>0x1b12</load_address>
         <run_address>0x1b12</run_address>
         <size>0x52</size>
         <input_file_ref idref="fl-d"/>
      </object_component>
      <object_component id="oc-1c0">
         <name>.debug_line</name>
         <load_address>0x1b64</load_address>
         <run_address>0x1b64</run_address>
         <size>0xdd</size>
         <input_file_ref idref="fl-e"/>
      </object_component>
      <object_component id="oc-1c7">
         <name>.debug_line</name>
         <load_address>0x1c41</load_address>
         <run_address>0x1c41</run_address>
         <size>0x3b</size>
         <input_file_ref idref="fl-e"/>
      </object_component>
      <object_component id="oc-1c9">
         <name>.debug_line</name>
         <load_address>0x1c7c</load_address>
         <run_address>0x1c7c</run_address>
         <size>0x3b</size>
         <input_file_ref idref="fl-e"/>
      </object_component>
      <object_component id="oc-83">
         <name>.debug_line</name>
         <load_address>0x1cb7</load_address>
         <run_address>0x1cb7</run_address>
         <size>0x11b</size>
         <input_file_ref idref="fl-e"/>
      </object_component>
      <object_component id="oc-7d">
         <name>.debug_line</name>
         <load_address>0x1dd2</load_address>
         <run_address>0x1dd2</run_address>
         <size>0x1f3</size>
         <input_file_ref idref="fl-f"/>
      </object_component>
      <object_component id="oc-222">
         <name>.debug_line</name>
         <load_address>0x1fc5</load_address>
         <run_address>0x1fc5</run_address>
         <size>0x20</size>
         <input_file_ref idref="fl-10"/>
      </object_component>
      <object_component id="oc-193">
         <name>.debug_line</name>
         <load_address>0x1fe5</load_address>
         <run_address>0x1fe5</run_address>
         <size>0x5a</size>
         <input_file_ref idref="fl-10"/>
      </object_component>
      <object_component id="oc-31">
         <name>.debug_line</name>
         <load_address>0x203f</load_address>
         <run_address>0x203f</run_address>
         <size>0x4e</size>
         <input_file_ref idref="fl-11"/>
      </object_component>
      <object_component id="oc-1d">
         <name>.debug_line</name>
         <load_address>0x208d</load_address>
         <run_address>0x208d</run_address>
         <size>0x7b</size>
         <input_file_ref idref="fl-14"/>
      </object_component>
      <object_component id="oc-139">
         <name>.debug_line</name>
         <load_address>0x2108</load_address>
         <run_address>0x2108</run_address>
         <size>0x90</size>
         <input_file_ref idref="fl-15"/>
      </object_component>
      <object_component id="oc-8e">
         <name>.debug_line</name>
         <load_address>0x2198</load_address>
         <run_address>0x2198</run_address>
         <size>0x3a</size>
         <input_file_ref idref="fl-15"/>
      </object_component>
      <object_component id="oc-38">
         <name>.debug_line</name>
         <load_address>0x21d2</load_address>
         <run_address>0x21d2</run_address>
         <size>0x1b2</size>
         <input_file_ref idref="fl-15"/>
      </object_component>
      <object_component id="oc-3d">
         <name>.debug_line</name>
         <load_address>0x2384</load_address>
         <run_address>0x2384</run_address>
         <size>0xbc</size>
         <input_file_ref idref="fl-15"/>
      </object_component>
      <object_component id="oc-165">
         <name>.debug_line</name>
         <load_address>0x2440</load_address>
         <run_address>0x2440</run_address>
         <size>0x3a</size>
         <input_file_ref idref="fl-15"/>
      </object_component>
      <object_component id="oc-18f">
         <name>.debug_line</name>
         <load_address>0x247a</load_address>
         <run_address>0x247a</run_address>
         <size>0x94</size>
         <input_file_ref idref="fl-16"/>
      </object_component>
      <object_component id="oc-71">
         <name>.debug_line</name>
         <load_address>0x250e</load_address>
         <run_address>0x250e</run_address>
         <size>0x21e</size>
         <input_file_ref idref="fl-16"/>
      </object_component>
      <object_component id="oc-237">
         <name>.debug_line</name>
         <load_address>0x272c</load_address>
         <run_address>0x272c</run_address>
         <size>0x20</size>
         <input_file_ref idref="fl-d0"/>
      </object_component>
      <object_component id="oc-1b1">
         <name>.debug_line</name>
         <load_address>0x274c</load_address>
         <run_address>0x274c</run_address>
         <size>0xc0</size>
         <input_file_ref idref="fl-d0"/>
      </object_component>
      <object_component id="oc-48">
         <name>.debug_line</name>
         <load_address>0x280c</load_address>
         <run_address>0x280c</run_address>
         <size>0x20</size>
         <input_file_ref idref="fl-d0"/>
      </object_component>
      <object_component id="oc-234">
         <name>.debug_line</name>
         <load_address>0x282c</load_address>
         <run_address>0x282c</run_address>
         <size>0x79</size>
         <input_file_ref idref="fl-d0"/>
      </object_component>
      <object_component id="oc-1fc">
         <name>.debug_line</name>
         <load_address>0x28a5</load_address>
         <run_address>0x28a5</run_address>
         <size>0x76</size>
         <input_file_ref idref="fl-d0"/>
      </object_component>
      <object_component id="oc-bc">
         <name>.debug_line</name>
         <load_address>0x291b</load_address>
         <run_address>0x291b</run_address>
         <size>0x73</size>
         <input_file_ref idref="fl-d1"/>
      </object_component>
      <object_component id="oc-1df">
         <name>.debug_line</name>
         <load_address>0x298e</load_address>
         <run_address>0x298e</run_address>
         <size>0x9e</size>
         <input_file_ref idref="fl-d2"/>
      </object_component>
      <object_component id="oc-e0">
         <name>.debug_line</name>
         <load_address>0x2a2c</load_address>
         <run_address>0x2a2c</run_address>
         <size>0x7c</size>
         <input_file_ref idref="fl-d2"/>
      </object_component>
      <object_component id="oc-1e3">
         <name>.debug_line</name>
         <load_address>0x2aa8</load_address>
         <run_address>0x2aa8</run_address>
         <size>0x2e</size>
         <input_file_ref idref="fl-d2"/>
      </object_component>
      <object_component id="oc-228">
         <name>.debug_line</name>
         <load_address>0x2ad6</load_address>
         <run_address>0x2ad6</run_address>
         <size>0x79</size>
         <input_file_ref idref="fl-d2"/>
      </object_component>
      <object_component id="oc-1e8">
         <name>.debug_line</name>
         <load_address>0x2b4f</load_address>
         <run_address>0x2b4f</run_address>
         <size>0x76</size>
         <input_file_ref idref="fl-d2"/>
      </object_component>
      <object_component id="oc-1ed">
         <name>.debug_line</name>
         <load_address>0x2bc5</load_address>
         <run_address>0x2bc5</run_address>
         <size>0x72</size>
         <input_file_ref idref="fl-d2"/>
      </object_component>
      <object_component id="oc-175">
         <name>.debug_line</name>
         <load_address>0x2c37</load_address>
         <run_address>0x2c37</run_address>
         <size>0x85</size>
         <input_file_ref idref="fl-d4"/>
      </object_component>
      <object_component id="oc-5a">
         <name>.debug_line</name>
         <load_address>0x2cbc</load_address>
         <run_address>0x2cbc</run_address>
         <size>0x4f</size>
         <input_file_ref idref="fl-d4"/>
      </object_component>
      <object_component id="oc-b5">
         <name>.debug_line</name>
         <load_address>0x2d0b</load_address>
         <run_address>0x2d0b</run_address>
         <size>0x34</size>
         <input_file_ref idref="fl-d4"/>
      </object_component>
      <object_component id="oc-172">
         <name>.debug_line</name>
         <load_address>0x2d3f</load_address>
         <run_address>0x2d3f</run_address>
         <size>0x71</size>
         <input_file_ref idref="fl-d4"/>
      </object_component>
      <object_component id="oc-b0">
         <name>.debug_line</name>
         <load_address>0x2db0</load_address>
         <run_address>0x2db0</run_address>
         <size>0x20</size>
         <input_file_ref idref="fl-d5"/>
      </object_component>
      <object_component id="oc-16">
         <name>.debug_line</name>
         <load_address>0x2dd0</load_address>
         <run_address>0x2dd0</run_address>
         <size>0x55</size>
         <input_file_ref idref="fl-d5"/>
      </object_component>
      <object_component id="oc-53">
         <name>.debug_line</name>
         <load_address>0x2e25</load_address>
         <run_address>0x2e25</run_address>
         <size>0x3a</size>
         <input_file_ref idref="fl-d5"/>
      </object_component>
      <object_component id="oc-ad">
         <name>.debug_line</name>
         <load_address>0x2e5f</load_address>
         <run_address>0x2e5f</run_address>
         <size>0x71</size>
         <input_file_ref idref="fl-d5"/>
      </object_component>
      <object_component id="oc-16e">
         <name>.debug_line</name>
         <load_address>0x2ed0</load_address>
         <run_address>0x2ed0</run_address>
         <size>0x20</size>
         <input_file_ref idref="fl-d6"/>
      </object_component>
      <object_component id="oc-10">
         <name>.debug_line</name>
         <load_address>0x2ef0</load_address>
         <run_address>0x2ef0</run_address>
         <size>0xb2</size>
         <input_file_ref idref="fl-d6"/>
      </object_component>
      <object_component id="oc-43">
         <name>.debug_line</name>
         <load_address>0x2fa2</load_address>
         <run_address>0x2fa2</run_address>
         <size>0x3a</size>
         <input_file_ref idref="fl-d6"/>
      </object_component>
      <object_component id="oc-16b">
         <name>.debug_line</name>
         <load_address>0x2fdc</load_address>
         <run_address>0x2fdc</run_address>
         <size>0x79</size>
         <input_file_ref idref="fl-d6"/>
      </object_component>
      <object_component id="oc-a6">
         <name>.debug_line</name>
         <load_address>0x3055</load_address>
         <run_address>0x3055</run_address>
         <size>0x75</size>
         <input_file_ref idref="fl-d6"/>
      </object_component>
      <object_component id="oc-12b">
         <name>.debug_line</name>
         <load_address>0x30ca</load_address>
         <run_address>0x30ca</run_address>
         <size>0x3c</size>
         <input_file_ref idref="fl-d7"/>
      </object_component>
      <object_component id="oc-4e">
         <name>.debug_line</name>
         <load_address>0x3106</load_address>
         <run_address>0x3106</run_address>
         <size>0x9a</size>
         <input_file_ref idref="fl-d9"/>
      </object_component>
      <object_component id="oc-11c">
         <name>.debug_frame</name>
         <load_address>0x0</load_address>
         <run_address>0x0</run_address>
         <size>0x1a0</size>
         <input_file_ref idref="fl-2"/>
      </object_component>
      <object_component id="oc-78">
         <name>.debug_frame</name>
         <load_address>0x1a0</load_address>
         <run_address>0x1a0</run_address>
         <size>0x274</size>
         <input_file_ref idref="fl-5"/>
      </object_component>
      <object_component id="oc-24">
         <name>.debug_frame</name>
         <load_address>0x414</load_address>
         <run_address>0x414</run_address>
         <size>0xb0</size>
         <input_file_ref idref="fl-5"/>
      </object_component>
      <object_component id="oc-110">
         <name>.debug_frame</name>
         <load_address>0x4c4</load_address>
         <run_address>0x4c4</run_address>
         <size>0x12c</size>
         <input_file_ref idref="fl-6"/>
      </object_component>
      <object_component id="oc-6c">
         <name>.debug_frame</name>
         <load_address>0x5f0</load_address>
         <run_address>0x5f0</run_address>
         <size>0x110</size>
         <input_file_ref idref="fl-8"/>
      </object_component>
      <object_component id="oc-cb">
         <name>.debug_frame</name>
         <load_address>0x700</load_address>
         <run_address>0x700</run_address>
         <size>0x58</size>
         <input_file_ref idref="fl-9"/>
      </object_component>
      <object_component id="oc-116">
         <name>.debug_frame</name>
         <load_address>0x758</load_address>
         <run_address>0x758</run_address>
         <size>0x1f0</size>
         <input_file_ref idref="fl-a"/>
      </object_component>
      <object_component id="oc-84">
         <name>.debug_frame</name>
         <load_address>0x948</load_address>
         <run_address>0x948</run_address>
         <size>0xb0</size>
         <input_file_ref idref="fl-e"/>
      </object_component>
      <object_component id="oc-32">
         <name>.debug_frame</name>
         <load_address>0x9f8</load_address>
         <run_address>0x9f8</run_address>
         <size>0x54</size>
         <input_file_ref idref="fl-11"/>
      </object_component>
      <object_component id="oc-1e">
         <name>.debug_frame</name>
         <load_address>0xa4c</load_address>
         <run_address>0xa4c</run_address>
         <size>0x50</size>
         <input_file_ref idref="fl-14"/>
      </object_component>
      <object_component id="oc-39">
         <name>.debug_frame</name>
         <load_address>0xa9c</load_address>
         <run_address>0xa9c</run_address>
         <size>0xbc</size>
         <input_file_ref idref="fl-15"/>
      </object_component>
      <object_component id="oc-3e">
         <name>.debug_frame</name>
         <load_address>0xb58</load_address>
         <run_address>0xb58</run_address>
         <size>0xb0</size>
         <input_file_ref idref="fl-15"/>
      </object_component>
      <object_component id="oc-72">
         <name>.debug_frame</name>
         <load_address>0xc08</load_address>
         <run_address>0xc08</run_address>
         <size>0x108</size>
         <input_file_ref idref="fl-16"/>
      </object_component>
      <object_component id="oc-1b2">
         <name>.debug_frame</name>
         <load_address>0xd10</load_address>
         <run_address>0xd10</run_address>
         <size>0x64</size>
         <input_file_ref idref="fl-d0"/>
      </object_component>
      <object_component id="oc-dc">
         <name>.debug_frame</name>
         <load_address>0xd74</load_address>
         <run_address>0xd74</run_address>
         <size>0x5c</size>
         <input_file_ref idref="fl-d2"/>
      </object_component>
      <object_component id="oc-5b">
         <name>.debug_frame</name>
         <load_address>0xdd0</load_address>
         <run_address>0xdd0</run_address>
         <size>0x54</size>
         <input_file_ref idref="fl-d4"/>
      </object_component>
      <object_component id="oc-17">
         <name>.debug_frame</name>
         <load_address>0xe24</load_address>
         <run_address>0xe24</run_address>
         <size>0x54</size>
         <input_file_ref idref="fl-d5"/>
      </object_component>
      <object_component id="oc-11">
         <name>.debug_frame</name>
         <load_address>0xe78</load_address>
         <run_address>0xe78</run_address>
         <size>0x5c</size>
         <input_file_ref idref="fl-d6"/>
      </object_component>
      <object_component id="oc-12c">
         <name>.debug_frame</name>
         <load_address>0xed4</load_address>
         <run_address>0xed4</run_address>
         <size>0x54</size>
         <input_file_ref idref="fl-d7"/>
      </object_component>
      <object_component id="oc-1da">
         <name>.debug_abbrev</name>
         <load_address>0x0</load_address>
         <run_address>0x0</run_address>
         <size>0x76</size>
         <input_file_ref idref="fl-2"/>
      </object_component>
      <object_component id="oc-20f">
         <name>.debug_abbrev</name>
         <load_address>0x76</load_address>
         <run_address>0x76</run_address>
         <size>0x27</size>
         <input_file_ref idref="fl-2"/>
      </object_component>
      <object_component id="oc-20d">
         <name>.debug_abbrev</name>
         <load_address>0x9d</load_address>
         <run_address>0x9d</run_address>
         <size>0x27</size>
         <input_file_ref idref="fl-2"/>
      </object_component>
      <object_component id="oc-1be">
         <name>.debug_abbrev</name>
         <load_address>0xc4</load_address>
         <run_address>0xc4</run_address>
         <size>0xd6</size>
         <input_file_ref idref="fl-2"/>
      </object_component>
      <object_component id="oc-17b">
         <name>.debug_abbrev</name>
         <load_address>0x19a</load_address>
         <run_address>0x19a</run_address>
         <size>0x7c</size>
         <input_file_ref idref="fl-2"/>
      </object_component>
      <object_component id="oc-13c">
         <name>.debug_abbrev</name>
         <load_address>0x216</load_address>
         <run_address>0x216</run_address>
         <size>0x69</size>
         <input_file_ref idref="fl-2"/>
      </object_component>
      <object_component id="oc-8a">
         <name>.debug_abbrev</name>
         <load_address>0x27f</load_address>
         <run_address>0x27f</run_address>
         <size>0x5a</size>
         <input_file_ref idref="fl-2"/>
      </object_component>
      <object_component id="oc-9a">
         <name>.debug_abbrev</name>
         <load_address>0x2d9</load_address>
         <run_address>0x2d9</run_address>
         <size>0x1f</size>
         <input_file_ref idref="fl-2"/>
      </object_component>
      <object_component id="oc-95">
         <name>.debug_abbrev</name>
         <load_address>0x2f8</load_address>
         <run_address>0x2f8</run_address>
         <size>0x7c</size>
         <input_file_ref idref="fl-2"/>
      </object_component>
      <object_component id="oc-1d6">
         <name>.debug_abbrev</name>
         <load_address>0x374</load_address>
         <run_address>0x374</run_address>
         <size>0x5c</size>
         <input_file_ref idref="fl-2"/>
      </object_component>
      <object_component id="oc-135">
         <name>.debug_abbrev</name>
         <load_address>0x3d0</load_address>
         <run_address>0x3d0</run_address>
         <size>0x24</size>
         <input_file_ref idref="fl-2"/>
      </object_component>
      <object_component id="oc-9f">
         <name>.debug_abbrev</name>
         <load_address>0x3f4</load_address>
         <run_address>0x3f4</run_address>
         <size>0x55</size>
         <input_file_ref idref="fl-2"/>
      </object_component>
      <object_component id="oc-1c3">
         <name>.debug_abbrev</name>
         <load_address>0x449</load_address>
         <run_address>0x449</run_address>
         <size>0x7a</size>
         <input_file_ref idref="fl-2"/>
      </object_component>
      <object_component id="oc-15f">
         <name>.debug_abbrev</name>
         <load_address>0x4c3</load_address>
         <run_address>0x4c3</run_address>
         <size>0x4b</size>
         <input_file_ref idref="fl-2"/>
      </object_component>
      <object_component id="oc-21f">
         <name>.debug_abbrev</name>
         <load_address>0x50e</load_address>
         <run_address>0x50e</run_address>
         <size>0x5f</size>
         <input_file_ref idref="fl-3"/>
      </object_component>
      <object_component id="oc-cf">
         <name>.debug_abbrev</name>
         <load_address>0x56d</load_address>
         <run_address>0x56d</run_address>
         <size>0xba</size>
         <input_file_ref idref="fl-3"/>
      </object_component>
      <object_component id="oc-141">
         <name>.debug_abbrev</name>
         <load_address>0x627</load_address>
         <run_address>0x627</run_address>
         <size>0x4b</size>
         <input_file_ref idref="fl-3"/>
      </object_component>
      <object_component id="oc-185">
         <name>.debug_abbrev</name>
         <load_address>0x672</load_address>
         <run_address>0x672</run_address>
         <size>0x4b</size>
         <input_file_ref idref="fl-3"/>
      </object_component>
      <object_component id="oc-146">
         <name>.debug_abbrev</name>
         <load_address>0x6bd</load_address>
         <run_address>0x6bd</run_address>
         <size>0x4b</size>
         <input_file_ref idref="fl-3"/>
      </object_component>
      <object_component id="oc-14b">
         <name>.debug_abbrev</name>
         <load_address>0x708</load_address>
         <run_address>0x708</run_address>
         <size>0x4b</size>
         <input_file_ref idref="fl-3"/>
      </object_component>
      <object_component id="oc-150">
         <name>.debug_abbrev</name>
         <load_address>0x753</load_address>
         <run_address>0x753</run_address>
         <size>0x4b</size>
         <input_file_ref idref="fl-3"/>
      </object_component>
      <object_component id="oc-155">
         <name>.debug_abbrev</name>
         <load_address>0x79e</load_address>
         <run_address>0x79e</run_address>
         <size>0x4b</size>
         <input_file_ref idref="fl-3"/>
      </object_component>
      <object_component id="oc-15a">
         <name>.debug_abbrev</name>
         <load_address>0x7e9</load_address>
         <run_address>0x7e9</run_address>
         <size>0x5c</size>
         <input_file_ref idref="fl-3"/>
      </object_component>
      <object_component id="oc-19a">
         <name>.debug_abbrev</name>
         <load_address>0x845</load_address>
         <run_address>0x845</run_address>
         <size>0x76</size>
         <input_file_ref idref="fl-5"/>
      </object_component>
      <object_component id="oc-d3">
         <name>.debug_abbrev</name>
         <load_address>0x8bb</load_address>
         <run_address>0x8bb</run_address>
         <size>0xc8</size>
         <input_file_ref idref="fl-5"/>
      </object_component>
      <object_component id="oc-87">
         <name>.debug_abbrev</name>
         <load_address>0x983</load_address>
         <run_address>0x983</run_address>
         <size>0x6f</size>
         <input_file_ref idref="fl-5"/>
      </object_component>
      <object_component id="oc-d6">
         <name>.debug_abbrev</name>
         <load_address>0x9f2</load_address>
         <run_address>0x9f2</run_address>
         <size>0x6b</size>
         <input_file_ref idref="fl-5"/>
      </object_component>
      <object_component id="oc-1f1">
         <name>.debug_abbrev</name>
         <load_address>0xa5d</load_address>
         <run_address>0xa5d</run_address>
         <size>0x52</size>
         <input_file_ref idref="fl-6"/>
      </object_component>
      <object_component id="oc-1ab">
         <name>.debug_abbrev</name>
         <load_address>0xaaf</load_address>
         <run_address>0xaaf</run_address>
         <size>0xc8</size>
         <input_file_ref idref="fl-6"/>
      </object_component>
      <object_component id="oc-1f5">
         <name>.debug_abbrev</name>
         <load_address>0xb77</load_address>
         <run_address>0xb77</run_address>
         <size>0x4b</size>
         <input_file_ref idref="fl-6"/>
      </object_component>
      <object_component id="oc-177">
         <name>.debug_abbrev</name>
         <load_address>0xbc2</load_address>
         <run_address>0xbc2</run_address>
         <size>0x4f</size>
         <input_file_ref idref="fl-8"/>
      </object_component>
      <object_component id="oc-bf">
         <name>.debug_abbrev</name>
         <load_address>0xc11</load_address>
         <run_address>0xc11</run_address>
         <size>0x6c</size>
         <input_file_ref idref="fl-8"/>
      </object_component>
      <object_component id="oc-180">
         <name>.debug_abbrev</name>
         <load_address>0xc7d</load_address>
         <run_address>0xc7d</run_address>
         <size>0x7f</size>
         <input_file_ref idref="fl-8"/>
      </object_component>
      <object_component id="oc-c3">
         <name>.debug_abbrev</name>
         <load_address>0xcfc</load_address>
         <run_address>0xcfc</run_address>
         <size>0x6b</size>
         <input_file_ref idref="fl-8"/>
      </object_component>
      <object_component id="oc-18a">
         <name>.debug_abbrev</name>
         <load_address>0xd67</load_address>
         <run_address>0xd67</run_address>
         <size>0x4b</size>
         <input_file_ref idref="fl-8"/>
      </object_component>
      <object_component id="oc-20a">
         <name>.debug_abbrev</name>
         <load_address>0xdb2</load_address>
         <run_address>0xdb2</run_address>
         <size>0x89</size>
         <input_file_ref idref="fl-8"/>
      </object_component>
      <object_component id="oc-223">
         <name>.debug_abbrev</name>
         <load_address>0xe3b</load_address>
         <run_address>0xe3b</run_address>
         <size>0x4f</size>
         <input_file_ref idref="fl-9"/>
      </object_component>
      <object_component id="oc-18d">
         <name>.debug_abbrev</name>
         <load_address>0xe8a</load_address>
         <run_address>0xe8a</run_address>
         <size>0x50</size>
         <input_file_ref idref="fl-9"/>
      </object_component>
      <object_component id="oc-197">
         <name>.debug_abbrev</name>
         <load_address>0xeda</load_address>
         <run_address>0xeda</run_address>
         <size>0x4b</size>
         <input_file_ref idref="fl-9"/>
      </object_component>
      <object_component id="oc-201">
         <name>.debug_abbrev</name>
         <load_address>0xf25</load_address>
         <run_address>0xf25</run_address>
         <size>0x7e</size>
         <input_file_ref idref="fl-a"/>
      </object_component>
      <object_component id="oc-1ff">
         <name>.debug_abbrev</name>
         <load_address>0xfa3</load_address>
         <run_address>0xfa3</run_address>
         <size>0x27</size>
         <input_file_ref idref="fl-a"/>
      </object_component>
      <object_component id="oc-1b6">
         <name>.debug_abbrev</name>
         <load_address>0xfca</load_address>
         <run_address>0xfca</run_address>
         <size>0x13d</size>
         <input_file_ref idref="fl-a"/>
      </object_component>
      <object_component id="oc-205">
         <name>.debug_abbrev</name>
         <load_address>0x1107</load_address>
         <run_address>0x1107</run_address>
         <size>0x3a</size>
         <input_file_ref idref="fl-a"/>
      </object_component>
      <object_component id="oc-be">
         <name>.debug_abbrev</name>
         <load_address>0x1141</load_address>
         <run_address>0x1141</run_address>
         <size>0x44</size>
         <input_file_ref idref="fl-b"/>
      </object_component>
      <object_component id="oc-90">
         <name>.debug_abbrev</name>
         <load_address>0x1185</load_address>
         <run_address>0x1185</run_address>
         <size>0x38</size>
         <input_file_ref idref="fl-d"/>
      </object_component>
      <object_component id="oc-1bf">
         <name>.debug_abbrev</name>
         <load_address>0x11bd</load_address>
         <run_address>0x11bd</run_address>
         <size>0xdf</size>
         <input_file_ref idref="fl-e"/>
      </object_component>
      <object_component id="oc-1c6">
         <name>.debug_abbrev</name>
         <load_address>0x129c</load_address>
         <run_address>0x129c</run_address>
         <size>0x29</size>
         <input_file_ref idref="fl-e"/>
      </object_component>
      <object_component id="oc-1c8">
         <name>.debug_abbrev</name>
         <load_address>0x12c5</load_address>
         <run_address>0x12c5</run_address>
         <size>0x29</size>
         <input_file_ref idref="fl-e"/>
      </object_component>
      <object_component id="oc-126">
         <name>.debug_abbrev</name>
         <load_address>0x12ee</load_address>
         <run_address>0x12ee</run_address>
         <size>0xa9</size>
         <input_file_ref idref="fl-e"/>
      </object_component>
      <object_component id="oc-da">
         <name>.debug_abbrev</name>
         <load_address>0x1397</load_address>
         <run_address>0x1397</run_address>
         <size>0x36</size>
         <input_file_ref idref="fl-f"/>
      </object_component>
      <object_component id="oc-221">
         <name>.debug_abbrev</name>
         <load_address>0x13cd</load_address>
         <run_address>0x13cd</run_address>
         <size>0x4f</size>
         <input_file_ref idref="fl-10"/>
      </object_component>
      <object_component id="oc-192">
         <name>.debug_abbrev</name>
         <load_address>0x141c</load_address>
         <run_address>0x141c</run_address>
         <size>0x5a</size>
         <input_file_ref idref="fl-10"/>
      </object_component>
      <object_component id="oc-91">
         <name>.debug_abbrev</name>
         <load_address>0x1476</load_address>
         <run_address>0x1476</run_address>
         <size>0x53</size>
         <input_file_ref idref="fl-11"/>
      </object_component>
      <object_component id="oc-86">
         <name>.debug_abbrev</name>
         <load_address>0x14c9</load_address>
         <run_address>0x14c9</run_address>
         <size>0x55</size>
         <input_file_ref idref="fl-14"/>
      </object_component>
      <object_component id="oc-138">
         <name>.debug_abbrev</name>
         <load_address>0x151e</load_address>
         <run_address>0x151e</run_address>
         <size>0xab</size>
         <input_file_ref idref="fl-15"/>
      </object_component>
      <object_component id="oc-8d">
         <name>.debug_abbrev</name>
         <load_address>0x15c9</load_address>
         <run_address>0x15c9</run_address>
         <size>0x27</size>
         <input_file_ref idref="fl-15"/>
      </object_component>
      <object_component id="oc-92">
         <name>.debug_abbrev</name>
         <load_address>0x15f0</load_address>
         <run_address>0x15f0</run_address>
         <size>0xa4</size>
         <input_file_ref idref="fl-15"/>
      </object_component>
      <object_component id="oc-a2">
         <name>.debug_abbrev</name>
         <load_address>0x1694</load_address>
         <run_address>0x1694</run_address>
         <size>0x6f</size>
         <input_file_ref idref="fl-15"/>
      </object_component>
      <object_component id="oc-164">
         <name>.debug_abbrev</name>
         <load_address>0x1703</load_address>
         <run_address>0x1703</run_address>
         <size>0x4b</size>
[...]
      </symbol>
      <symbol id="sm-1aa">
         <name>gioSetBit</name>
         <value>0x384c</value>
         <object_component_ref idref="oc-10b"/>
      </symbol>
      <symbol id="sm-1ab">
         <name>gioGetPort</name>
         <value>0x38e4</value>
         <object_component_ref idref="oc-10b"/>
      </symbol>
      <symbol id="sm-1d6">
         <name>sciNotification</name>
         <value>0x4f80</value>
         <object_component_ref idref="oc-67"/>
      </symbol>
      <symbol id="sm-1d7">
         <name>epcFIFOFullNotification</name>
         <value>0x4f98</value>
         <object_component_ref idref="oc-67"/>
      </symbol>
      <symbol id="sm-1d8">
         <name>esmGroup2Notification</name>
         <value>0x4f20</value>
         <object_component_ref idref="oc-67"/>
      </symbol>
      <symbol id="sm-1d9">
         <name>epcCAMFullNotification</name>
         <value>0x4f94</value>
         <object_component_ref idref="oc-67"/>
      </symbol>
      <symbol id="sm-1da">
         <name>esmGroup1Notification</name>
         <value>0x4f0c</value>
         <object_component_ref idref="oc-67"/>
      </symbol>
      <symbol id="sm-1db">
         <name>esmGroup3Notification</name>
         <value>0x4f34</value>
         <object_component_ref idref="oc-67"/>
      </symbol>
      <symbol id="sm-1dc">
         <name>dmaGroupANotification</name>
         <value>0x4f44</value>
         <object_component_ref idref="oc-67"/>
      </symbol>
      <symbol id="sm-1dd">
         <name>gioNotification</name>
         <value>0x4f6c</value>
         <object_component_ref idref="oc-67"/>
      </symbol>
      <symbol id="sm-1de">
         <name>adcNotification</name>
         <value>0x4f58</value>
         <object_component_ref idref="oc-67"/>
      </symbol>
      <symbol id="sm-24c">
         <name>muxInit</name>
         <value>0xb0c</value>
         <object_component_ref idref="oc-c6"/>
      </symbol>
      <symbol id="sm-2ab">
         <name>sciIsTxReady</name>
         <value>0x2908</value>
         <object_component_ref idref="oc-111"/>
      </symbol>
      <symbol id="sm-2ac">
         <name>sci1GetConfigValue</name>
         <value>0x2e1c</value>
         <object_component_ref idref="oc-111"/>
      </symbol>
      <symbol id="sm-2ad">
         <name>sciDisableLoopback</name>
         <value>0x2c90</value>
         <object_component_ref idref="oc-111"/>
      </symbol>
      <symbol id="sm-2ae">
         <name>sciIsRxReady</name>
         <value>0x2ab8</value>
         <object_component_ref idref="oc-111"/>
      </symbol>
      <symbol id="sm-2af">
         <name>sciSetBaudrate</name>
         <value>0x286c</value>
         <object_component_ref idref="oc-111"/>
      </symbol>
      <symbol id="sm-2b0">
         <name>sciInit</name>
         <value>0x2760</value>
         <object_component_ref idref="oc-111"/>
      </symbol>
      <symbol id="sm-2b1">
         <name>sciEnableNotification</name>
         <value>0x2cac</value>
         <object_component_ref idref="oc-111"/>
      </symbol>
      <symbol id="sm-2b2">
         <name>sciReceive</name>
         <value>0x2b4c</value>
         <object_component_ref idref="oc-111"/>
      </symbol>
      <symbol id="sm-2b3">
         <name>sciExitResetState</name>
         <value>0x2dfc</value>
         <object_component_ref idref="oc-111"/>
      </symbol>
      <symbol id="sm-2b4">
         <name>sciSetFunctional</name>
         <value>0x284c</value>
         <object_component_ref idref="oc-111"/>
      </symbol>
      <symbol id="sm-2b5">
         <name>sciDisableNotification</name>
         <value>0x2d44</value>
         <object_component_ref idref="oc-111"/>
      </symbol>
      <symbol id="sm-2b6">
         <name>sciSend</name>
         <value>0x2954</value>
         <object_component_ref idref="oc-111"/>
      </symbol>
      <symbol id="sm-2b7">
         <name>sciRxError</name>
         <value>0x2af0</value>
         <object_component_ref idref="oc-111"/>
      </symbol>
      <symbol id="sm-2b8">
         <name>sciReceiveByte</name>
         <value>0x2b20</value>
         <object_component_ref idref="oc-111"/>
      </symbol>
      <symbol id="sm-2b9">
         <name>sciSendByte</name>
         <value>0x2924</value>
         <object_component_ref idref="oc-111"/>
      </symbol>
      <symbol id="sm-2ba">
         <name>sciEnableLoopback</name>
         <value>0x2c5c</value>
         <object_component_ref idref="oc-111"/>
      </symbol>
      <symbol id="sm-2bb">
         <name>sciIsIdleDetected</name>
         <value>0x2ad4</value>
         <object_component_ref idref="oc-111"/>
      </symbol>
      <symbol id="sm-2bc">
         <name>sciEnterResetState</name>
         <value>0x2ddc</value>
         <object_component_ref idref="oc-111"/>
      </symbol>
      <symbol id="sm-2e8">
         <name>_iCacheInvalidate_</name>
         <value>0x3f88</value>
         <object_component_ref idref="oc-62"/>
      </symbol>
      <symbol id="sm-2e9">
         <name>_disable_IRQ_interrupt_</name>
         <value>0x3e18</value>
         <object_component_ref idref="oc-62"/>
      </symbol>
      <symbol id="sm-2ea">
         <name>_coreGetInstructionFaultAddress_</name>
         <value>0x3ddc</value>
         <object_component_ref idref="oc-62"/>
      </symbol>
      <symbol id="sm-2eb">
         <name>_coreGetDataFault_</name>
         <value>0x3da0</value>
         <object_component_ref idref="oc-62"/>
      </symbol>
      <symbol id="sm-2ec">
         <name>_coreDisableEventBusExport_</name>
         <value>0x3d80</value>
         <object_component_ref idref="oc-62"/>
      </symbol>
      <symbol id="sm-2ed">
         <name>_coreClearDataFaultAddress_</name>
         <value>0x3dd0</value>
         <object_component_ref idref="oc-62"/>
      </symbol>
      <symbol id="sm-2ee">
         <name>__TI_PINIT_Base</name>
         <value>0x3f9c</value>
         <object_component_ref idref="oc-62"/>
      </symbol>
      <symbol id="sm-2ef">
         <name>_coreInitRegisters_</name>
         <value>0x3be0</value>
         <object_component_ref idref="oc-62"/>
      </symbol>
      <symbol id="sm-2f0">
         <name>_coreClearInstructionFaultAddress_</name>
         <value>0x3de4</value>
         <object_component_ref idref="oc-62"/>
      </symbol>
      <symbol id="sm-2f1">
         <name>_coreClearDataFault_</name>
         <value>0x3da8</value>
         <object_component_ref idref="oc-62"/>
      </symbol>
      <symbol id="sm-2f2">
         <name>_coreGetAuxiliaryDataFault_</name>
         <value>0x3df0</value>
         <object_component_ref idref="oc-62"/>
      </symbol>
      <symbol id="sm-2f3">
         <name>_enable_interrupt_</name>
         <value>0x3e28</value>
         <object_component_ref idref="oc-62"/>
      </symbol>
      <symbol id="sm-2f4">
         <name>_coreClearAuxiliaryInstructionFault_</name>
         <value>0x3e0c</value>
         <object_component_ref idref="oc-62"/>
      </symbol>
      <symbol id="sm-2f5">
         <name>_memInit_</name>
         <value>0x3eb8</value>
         <object_component_ref idref="oc-62"/>
      </symbol>
      <symbol id="sm-2f6">
         <name>_dCacheInvalidate_</name>
         <value>0x3f74</value>
         <object_component_ref idref="oc-62"/>
      </symbol>
      <symbol id="sm-2f7">
         <name>_coreGetDataFaultAddress_</name>
         <value>0x3dc8</value>
         <object_component_ref idref="oc-62"/>
      </symbol>
      <symbol id="sm-2f8">
         <name>_coreClearInstructionFault_</name>
         <value>0x3dbc</value>
         <object_component_ref idref="oc-62"/>
      </symbol>
      <symbol id="sm-2f9">
         <name>_getCPSRValue_</name>
         <value>0x3d38</value>
         <object_component_ref idref="oc-62"/>
      </symbol>
      <symbol id="sm-2fa">
         <name>_cacheDisable_</name>
         <value>0x3f50</value>
         <object_component_ref idref="oc-62"/>
      </symbol>
      <symbol id="sm-2fb">
         <name>_enable_IRQ_interrupt_</name>
         <value>0x3e20</value>
         <object_component_ref idref="oc-62"/>
      </symbol>
      <symbol id="sm-2fc">
         <name>__TI_PINIT_Limit</name>
         <value>0x3fa0</value>
         <object_component_ref idref="oc-62"/>
      </symbol>
      <symbol id="sm-2fd">
         <name>_coreGetAuxiliaryInstructionFault_</name>
         <value>0x3e04</value>
         <object_component_ref idref="oc-62"/>
      </symbol>
      <symbol id="sm-2fe">
         <name>_coreInitStackPointer_</name>
         <value>0x3cec</value>
         <object_component_ref idref="oc-62"/>
      </symbol>
      <symbol id="sm-2ff">
         <name>_esmCcmErrorsClear_</name>
         <value>0x3e30</value>
         <object_component_ref idref="oc-62"/>
      </symbol>
      <symbol id="sm-300">
         <name>_gotoCPUIdle_</name>
         <value>0x3d40</value>
         <object_component_ref idref="oc-62"/>
      </symbol>
      <symbol id="sm-301">
         <name>_coreEnableIrqVicOffset_</name>
         <value>0x3d90</value>
         <object_component_ref idref="oc-62"/>
      </symbol>
      <symbol id="sm-302">
         <name>_coreGetInstructionFault_</name>
         <value>0x3db4</value>
         <object_component_ref idref="oc-62"/>
      </symbol>
      <symbol id="sm-303">
         <name>_cacheEnable_</name>
         <value>0x3f0c</value>
         <object_component_ref idref="oc-62"/>
      </symbol>
      <symbol id="sm-304">
         <name>_coreEnableVfp_</name>
         <value>0x3d58</value>
         <object_component_ref idref="oc-62"/>
      </symbol>
      <symbol id="sm-305">
         <name>_coreClearAuxiliaryDataFault_</name>
         <value>0x3df8</value>
         <object_component_ref idref="oc-62"/>
      </symbol>
      <symbol id="sm-306">
         <name>_coreEnableEventBusExport_</name>
         <value>0x3d70</value>
         <object_component_ref idref="oc-62"/>
      </symbol>
      <symbol id="sm-307">
         <name>_checkMemInitOn_</name>
         <value>0x3eec</value>
         <object_component_ref idref="oc-62"/>
      </symbol>
      <symbol id="sm-315">
         <name>resetEntry</name>
         <value>0x0</value>
         <object_component_ref idref="oc-28"/>
      </symbol>
      <symbol id="sm-34a">
         <name>adc_data</name>
         <value>0x8001550</value>
      </symbol>
      <symbol id="sm-34b">
         <name>TXT2</name>
         <value>0x800156c</value>
         <object_component_ref idref="oc-123"/>
      </symbol>
      <symbol id="sm-34c">
         <name>TXT1</name>
         <value>0x8001560</value>
         <object_component_ref idref="oc-120"/>
      </symbol>
      <symbol id="sm-34d">
         <name>sci_display_data</name>
         <value>0x478c</value>
         <object_component_ref idref="oc-7f"/>
      </symbol>
      <symbol id="sm-34e">
         <name>main</name>
         <value>0x464c</value>
         <object_component_ref idref="oc-7f"/>
      </symbol>
      <symbol id="sm-34f">
         <name>wait</name>
         <value>0x4748</value>
         <object_component_ref idref="oc-7f"/>
      </symbol>
      <symbol id="sm-350">
         <name>sci_display_txt</name>
         <value>0x48ec</value>
         <object_component_ref idref="oc-7f"/>
      </symbol>
      <symbol id="sm-36b">
         <name>_mpuSetRegionBaseAddress_</name>
         <value>0x42d4</value>
         <object_component_ref idref="oc-79"/>
      </symbol>
      <symbol id="sm-36c">
         <name>_mpuInit_</name>
         <value>0x3fa4</value>
         <object_component_ref idref="oc-79"/>
      </symbol>
      <symbol id="sm-36d">
         <name>_mpuSetRegionSizeRegister_</name>
         <value>0x4308</value>
         <object_component_ref idref="oc-79"/>
      </symbol>
      <symbol id="sm-36e">
         <name>_mpuDisableBackgroundRegion_</name>
         <value>0x429c</value>
         <object_component_ref idref="oc-79"/>
      </symbol>
      <symbol id="sm-36f">
         <name>_mpuSetRegionTypeAndPermission_</name>
         <value>0x42e4</value>
         <object_component_ref idref="oc-79"/>
      </symbol>
      <symbol id="sm-370">
         <name>_mpuGetRegionPermission_</name>
         <value>0x42fc</value>
         <object_component_ref idref="oc-79"/>
      </symbol>
      <symbol id="sm-371">
         <name>_mpuEnable_</name>
         <value>0x425c</value>
         <object_component_ref idref="oc-79"/>
      </symbol>
      <symbol id="sm-372">
         <name>_mpuGetNumberOfRegions_</name>
         <value>0x42ac</value>
         <object_component_ref idref="oc-79"/>
      </symbol>
      <symbol id="sm-373">
         <name>_mpuAreRegionsSeparate_</name>
         <value>0x42b8</value>
         <object_component_ref idref="oc-79"/>
      </symbol>
      <symbol id="sm-374">
         <name>_mpuEnableBackgroundRegion_</name>
         <value>0x428c</value>
         <object_component_ref idref="oc-79"/>
      </symbol>
      <symbol id="sm-375">
         <name>_mpuGetRegionType_</name>
         <value>0x42f0</value>
         <object_component_ref idref="oc-79"/>
      </symbol>
      <symbol id="sm-376">
         <name>_mpuDisable_</name>
         <value>0x4274</value>
         <object_component_ref idref="oc-79"/>
      </symbol>
      <symbol id="sm-377">
         <name>_mpuGetRegionBaseAddress_</name>
         <value>0x42dc</value>
         <object_component_ref idref="oc-79"/>
      </symbol>
      <symbol id="sm-378">
         <name>_mpuSetRegion_</name>
         <value>0x42c4</value>
         <object_component_ref idref="oc-79"/>
      </symbol>
      <symbol id="sm-379">
         <name>_mpuGetRegion_</name>
         <value>0x42cc</value>
         <object_component_ref idref="oc-79"/>
      </symbol>
      <symbol id="sm-38c">
         <name>phantomInterrupt</name>
         <value>0x50dc</value>
         <object_component_ref idref="oc-2d"/>
      </symbol>
      <symbol id="sm-3a0">
         <name>_c_int00</name>
         <value>0x4da8</value>
         <object_component_ref idref="oc-19"/>
      </symbol>
      <symbol id="sm-443">
         <name>vimChannelMap</name>
         <value>0x1efc</value>
         <object_component_ref idref="oc-34"/>
      </symbol>
      <symbol id="sm-444">
         <name>vimInit</name>
         <value>0x1e28</value>
         <object_component_ref idref="oc-34"/>
      </symbol>
      <symbol id="sm-445">
         <name>vimEnableInterrupt</name>
         <value>0x1fa0</value>
         <object_component_ref idref="oc-34"/>
      </symbol>
      <symbol id="sm-446">
         <name>vimDisableInterrupt</name>
         <value>0x2168</value>
         <object_component_ref idref="oc-34"/>
      </symbol>
      <symbol id="sm-447">
         <name>vimGetConfigValue</name>
         <value>0x2214</value>
         <object_component_ref idref="oc-34"/>
      </symbol>
      <symbol id="sm-448">
         <name>vimECCErrorHandler</name>
         <value>0x4310</value>
         <object_component_ref idref="oc-33"/>
      </symbol>
      <symbol id="sm-496">
         <name>systemGetConfigValue</name>
         <value>0x1960</value>
         <object_component_ref idref="oc-6d"/>
      </symbol>
      <symbol id="sm-497">
         <name>trimLPO</name>
         <value>0x152c</value>
         <object_component_ref idref="oc-6d"/>
      </symbol>
      <symbol id="sm-498">
         <name>systemInit</name>
         <value>0x1794</value>
         <object_component_ref idref="oc-6d"/>
      </symbol>
      <symbol id="sm-499">
         <name>periphInit</name>
         <value>0x15b4</value>
         <object_component_ref idref="oc-6d"/>
      </symbol>
      <symbol id="sm-49a">
         <name>setupFlash</name>
         <value>0x1574</value>
         <object_component_ref idref="oc-6d"/>
      </symbol>
      <symbol id="sm-49b">
         <name>setupPLL</name>
         <value>0x14cc</value>
         <object_component_ref idref="oc-6d"/>
      </symbol>
      <symbol id="sm-49c">
         <name>getResetSource</name>
         <value>0x1838</value>
         <object_component_ref idref="oc-6d"/>
      </symbol>
      <symbol id="sm-49d">
         <name>mapClocks</name>
         <value>0x1668</value>
         <object_component_ref idref="oc-6d"/>
      </symbol>
      <symbol id="sm-49e">
         <name>systemPowerDown</name>
         <value>0x1808</value>
         <object_component_ref idref="oc-6d"/>
      </symbol>
      <symbol id="sm-4c7">
         <name>floorl</name>
         <value>0x4c6c</value>
         <object_component_ref idref="oc-1ad"/>
      </symbol>
      <symbol id="sm-4c8">
         <name>floor</name>
         <value>0x4c6c</value>
         <object_component_ref idref="oc-1ad"/>
      </symbol>
      <symbol id="sm-4d7">
         <name>__aeabi_memset</name>
         <value>0x4e60</value>
         <object_component_ref idref="oc-b8"/>
      </symbol>
      <symbol id="sm-4d8">
         <name>memset</name>
         <value>0x4e6c</value>
         <object_component_ref idref="oc-b8"/>
      </symbol>
      <symbol id="sm-4d9">
         <name>__aeabi_memset8</name>
         <value>0x4e60</value>
         <object_component_ref idref="oc-b8"/>
      </symbol>
      <symbol id="sm-4da">
         <name>__aeabi_memset4</name>
         <value>0x4e60</value>
         <object_component_ref idref="oc-b8"/>
      </symbol>
      <symbol id="sm-4db">
         <name>__aeabi_memclr8</name>
         <value>0x4e5c</value>
         <object_component_ref idref="oc-b8"/>
      </symbol>
      <symbol id="sm-4dc">
         <name>__aeabi_memclr4</name>
         <value>0x4e5c</value>
         <object_component_ref idref="oc-b8"/>
      </symbol>
      <symbol id="sm-4dd">
         <name>__aeabi_memclr</name>
         <value>0x4e5c</value>
         <object_component_ref idref="oc-b8"/>
      </symbol>
      <symbol id="sm-505">
         <name>__TI_auto_init_nobinit_nopinit</name>
         <value>0x5038</value>
         <object_component_ref idref="oc-db"/>
      </symbol>
      <symbol id="sm-51e">
         <name>__TI_zero_init_nomemset</name>
         <value>0x50a0</value>
         <object_component_ref idref="oc-56"/>
      </symbol>
      <symbol id="sm-535">
         <name>__TI_decompress_none</name>
         <value>0x50c0</value>
         <object_component_ref idref="oc-12"/>
      </symbol>
      <symbol id="sm-558">
         <name>__TI_decompress_lzss</name>
         <value>0x4fa8</value>
         <object_component_ref idref="oc-c"/>
      </symbol>
      <symbol id="sm-563">
         <name>C$$EXIT</name>
         <value>0x50d4</value>
         <object_component_ref idref="oc-127"/>
      </symbol>
      <symbol id="sm-564">
         <name>abort</name>
         <value>0x50d4</value>
         <object_component_ref idref="oc-127"/>
      </symbol>
      <symbol id="sm-57e">
         <name>memcpy</name>
         <value>0x4974</value>
         <object_component_ref idref="oc-4a"/>
      </symbol>
      <symbol id="sm-57f">
         <name>__aeabi_memcpy</name>
         <value>0x4974</value>
         <object_component_ref idref="oc-4a"/>
      </symbol>
      <symbol id="sm-580">
         <name>__aeabi_memcpy8</name>
         <value>0x4974</value>
         <object_component_ref idref="oc-4a"/>
      </symbol>
      <symbol id="sm-581">
         <name>__aeabi_memcpy4</name>
         <value>0x4974</value>
         <object_component_ref idref="oc-4a"/>
      </symbol>
      <symbol id="sm-582">
         <name>__TI_static_base__</name>
         <value>0x0</value>
      </symbol>
      <symbol id="sm-585">
         <name>SHT$$INIT_ARRAY$$Base</name>
         <value>0x0</value>
      </symbol>
      <symbol id="sm-586">
         <name>SHT$$INIT_ARRAY$$Limit</name>
         <value>0x0</value>
      </symbol>
      <symbol id="sm-587">
         <name>_system_post_cinit</name>
         <value>0x0</value>
      </symbol>
   </symbol_table>
   <title>Link successful</title>
</link_info>
