******************************************************************************
                  TI ARM Linker Unix v18.1.3                   
******************************************************************************
>> Linked Thu Dec 13 13:54:26 2018

OUTPUT FILE NAME:   <r5f_subo.out>
ENTRY POINT SYMBOL: "_c_int00"  address: 00007e78


MEMORY CONFIGURATION

         name            origin    length      used     unused   attr    fill
----------------------  --------  ---------  --------  --------  ----  --------
  VECTORS               00000000   00000020  00000020  00000000     X
  FLASH0                00000020   001fffe0  000089cd  001f7613  R  X
  FLASH1                00200000   00200000  00000000  00200000  R  X
  STACKS                08000000   00001500  00000000  00001500  RW  
  RAM                   08001500   0007eb00  00000060  0007eaa0  RW  


SEGMENT ALLOCATION MAP

run origin  load origin   length   init length attrs members
----------  ----------- ---------- ----------- ----- -------
00000000    00000000    000089c1   000089c1    r-x
  00000000    00000000    00000020   00000020    r-x .intvecs
  00000020    00000020    0000869c   0000869c    r-x .text
  000086c0    000086c0    00000301   00000301    r-- .const
000089e0    000089e0    00000030   00000030    r--
  000089e0    000089e0    00000030   00000030    r-- .cinit
08001500    08001500    00000060   00000000    rw-
  08001500    08001500    0000005c   00000000    rw- .bss
  0800155c    0800155c    00000004   00000000    rw- .data


SECTION ALLOCATION MAP

 output                                  attributes/
section   page    origin      length       input sections
--------  ----  ----------  ----------   ----------------
.intvecs   0    00000000    00000020     
                  00000000    00000020     HL_sys_intvecs.obj (.intvecs)

.text      0    00000020    0000869c     
                  00000020    00002260     HL_etpwm.obj (.text)
                  00002280    00000f9c     rtsv7R4_A_be_v3D16_eabi.lib : _printfi.c.obj (.text:__TI_printfi)
                  0000321c    000009c4     HL_pinmux.obj (.text)
                  00003be0    0000095c     HL_system.obj (.text)
                  0000453c    00000938     HL_sys_vim.obj (.text)
                  00004e74    00000870     HL_sci.obj (.text)
                  000056e4    0000078c     HL_esm.obj (.text)
                  00005e70    000003ec     HL_sys_main.obj (.text)
                  0000625c    000003c4     HL_sys_core.obj (.text)
                  00006620    0000036c     HL_sys_mpu.obj (.text)
                  0000698c    0000033c     HL_sys_vim.obj (.text:retain)
                  00006cc8    000002dc     rtsv7R4_A_be_v3D16_eabi.lib : _printfi.c.obj (.text:_pconv_a)
                  00006fa4    000002b8                                 : ull_div32.asm.obj (.text)
                  0000725c    00000248                                 : _printfi.c.obj (.text:_pconv_g)
                  000074a4    00000180                                 : memcpy32.asm.obj (.text)
                  00007624    00000178     HL_esm.obj (.text:retain)
                  0000779c    0000015c     rtsv7R4_A_be_v3D16_eabi.lib : _printfi.c.obj (.text:_pconv_e)
                  000078f8    00000144                                 : _printfi.c.obj (.text:fcvt)
                  00007a3c    0000013c                                 : s_floor.c.obj (.text:floor)
                  00007b78    00000120                                 : s_scalbn.c.obj (.text:scalbn)
                  00007c98    00000115                                 : _printfi.c.obj (.text:_ltostr)
                  00007dad    00000003     --HOLE-- [fill = 0]
                  00007db0    000000c8                                 : _printfi.c.obj (.text:_mcpy)
                  00007e78    000000b4     HL_sys_startup.obj (.text:retain)
                  00007f2c    000000b0     rtsv7R4_A_be_v3D16_eabi.lib : memset32.asm.obj (.text)
                  00007fdc    00000098     HL_notification.obj (.text)
                  00008074    00000098     rtsv7R4_A_be_v3D16_eabi.lib : _printfi.c.obj (.text:_ecpy)
                  0000810c    00000090                                 : copy_decompress_lzss.c.obj (.text:decompress:lzss:__TI_decompress_lzss)
                  0000819c    0000008c                                 : s_frexp.c.obj (.text:frexp)
                  00008228    00000084                                 : atoi.c.obj (.text:atoi)
                  000082ac    00000080                                 : ltoa.c.obj (.text:ltoa)
                  0000832c    00000074                                 : _printfi.c.obj (.text:_pconv_f)
                  000083a0    00000068                                 : autoinit.c.obj (.text:__TI_auto_init_nobinit_nopinit:__TI_auto_init_nobinit_nopinit)
                  00008408    00000064                                 : _printfi.c.obj (.text:_fcpy)
                  0000846c    00000064                                 : sprintf.c.obj (.text:sprintf)
                  000084d0    00000054                                 : i_div32.asm.obj (.text)
                  00008524    00000050                                 : u_div32.asm.obj (.text)
                  00008574    00000030                                 : sprintf.c.obj (.text:_outs)
                  000085a4    0000002c                                 : memccpy.c.obj (.text:memccpy)
                  000085d0    00000028                                 : strchr.c.obj (.text:strchr)
                  000085f8    00000024                                 : wcslen.c.obj (.text:wcslen)
                  0000861c    00000020                                 : copy_zero_init.c.obj (.text:decompress:ZI:__TI_zero_init_nomemset:__TI_zero_init_nomemset)
                  0000863c    00000020                                 : strlen.c.obj (.text:strlen)
                  0000865c    0000001c                                 : s_copysign.c.obj (.text:copysign)
                  00008678    00000014                                 : sprintf.c.obj (.text:_outc)
                  0000868c    00000014                                 : copy_decompress_none.c.obj (.text:decompress:none:__TI_decompress_none)
                  000086a0    0000000c                                 : errno.c.obj (.text:__aeabi_errno_addr)
                  000086ac    00000008                                 : exit.c.obj (.text:abort:abort)
                  000086b4    00000004     HL_sys_phantom.obj (.text:retain)
                  000086b8    00000004     rtsv7R4_A_be_v3D16_eabi.lib : div0.asm.obj (.text)

.const     0    000086c0    00000301     
                  000086c0    00000200     HL_sys_vim.obj (.const:s_vim_init)
                  000088c0    00000101     rtsv7R4_A_be_v3D16_eabi.lib : ctype.c.obj (.const:.string:_ctypes_)

.cinit     0    000089e0    00000030     
                  000089e0    0000000c     (__TI_handler_table)
                  000089ec    00000004     --HOLE-- [fill = 0]
                  000089f0    00000008     (.cinit..bss.load) [load image, compression = zero_init]
                  000089f8    00000007     (.cinit..data.load) [load image, compression = lzss]
                  000089ff    00000001     --HOLE-- [fill = 0]
                  00008a00    00000010     (__TI_cinit_table)

.bss       0    08001500    0000005c     UNINITIALIZED
                  08001500    00000050     HL_sci.obj (.bss:g_sciTransfer_t)
                  08001550    00000004     (.common:receive_data)
                  08001554    00000004     (.common:tmp)
                  08001558    00000004     (.common:value)

.data      0    0800155c    00000004     UNINITIALIZED
                  0800155c    00000004     rtsv7R4_A_be_v3D16_eabi.lib : errno.c.obj (.data)

MODULE SUMMARY

       Module                       code    ro data   rw data
       ------                       ----    -------   -------
    ./source/
       HL_etpwm.obj                 8800    0         0      
       HL_sys_vim.obj               3188    512       0      
       HL_pinmux.obj                2500    0         0      
       HL_system.obj                2396    0         0      
       HL_esm.obj                   2308    0         0      
       HL_sci.obj                   2160    0         80     
       HL_sys_main.obj              1004    0         12     
       HL_sys_core.obj              964     0         0      
       HL_sys_mpu.obj               876     0         0      
       HL_sys_startup.obj           180     0         0      
       HL_notification.obj          152     0         0      
       HL_sys_intvecs.obj           32      0         0      
       HL_sys_phantom.obj           4       0         0      
    +--+----------------------------+-------+---------+---------+
       Total:                       24564   512       92     
                                                             
    /home/kiott01a/ti/ccsv8/tools/compiler/ti-cgt-arm_18.1.3.LTS/lib/rtsv7R4_A_be_v3D16_eabi.lib
       _printfi.c.obj               6829    0         0      
       ull_div32.asm.obj            696     0         0      
       memcpy32.asm.obj             384     0         0      
       s_floor.c.obj                316     0         0      
       s_scalbn.c.obj               288     0         0      
       ctype.c.obj                  0       257       0      
       memset32.asm.obj             176     0         0      
       sprintf.c.obj                168     0         0      
       copy_decompress_lzss.c.obj   144     0         0      
       s_frexp.c.obj                140     0         0      
       atoi.c.obj                   132     0         0      
       ltoa.c.obj                   128     0         0      
       autoinit.c.obj               104     0         0      
       i_div32.asm.obj              84      0         0      
       u_div32.asm.obj              80      0         0      
       memccpy.c.obj                44      0         0      
       strchr.c.obj                 40      0         0      
       wcslen.c.obj                 36      0         0      
       copy_zero_init.c.obj         32      0         0      
       strlen.c.obj                 32      0         0      
       s_copysign.c.obj             28      0         0      
       copy_decompress_none.c.obj   20      0         0      
       errno.c.obj                  12      0         4      
       exit.c.obj                   8       0         0      
       div0.asm.obj                 4       0         0      
    +--+----------------------------+-------+---------+---------+
       Total:                       9925    257       4      
                                                             
       Linker Generated:            0       43        0      
    +--+----------------------------+-------+---------+---------+
       Grand Total:                 34489   812       96     


LINKER GENERATED COPY TABLES

__TI_cinit_table @ 00008a00 records: 2, size/record: 8, table size: 16
	.bss: load addr=000089f0, load size=00000008 bytes, run addr=08001500, run size=0000005c bytes, compression=zero_init
	.data: load addr=000089f8, load size=00000007 bytes, run addr=0800155c, run size=00000004 bytes, compression=lzss


LINKER GENERATED HANDLER TABLE

__TI_handler_table @ 000089e0 records: 3, size/record: 4, table size: 12
	index: 0, handler: __TI_zero_init
	index: 1, handler: __TI_decompress_lzss
	index: 2, handler: __TI_decompress_none


GLOBAL SYMBOLS: SORTED ALPHABETICALLY BY Name 

address   name                                
-------   ----                                
000086ac  C$$EXIT                             
UNDEFED   SHT$$INIT_ARRAY$$Base               
UNDEFED   SHT$$INIT_ARRAY$$Limit              
00008a00  __TI_CINIT_Base                     
00008a10  __TI_CINIT_Limit                    
000089e0  __TI_Handler_Table_Base             
000089ec  __TI_Handler_Table_Limit            
00006618  __TI_PINIT_Base                     
0000661c  __TI_PINIT_Limit                    
000083a0  __TI_auto_init_nobinit_nopinit      
0000810c  __TI_decompress_lzss                
0000868c  __TI_decompress_none                
ffffffff  __TI_pprof_out_hndl                 
00002280  __TI_printfi                        
ffffffff  __TI_prof_data_size                 
ffffffff  __TI_prof_data_start                
00000000  __TI_static_base__                  
0000861c  __TI_zero_init_nomemset             
000086a0  __aeabi_errno_addr                  
000084d0  __aeabi_idiv                        
000086b8  __aeabi_idiv0                       
000084d0  __aeabi_idivmod                     
000086b8  __aeabi_ldiv0                       
00007f2c  __aeabi_memclr                      
00007f2c  __aeabi_memclr4                     
00007f2c  __aeabi_memclr8                     
000074a4  __aeabi_memcpy                      
000074a4  __aeabi_memcpy4                     
000074a4  __aeabi_memcpy8                     
00007f30  __aeabi_memset                      
00007f30  __aeabi_memset4                     
00007f30  __aeabi_memset8                     
00008524  __aeabi_uidiv                       
00008524  __aeabi_uidivmod                    
00006fa4  __aeabi_uldivmod                    
ffffffff  __binit__                           
ffffffff  __c_args__                          
00007e78  _c_int00                            
000065cc  _cacheDisable_                      
00006588  _cacheEnable_                       
00006568  _checkMemInitOn_                    
00006474  _coreClearAuxiliaryDataFault_       
00006488  _coreClearAuxiliaryInstructionFault_
0000644c  _coreClearDataFaultAddress_         
00006424  _coreClearDataFault_                
00006460  _coreClearInstructionFaultAddress_  
00006438  _coreClearInstructionFault_         
000063fc  _coreDisableEventBusExport_         
000063ec  _coreEnableEventBusExport_          
0000640c  _coreEnableIrqVicOffset_            
000063d4  _coreEnableVfp_                     
0000646c  _coreGetAuxiliaryDataFault_         
00006480  _coreGetAuxiliaryInstructionFault_  
00006444  _coreGetDataFaultAddress_           
0000641c  _coreGetDataFault_                  
00006458  _coreGetInstructionFaultAddress_    
00006430  _coreGetInstructionFault_           
0000625c  _coreInitRegisters_                 
00006368  _coreInitStackPointer_              
000088c0  _ctypes_                            
000065f0  _dCacheInvalidate_                  
00006494  _disable_IRQ_interrupt_             
0000649c  _enable_IRQ_interrupt_              
000064a4  _enable_interrupt_                  
000064ac  _esmCcmErrorsClear_                 
000063b4  _getCPSRValue_                      
000063bc  _gotoCPUIdle_                       
00006604  _iCacheInvalidate_                  
00006534  _memInit_                           
00006934  _mpuAreRegionsSeparate_             
00006918  _mpuDisableBackgroundRegion_        
000068f0  _mpuDisable_                        
00006908  _mpuEnableBackgroundRegion_         
000068d8  _mpuEnable_                         
00006928  _mpuGetNumberOfRegions_             
00006958  _mpuGetRegionBaseAddress_           
00006978  _mpuGetRegionPermission_            
0000696c  _mpuGetRegionType_                  
00006948  _mpuGetRegion_                      
00006620  _mpuInit_                           
00006950  _mpuSetRegionBaseAddress_           
00006984  _mpuSetRegionSizeRegister_          
00006960  _mpuSetRegionTypeAndPermission_     
00006940  _mpuSetRegion_                      
UNDEFED   _system_post_cinit                  
000086ac  abort                               
00008228  atoi                                
ffffffff  binit                               
0000865c  copysign                            
0000865c  copysignl                           
00008014  dmaGroupANotification               
00008060  epcCAMFullNotification              
00008064  epcFIFOFullNotification             
0800155c  errno                               
000058f4  esmActivateNormalOperation          
00005a40  esmClearStatus                      
00005aa4  esmClearStatusBuffer                
00005a80  esmClearStatusUpper                 
000058a0  esmDisableError                     
000058c8  esmDisableErrorUpper                
00005948  esmDisableInterrupt                 
00005970  esmDisableInterruptUpper            
0000585c  esmEnableError                      
00005884  esmEnableErrorUpper                 
00005904  esmEnableInterrupt                  
0000592c  esmEnableInterruptUpper             
00005bd4  esmEnterSelfTest                    
00005840  esmError                            
00005cac  esmGetConfigValue                   
00005ae0  esmGetStatus                        
00005bac  esmGetStatusBuffer                  
00005b64  esmGetStatusUpper                   
00007fdc  esmGroup1Notification               
00007ff0  esmGroup2Notification               
00008004  esmGroup3Notification               
00007624  esmHighInterrupt                    
000056e4  esmInit                             
00005c5c  esmSelfTestStatus                   
00005ac0  esmSetCounterPreloadValue           
0000598c  esmSetInterruptLevel                
00005a00  esmSetInterruptLevelUpper           
000058e4  esmTriggerErrorPinReset             
00000b90  etpwm1GetConfigValue                
00000edc  etpwm2GetConfigValue                
000011d4  etpwm3GetConfigValue                
000014b4  etpwm4GetConfigValue                
00001794  etpwm5GetConfigValue                
00001a7c  etpwm6GetConfigValue                
00001d94  etpwm7GetConfigValue                
00000ac4  etpwmClearEventFlag                 
00000894  etpwmClearTripCondition             
000008b4  etpwmClearTripInterruptFlag         
00000758  etpwmDisableChopping                
00000524  etpwmDisableCmpAShadowMode          
00000584  etpwmDisableCmpBShadowMode          
000003b4  etpwmDisableCounterLoadOnSync       
000006d8  etpwmDisableDeadband                
00000a88  etpwmDisableInterrupt               
00000964  etpwmDisableSOCA                    
000009fc  etpwmDisableSOCB                    
00000320  etpwmDisableTimebasePeriodShadowMode
00000864  etpwmDisableTripInterrupt           
0000079c  etpwmDisableTripZoneSources         
00000724  etpwmEnableChopping                 
000004e8  etpwmEnableCmpAShadowMode           
00000544  etpwmEnableCmpBShadowMode           
00000364  etpwmEnableCounterLoadOnSync        
00000684  etpwmEnableDeadBand                 
00000b04  etpwmEnableDigitalCompareEvents     
00000a1c  etpwmEnableInterrupt                
000008f0  etpwmEnableSOCA                     
00000988  etpwmEnableSOCB                     
00000340  etpwmEnableTimebasePeriodShadowMode 
0000083c  etpwmEnableTripInterrupt            
00000774  etpwmEnableTripZoneSources          
000008d0  etpwmForceTripEvent                 
00000aac  etpwmGetEventStatus                 
00000020  etpwmInit                           
0000803c  etpwmNotification                   
000005a4  etpwmSetActionQualPwmA              
00000614  etpwmSetActionQualPwmB              
00000298  etpwmSetClkDiv                      
000004a8  etpwmSetCmpA                        
000004c8  etpwmSetCmpB                        
00000300  etpwmSetCount                       
00000414  etpwmSetCounterMode                 
000006f4  etpwmSetDeadBandDelay               
00000470  etpwmSetRunMode                     
000003d8  etpwmSetSyncOut                     
000002e0  etpwmSetTimebasePeriod              
000007cc  etpwmSetTripAction                  
00000204  etpwmStartTBCLK                     
00000250  etpwmStopTBCLK                      
00000ae4  etpwmTriggerEvent                   
00000450  etpwmTriggerSWSync                  
0000804c  etpwmTripNotification               
00007a3c  floor                               
00007a3c  floorl                              
0000819c  frexp                               
0000819c  frexpl                              
00003f4c  getResetSource                      
00007b78  ldexp                               
00007b78  ldexpl                              
000082ac  ltoa                                
00005e70  main                                
00003d7c  mapClocks                           
000085a4  memccpy                             
000074a4  memcpy                              
00007f3c  memset                              
0000321c  muxInit                             
00003cc8  periphInit                          
000086b4  phantomInterrupt                    
00005f68  pwm_init                            
08001550  receive_data                        
00000000  resetEntry                          
00007b78  scalbn                              
00007b78  scalbnl                             
00005530  sci1GetConfigValue                  
000053a4  sciDisableLoopback                  
00005458  sciDisableNotification              
00005370  sciEnableLoopback                   
000053c0  sciEnableNotification               
000054f0  sciEnterResetState                  
00005510  sciExitResetState                   
00004e74  sciInit                             
000051e8  sciIsIdleDetected                   
000051cc  sciIsRxReady                        
0000501c  sciIsTxReady                        
00008028  sciNotification                     
00005260  sciReceive                          
00005234  sciReceiveByte                      
00005204  sciRxError                          
00005068  sciSend                             
00005038  sciSendByte                         
00004f80  sciSetBaudrate                      
00004f60  sciSetFunctional                    
00006140  sci_display                         
00003c88  setupFlash                          
00003be0  setupPLL                            
0000846c  sprintf                             
000085d0  strchr                              
0000863c  strlen                              
00004074  systemGetConfigValue                
00003ea8  systemInit                          
00003f1c  systemPowerDown                     
08001554  tmp                                 
00003c40  trimLPO                             
08001558  value                               
00004610  vimChannelMap                       
0000487c  vimDisableInterrupt                 
0000698c  vimECCErrorHandler                  
000046b4  vimEnableInterrupt                  
00004928  vimGetConfigValue                   
0000453c  vimInit                             
000061a0  wait                                
000085f8  wcslen                              


GLOBAL SYMBOLS: SORTED BY Symbol Address 

address   name                                
-------   ----                                
00000000  __TI_static_base__                  
00000000  resetEntry                          
00000020  etpwmInit                           
00000204  etpwmStartTBCLK                     
00000250  etpwmStopTBCLK                      
00000298  etpwmSetClkDiv                      
000002e0  etpwmSetTimebasePeriod              
00000300  etpwmSetCount                       
00000320  etpwmDisableTimebasePeriodShadowMode
00000340  etpwmEnableTimebasePeriodShadowMode 
00000364  etpwmEnableCounterLoadOnSync        
000003b4  etpwmDisableCounterLoadOnSync       
000003d8  etpwmSetSyncOut                     
00000414  etpwmSetCounterMode                 
00000450  etpwmTriggerSWSync                  
00000470  etpwmSetRunMode                     
000004a8  etpwmSetCmpA                        
000004c8  etpwmSetCmpB                        
000004e8  etpwmEnableCmpAShadowMode           
00000524  etpwmDisableCmpAShadowMode          
00000544  etpwmEnableCmpBShadowMode           
00000584  etpwmDisableCmpBShadowMode          
000005a4  etpwmSetActionQualPwmA              
00000614  etpwmSetActionQualPwmB              
00000684  etpwmEnableDeadBand                 
000006d8  etpwmDisableDeadband                
000006f4  etpwmSetDeadBandDelay               
00000724  etpwmEnableChopping                 
00000758  etpwmDisableChopping                
00000774  etpwmEnableTripZoneSources          
0000079c  etpwmDisableTripZoneSources         
000007cc  etpwmSetTripAction                  
0000083c  etpwmEnableTripInterrupt            
00000864  etpwmDisableTripInterrupt           
00000894  etpwmClearTripCondition             
000008b4  etpwmClearTripInterruptFlag         
000008d0  etpwmForceTripEvent                 
000008f0  etpwmEnableSOCA                     
00000964  etpwmDisableSOCA                    
00000988  etpwmEnableSOCB                     
000009fc  etpwmDisableSOCB                    
00000a1c  etpwmEnableInterrupt                
00000a88  etpwmDisableInterrupt               
00000aac  etpwmGetEventStatus                 
00000ac4  etpwmClearEventFlag                 
00000ae4  etpwmTriggerEvent                   
00000b04  etpwmEnableDigitalCompareEvents     
00000b90  etpwm1GetConfigValue                
00000edc  etpwm2GetConfigValue                
000011d4  etpwm3GetConfigValue                
000014b4  etpwm4GetConfigValue                
00001794  etpwm5GetConfigValue                
00001a7c  etpwm6GetConfigValue                
00001d94  etpwm7GetConfigValue                
00002280  __TI_printfi                        
0000321c  muxInit                             
00003be0  setupPLL                            
00003c40  trimLPO                             
00003c88  setupFlash                          
00003cc8  periphInit                          
00003d7c  mapClocks                           
00003ea8  systemInit                          
00003f1c  systemPowerDown                     
00003f4c  getResetSource                      
00004074  systemGetConfigValue                
0000453c  vimInit                             
00004610  vimChannelMap                       
000046b4  vimEnableInterrupt                  
0000487c  vimDisableInterrupt                 
00004928  vimGetConfigValue                   
00004e74  sciInit                             
00004f60  sciSetFunctional                    
00004f80  sciSetBaudrate                      
0000501c  sciIsTxReady                        
00005038  sciSendByte                         
00005068  sciSend                             
000051cc  sciIsRxReady                        
000051e8  sciIsIdleDetected                   
00005204  sciRxError                          
00005234  sciReceiveByte                      
00005260  sciReceive                          
00005370  sciEnableLoopback                   
000053a4  sciDisableLoopback                  
000053c0  sciEnableNotification               
00005458  sciDisableNotification              
000054f0  sciEnterResetState                  
00005510  sciExitResetState                   
00005530  sci1GetConfigValue                  
000056e4  esmInit                             
00005840  esmError                            
0000585c  esmEnableError                      
00005884  esmEnableErrorUpper                 
000058a0  esmDisableError                     
000058c8  esmDisableErrorUpper                
000058e4  esmTriggerErrorPinReset             
000058f4  esmActivateNormalOperation          
00005904  esmEnableInterrupt                  
0000592c  esmEnableInterruptUpper             
00005948  esmDisableInterrupt                 
00005970  esmDisableInterruptUpper            
0000598c  esmSetInterruptLevel                
00005a00  esmSetInterruptLevelUpper           
00005a40  esmClearStatus                      
00005a80  esmClearStatusUpper                 
00005aa4  esmClearStatusBuffer                
00005ac0  esmSetCounterPreloadValue           
00005ae0  esmGetStatus                        
00005b64  esmGetStatusUpper                   
00005bac  esmGetStatusBuffer                  
00005bd4  esmEnterSelfTest                    
00005c5c  esmSelfTestStatus                   
00005cac  esmGetConfigValue                   
00005e70  main                                
00005f68  pwm_init                            
00006140  sci_display                         
000061a0  wait                                
0000625c  _coreInitRegisters_                 
00006368  _coreInitStackPointer_              
000063b4  _getCPSRValue_                      
000063bc  _gotoCPUIdle_                       
000063d4  _coreEnableVfp_                     
000063ec  _coreEnableEventBusExport_          
000063fc  _coreDisableEventBusExport_         
0000640c  _coreEnableIrqVicOffset_            
0000641c  _coreGetDataFault_                  
00006424  _coreClearDataFault_                
00006430  _coreGetInstructionFault_           
00006438  _coreClearInstructionFault_         
00006444  _coreGetDataFaultAddress_           
0000644c  _coreClearDataFaultAddress_         
00006458  _coreGetInstructionFaultAddress_    
00006460  _coreClearInstructionFaultAddress_  
0000646c  _coreGetAuxiliaryDataFault_         
00006474  _coreClearAuxiliaryDataFault_       
00006480  _coreGetAuxiliaryInstructionFault_  
00006488  _coreClearAuxiliaryInstructionFault_
00006494  _disable_IRQ_interrupt_             
0000649c  _enable_IRQ_interrupt_              
000064a4  _enable_interrupt_                  
000064ac  _esmCcmErrorsClear_                 
00006534  _memInit_                           
00006568  _checkMemInitOn_                    
00006588  _cacheEnable_                       
000065cc  _cacheDisable_                      
000065f0  _dCacheInvalidate_                  
00006604  _iCacheInvalidate_                  
00006618  __TI_PINIT_Base                     
0000661c  __TI_PINIT_Limit                    
00006620  _mpuInit_                           
000068d8  _mpuEnable_                         
000068f0  _mpuDisable_                        
00006908  _mpuEnableBackgroundRegion_         
00006918  _mpuDisableBackgroundRegion_        
00006928  _mpuGetNumberOfRegions_             
00006934  _mpuAreRegionsSeparate_             
00006940  _mpuSetRegion_                      
00006948  _mpuGetRegion_                      
00006950  _mpuSetRegionBaseAddress_           
00006958  _mpuGetRegionBaseAddress_           
00006960  _mpuSetRegionTypeAndPermission_     
0000696c  _mpuGetRegionType_                  
00006978  _mpuGetRegionPermission_            
00006984  _mpuSetRegionSizeRegister_          
0000698c  vimECCErrorHandler                  
00006fa4  __aeabi_uldivmod                    
000074a4  __aeabi_memcpy                      
000074a4  __aeabi_memcpy4                     
000074a4  __aeabi_memcpy8                     
000074a4  memcpy                              
00007624  esmHighInterrupt                    
00007a3c  floor                               
00007a3c  floorl                              
00007b78  ldexp                               
00007b78  ldexpl                              
00007b78  scalbn                              
00007b78  scalbnl                             
00007e78  _c_int00                            
00007f2c  __aeabi_memclr                      
00007f2c  __aeabi_memclr4                     
00007f2c  __aeabi_memclr8                     
00007f30  __aeabi_memset                      
00007f30  __aeabi_memset4                     
00007f30  __aeabi_memset8                     
00007f3c  memset                              
00007fdc  esmGroup1Notification               
00007ff0  esmGroup2Notification               
00008004  esmGroup3Notification               
00008014  dmaGroupANotification               
00008028  sciNotification                     
0000803c  etpwmNotification                   
0000804c  etpwmTripNotification               
00008060  epcCAMFullNotification              
00008064  epcFIFOFullNotification             
0000810c  __TI_decompress_lzss                
0000819c  frexp                               
0000819c  frexpl                              
00008228  atoi                                
000082ac  ltoa                                
000083a0  __TI_auto_init_nobinit_nopinit      
0000846c  sprintf                             
000084d0  __aeabi_idiv                        
000084d0  __aeabi_idivmod                     
00008524  __aeabi_uidiv                       
00008524  __aeabi_uidivmod                    
000085a4  memccpy                             
000085d0  strchr                              
000085f8  wcslen                              
0000861c  __TI_zero_init_nomemset             
0000863c  strlen                              
0000865c  copysign                            
0000865c  copysignl                           
0000868c  __TI_decompress_none                
000086a0  __aeabi_errno_addr                  
000086ac  C$$EXIT                             
000086ac  abort                               
000086b4  phantomInterrupt                    
000086b8  __aeabi_idiv0                       
000086b8  __aeabi_ldiv0                       
000088c0  _ctypes_                            
000089e0  __TI_Handler_Table_Base             
000089ec  __TI_Handler_Table_Limit            
00008a00  __TI_CINIT_Base                     
00008a10  __TI_CINIT_Limit                    
08001550  receive_data                        
08001554  tmp                                 
08001558  value                               
0800155c  errno                               
ffffffff  __TI_pprof_out_hndl                 
ffffffff  __TI_prof_data_size                 
ffffffff  __TI_prof_data_start                
ffffffff  __binit__                           
ffffffff  __c_args__                          
ffffffff  binit                               
UNDEFED   SHT$$INIT_ARRAY$$Base               
UNDEFED   SHT$$INIT_ARRAY$$Limit              
UNDEFED   _system_post_cinit                  

[236 symbols]
