******************************************************************************
                  TI ARM Linker Unix v18.1.3                   
******************************************************************************
>> Linked Thu Dec 13 14:56:13 2018

OUTPUT FILE NAME:   <r5f_epwm.out>
ENTRY POINT SYMBOL: "_c_int00"  address: 000061d4


MEMORY CONFIGURATION

         name            origin    length      used     unused   attr    fill
----------------------  --------  ---------  --------  --------  ----  --------
  VECTORS               00000000   00000020  00000020  00000000     X
  FLASH0                00000020   001fffe0  00006668  001f9978  R  X
  FLASH1                00200000   00200000  00000000  00200000  R  X
  STACKS                08000000   00001500  00000000  00001500  RW  
  RAM                   08001500   0007eb00  0000005d  0007eaa3  RW  


SEGMENT ALLOCATION MAP

run origin  load origin   length   init length attrs members
----------  ----------- ---------- ----------- ----- -------
00000000    00000000    00006458   00006458    r-x
  00000000    00000000    00000020   00000020    r-x .intvecs
  00000020    00000020    00006438   00006438    r-x .text
00006460    00006460    00000230   00000230    r--
  00006460    00006460    00000200   00000200    r-- .const
  00006660    00006660    00000030   00000030    r-- .cinit
08001500    08001500    0000005d   00000000    rw-
  08001500    08001500    00000054   00000000    rw- .bss
  08001554    08001554    00000009   00000000    rw- .data


SECTION ALLOCATION MAP

 output                                  attributes/
section   page    origin      length       input sections
--------  ----  ----------  ----------   ----------------
.intvecs   0    00000000    00000020     
                  00000000    00000020     HL_sys_intvecs.obj (.intvecs)

.text      0    00000020    00006438     
                  00000020    00002358     HL_etpwm.obj (.text)
                  00002378    000009c4     HL_pinmux.obj (.text)
                  00002d3c    0000095c     HL_system.obj (.text)
                  00003698    00000938     HL_sys_vim.obj (.text)
                  00003fd0    00000870     HL_sci.obj (.text)
                  00004840    0000078c     HL_esm.obj (.text)
                  00004fcc    000003c4     HL_sys_core.obj (.text)
                  00005390    0000036c     HL_sys_mpu.obj (.text)
                  000056fc    00000368     HL_sys_main.obj (.text)
                  00005a64    0000033c     HL_sys_vim.obj (.text:retain)
                  00005da0    00000180     rtsv7R4_A_be_v3D16_eabi.lib : memcpy32.asm.obj (.text)
                  00005f20    00000178     HL_esm.obj (.text:retain)
                  00006098    0000013c     rtsv7R4_A_be_v3D16_eabi.lib : s_floor.c.obj (.text:floor)
                  000061d4    000000b4     HL_sys_startup.obj (.text:retain)
                  00006288    00000098     HL_notification.obj (.text)
                  00006320    00000090     rtsv7R4_A_be_v3D16_eabi.lib : copy_decompress_lzss.c.obj (.text:decompress:lzss:__TI_decompress_lzss)
                  000063b0    00000068                                 : autoinit.c.obj (.text:__TI_auto_init_nobinit_nopinit:__TI_auto_init_nobinit_nopinit)
                  00006418    00000020                                 : copy_zero_init.c.obj (.text:decompress:ZI:__TI_zero_init_nomemset:__TI_zero_init_nomemset)
                  00006438    00000014                                 : copy_decompress_none.c.obj (.text:decompress:none:__TI_decompress_none)
                  0000644c    00000008                                 : exit.c.obj (.text:abort:abort)
                  00006454    00000004     HL_sys_phantom.obj (.text:retain)

.const     0    00006460    00000200     
                  00006460    00000200     HL_sys_vim.obj (.const:s_vim_init)

.cinit     0    00006660    00000030     
                  00006660    0000000c     (__TI_handler_table)
                  0000666c    00000004     --HOLE-- [fill = 0]
                  00006670    00000008     (.cinit..bss.load) [load image, compression = zero_init]
                  00006678    00000007     (.cinit..data.load) [load image, compression = lzss]
                  0000667f    00000001     --HOLE-- [fill = 0]
                  00006680    00000010     (__TI_cinit_table)

.bss       0    08001500    00000054     UNINITIALIZED
                  08001500    00000050     HL_sci.obj (.bss:g_sciTransfer_t)
                  08001550    00000004     (.common:etpwm6B_duty)

.data      0    08001554    00000009     UNINITIALIZED
                  08001554    00000009     HL_sys_main.obj (.data)

MODULE SUMMARY

       Module                       code    ro data   rw data
       ------                       ----    -------   -------
    ./source/
       HL_etpwm.obj                 9048    0         0      
       HL_sys_vim.obj               3188    512       0      
       HL_pinmux.obj                2500    0         0      
       HL_system.obj                2396    0         0      
       HL_esm.obj                   2308    0         0      
       HL_sci.obj                   2160    0         80     
       HL_sys_core.obj              964     0         0      
       HL_sys_main.obj              872     0         13     
       HL_sys_mpu.obj               876     0         0      
       HL_sys_startup.obj           180     0         0      
       HL_notification.obj          152     0         0      
       HL_sys_intvecs.obj           32      0         0      
       HL_sys_phantom.obj           4       0         0      
    +--+----------------------------+-------+---------+---------+
       Total:                       24680   512       93     
                                                             
    /home/kiott01a/ti/ccsv8/tools/compiler/ti-cgt-arm_18.1.3.LTS/lib/rtsv7R4_A_be_v3D16_eabi.lib
       memcpy32.asm.obj             384     0         0      
       s_floor.c.obj                316     0         0      
       copy_decompress_lzss.c.obj   144     0         0      
       autoinit.c.obj               104     0         0      
       copy_zero_init.c.obj         32      0         0      
       copy_decompress_none.c.obj   20      0         0      
       exit.c.obj                   8       0         0      
    +--+----------------------------+-------+---------+---------+
       Total:                       1008    0         0      
                                                             
       Linker Generated:            0       43        0      
    +--+----------------------------+-------+---------+---------+
       Grand Total:                 25688   555       93     


LINKER GENERATED COPY TABLES

__TI_cinit_table @ 00006680 records: 2, size/record: 8, table size: 16
	.bss: load addr=00006670, load size=00000008 bytes, run addr=08001500, run size=00000054 bytes, compression=zero_init
	.data: load addr=00006678, load size=00000007 bytes, run addr=08001554, run size=00000009 bytes, compression=lzss


LINKER GENERATED HANDLER TABLE

__TI_handler_table @ 00006660 records: 3, size/record: 4, table size: 12
	index: 0, handler: __TI_zero_init
	index: 1, handler: __TI_decompress_lzss
	index: 2, handler: __TI_decompress_none


GLOBAL SYMBOLS: SORTED ALPHABETICALLY BY Name 

address   name                                
-------   ----                                
0000644c  C$$EXIT                             
UNDEFED   SHT$$INIT_ARRAY$$Base               
UNDEFED   SHT$$INIT_ARRAY$$Limit              
00006680  __TI_CINIT_Base                     
00006690  __TI_CINIT_Limit                    
00006660  __TI_Handler_Table_Base             
0000666c  __TI_Handler_Table_Limit            
00005388  __TI_PINIT_Base                     
0000538c  __TI_PINIT_Limit                    
000063b0  __TI_auto_init_nobinit_nopinit      
00006320  __TI_decompress_lzss                
00006438  __TI_decompress_none                
ffffffff  __TI_pprof_out_hndl                 
ffffffff  __TI_prof_data_size                 
ffffffff  __TI_prof_data_start                
00000000  __TI_static_base__                  
00006418  __TI_zero_init_nomemset             
00005da0  __aeabi_memcpy                      
00005da0  __aeabi_memcpy4                     
00005da0  __aeabi_memcpy8                     
ffffffff  __binit__                           
ffffffff  __c_args__                          
000061d4  _c_int00                            
0000533c  _cacheDisable_                      
000052f8  _cacheEnable_                       
000052d8  _checkMemInitOn_                    
000051e4  _coreClearAuxiliaryDataFault_       
000051f8  _coreClearAuxiliaryInstructionFault_
000051bc  _coreClearDataFaultAddress_         
00005194  _coreClearDataFault_                
000051d0  _coreClearInstructionFaultAddress_  
000051a8  _coreClearInstructionFault_         
0000516c  _coreDisableEventBusExport_         
0000515c  _coreEnableEventBusExport_          
0000517c  _coreEnableIrqVicOffset_            
00005144  _coreEnableVfp_                     
000051dc  _coreGetAuxiliaryDataFault_         
000051f0  _coreGetAuxiliaryInstructionFault_  
000051b4  _coreGetDataFaultAddress_           
0000518c  _coreGetDataFault_                  
000051c8  _coreGetInstructionFaultAddress_    
000051a0  _coreGetInstructionFault_           
00004fcc  _coreInitRegisters_                 
000050d8  _coreInitStackPointer_              
00005360  _dCacheInvalidate_                  
00005204  _disable_IRQ_interrupt_             
0000520c  _enable_IRQ_interrupt_              
00005214  _enable_interrupt_                  
0000521c  _esmCcmErrorsClear_                 
00005124  _getCPSRValue_                      
0000512c  _gotoCPUIdle_                       
00005374  _iCacheInvalidate_                  
000052a4  _memInit_                           
000056a4  _mpuAreRegionsSeparate_             
00005688  _mpuDisableBackgroundRegion_        
00005660  _mpuDisable_                        
00005678  _mpuEnableBackgroundRegion_         
00005648  _mpuEnable_                         
00005698  _mpuGetNumberOfRegions_             
000056c8  _mpuGetRegionBaseAddress_           
000056e8  _mpuGetRegionPermission_            
000056dc  _mpuGetRegionType_                  
000056b8  _mpuGetRegion_                      
00005390  _mpuInit_                           
000056c0  _mpuSetRegionBaseAddress_           
000056f4  _mpuSetRegionSizeRegister_          
000056d0  _mpuSetRegionTypeAndPermission_     
000056b0  _mpuSetRegion_                      
UNDEFED   _system_post_cinit                  
0000644c  abort                               
ffffffff  binit                               
000059c4  catch_command                       
000062c0  dmaGroupANotification               
0000630c  epcCAMFullNotification              
00006310  epcFIFOFullNotification             
00004a50  esmActivateNormalOperation          
00004b9c  esmClearStatus                      
00004c00  esmClearStatusBuffer                
00004bdc  esmClearStatusUpper                 
000049fc  esmDisableError                     
00004a24  esmDisableErrorUpper                
00004aa4  esmDisableInterrupt                 
00004acc  esmDisableInterruptUpper            
000049b8  esmEnableError                      
000049e0  esmEnableErrorUpper                 
00004a60  esmEnableInterrupt                  
00004a88  esmEnableInterruptUpper             
00004d30  esmEnterSelfTest                    
0000499c  esmError                            
00004e08  esmGetConfigValue                   
00004c3c  esmGetStatus                        
00004d08  esmGetStatusBuffer                  
00004cc0  esmGetStatusUpper                   
00006288  esmGroup1Notification               
0000629c  esmGroup2Notification               
000062b0  esmGroup3Notification               
00005f20  esmHighInterrupt                    
00004840  esmInit                             
00004db8  esmSelfTestStatus                   
00004c1c  esmSetCounterPreloadValue           
00004ae8  esmSetInterruptLevel                
00004b5c  esmSetInterruptLevelUpper           
00004a40  esmTriggerErrorPinReset             
08001554  etpwm1B_duty                        
00000c88  etpwm1GetConfigValue                
00001010  etpwm2GetConfigValue                
00001304  etpwm3GetConfigValue                
08001558  etpwm4A_duty                        
000015e4  etpwm4GetConfigValue                
000018c4  etpwm5GetConfigValue                
08001550  etpwm6B_duty                        
00001bac  etpwm6GetConfigValue                
00001ec4  etpwm7GetConfigValue                
00000bbc  etpwmClearEventFlag                 
0000098c  etpwmClearTripCondition             
000009ac  etpwmClearTripInterruptFlag         
00000850  etpwmDisableChopping                
0000061c  etpwmDisableCmpAShadowMode          
0000067c  etpwmDisableCmpBShadowMode          
000004ac  etpwmDisableCounterLoadOnSync       
000007d0  etpwmDisableDeadband                
00000b80  etpwmDisableInterrupt               
00000a5c  etpwmDisableSOCA                    
00000af4  etpwmDisableSOCB                    
00000418  etpwmDisableTimebasePeriodShadowMode
0000095c  etpwmDisableTripInterrupt           
00000894  etpwmDisableTripZoneSources         
0000081c  etpwmEnableChopping                 
000005e0  etpwmEnableCmpAShadowMode           
0000063c  etpwmEnableCmpBShadowMode           
0000045c  etpwmEnableCounterLoadOnSync        
0000077c  etpwmEnableDeadBand                 
00000bfc  etpwmEnableDigitalCompareEvents     
00000b14  etpwmEnableInterrupt                
000009e8  etpwmEnableSOCA                     
00000a80  etpwmEnableSOCB                     
00000438  etpwmEnableTimebasePeriodShadowMode 
00000934  etpwmEnableTripInterrupt            
0000086c  etpwmEnableTripZoneSources          
000009c8  etpwmForceTripEvent                 
00000ba4  etpwmGetEventStatus                 
00000020  etpwmInit                           
000062e8  etpwmNotification                   
0000069c  etpwmSetActionQualPwmA              
0000070c  etpwmSetActionQualPwmB              
00000390  etpwmSetClkDiv                      
000005a0  etpwmSetCmpA                        
000005c0  etpwmSetCmpB                        
000003f8  etpwmSetCount                       
0000050c  etpwmSetCounterMode                 
000007ec  etpwmSetDeadBandDelay               
00000568  etpwmSetRunMode                     
000004d0  etpwmSetSyncOut                     
000003d8  etpwmSetTimebasePeriod              
000008c4  etpwmSetTripAction                  
000002fc  etpwmStartTBCLK                     
00000348  etpwmStopTBCLK                      
00000bdc  etpwmTriggerEvent                   
00000548  etpwmTriggerSWSync                  
000062f8  etpwmTripNotification               
00006098  floor                               
00006098  floorl                              
000030a8  getResetSource                      
000056fc  main                                
00002ed8  mapClocks                           
00005da0  memcpy                              
00002378  muxInit                             
00002e24  periphInit                          
00006454  phantomInterrupt                    
0800155c  receive_data                        
00000000  resetEntry                          
0000468c  sci1GetConfigValue                  
00004500  sciDisableLoopback                  
000045b4  sciDisableNotification              
000044cc  sciEnableLoopback                   
0000451c  sciEnableNotification               
0000464c  sciEnterResetState                  
0000466c  sciExitResetState                   
00003fd0  sciInit                             
00004344  sciIsIdleDetected                   
00004328  sciIsRxReady                        
00004178  sciIsTxReady                        
000062d4  sciNotification                     
000043bc  sciReceive                          
00004390  sciReceiveByte                      
00004360  sciRxError                          
000041c4  sciSend                             
00004194  sciSendByte                         
000040dc  sciSetBaudrate                      
000040bc  sciSetFunctional                    
00002de4  setupFlash                          
00002d3c  setupPLL                            
000031d0  systemGetConfigValue                
00003004  systemInit                          
00003078  systemPowerDown                     
00002d9c  trimLPO                             
0000376c  vimChannelMap                       
000039d8  vimDisableInterrupt                 
00005a64  vimECCErrorHandler                  
00003810  vimEnableInterrupt                  
00003a84  vimGetConfigValue                   
00003698  vimInit                             
000059ec  wait                                


GLOBAL SYMBOLS: SORTED BY Symbol Address 

address   name                                
-------   ----                                
00000000  __TI_static_base__                  
00000000  resetEntry                          
00000020  etpwmInit                           
000002fc  etpwmStartTBCLK                     
00000348  etpwmStopTBCLK                      
00000390  etpwmSetClkDiv                      
000003d8  etpwmSetTimebasePeriod              
000003f8  etpwmSetCount                       
00000418  etpwmDisableTimebasePeriodShadowMode
00000438  etpwmEnableTimebasePeriodShadowMode 
0000045c  etpwmEnableCounterLoadOnSync        
000004ac  etpwmDisableCounterLoadOnSync       
000004d0  etpwmSetSyncOut                     
0000050c  etpwmSetCounterMode                 
00000548  etpwmTriggerSWSync                  
00000568  etpwmSetRunMode                     
000005a0  etpwmSetCmpA                        
000005c0  etpwmSetCmpB                        
000005e0  etpwmEnableCmpAShadowMode           
0000061c  etpwmDisableCmpAShadowMode          
0000063c  etpwmEnableCmpBShadowMode           
0000067c  etpwmDisableCmpBShadowMode          
0000069c  etpwmSetActionQualPwmA              
0000070c  etpwmSetActionQualPwmB              
0000077c  etpwmEnableDeadBand                 
000007d0  etpwmDisableDeadband                
000007ec  etpwmSetDeadBandDelay               
0000081c  etpwmEnableChopping                 
00000850  etpwmDisableChopping                
0000086c  etpwmEnableTripZoneSources          
00000894  etpwmDisableTripZoneSources         
000008c4  etpwmSetTripAction                  
00000934  etpwmEnableTripInterrupt            
0000095c  etpwmDisableTripInterrupt           
0000098c  etpwmClearTripCondition             
000009ac  etpwmClearTripInterruptFlag         
000009c8  etpwmForceTripEvent                 
000009e8  etpwmEnableSOCA                     
00000a5c  etpwmDisableSOCA                    
00000a80  etpwmEnableSOCB                     
00000af4  etpwmDisableSOCB                    
00000b14  etpwmEnableInterrupt                
00000b80  etpwmDisableInterrupt               
00000ba4  etpwmGetEventStatus                 
00000bbc  etpwmClearEventFlag                 
00000bdc  etpwmTriggerEvent                   
00000bfc  etpwmEnableDigitalCompareEvents     
00000c88  etpwm1GetConfigValue                
00001010  etpwm2GetConfigValue                
00001304  etpwm3GetConfigValue                
000015e4  etpwm4GetConfigValue                
000018c4  etpwm5GetConfigValue                
00001bac  etpwm6GetConfigValue                
00001ec4  etpwm7GetConfigValue                
00002378  muxInit                             
00002d3c  setupPLL                            
00002d9c  trimLPO                             
00002de4  setupFlash                          
00002e24  periphInit                          
00002ed8  mapClocks                           
00003004  systemInit                          
00003078  systemPowerDown                     
000030a8  getResetSource                      
000031d0  systemGetConfigValue                
00003698  vimInit                             
0000376c  vimChannelMap                       
00003810  vimEnableInterrupt                  
000039d8  vimDisableInterrupt                 
00003a84  vimGetConfigValue                   
00003fd0  sciInit                             
000040bc  sciSetFunctional                    
000040dc  sciSetBaudrate                      
00004178  sciIsTxReady                        
00004194  sciSendByte                         
000041c4  sciSend                             
00004328  sciIsRxReady                        
00004344  sciIsIdleDetected                   
00004360  sciRxError                          
00004390  sciReceiveByte                      
000043bc  sciReceive                          
000044cc  sciEnableLoopback                   
00004500  sciDisableLoopback                  
0000451c  sciEnableNotification               
000045b4  sciDisableNotification              
0000464c  sciEnterResetState                  
0000466c  sciExitResetState                   
0000468c  sci1GetConfigValue                  
00004840  esmInit                             
0000499c  esmError                            
000049b8  esmEnableError                      
000049e0  esmEnableErrorUpper                 
000049fc  esmDisableError                     
00004a24  esmDisableErrorUpper                
00004a40  esmTriggerErrorPinReset             
00004a50  esmActivateNormalOperation          
00004a60  esmEnableInterrupt                  
00004a88  esmEnableInterruptUpper             
00004aa4  esmDisableInterrupt                 
00004acc  esmDisableInterruptUpper            
00004ae8  esmSetInterruptLevel                
00004b5c  esmSetInterruptLevelUpper           
00004b9c  esmClearStatus                      
00004bdc  esmClearStatusUpper                 
00004c00  esmClearStatusBuffer                
00004c1c  esmSetCounterPreloadValue           
00004c3c  esmGetStatus                        
00004cc0  esmGetStatusUpper                   
00004d08  esmGetStatusBuffer                  
00004d30  esmEnterSelfTest                    
00004db8  esmSelfTestStatus                   
00004e08  esmGetConfigValue                   
00004fcc  _coreInitRegisters_                 
000050d8  _coreInitStackPointer_              
00005124  _getCPSRValue_                      
0000512c  _gotoCPUIdle_                       
00005144  _coreEnableVfp_                     
0000515c  _coreEnableEventBusExport_          
0000516c  _coreDisableEventBusExport_         
0000517c  _coreEnableIrqVicOffset_            
0000518c  _coreGetDataFault_                  
00005194  _coreClearDataFault_                
000051a0  _coreGetInstructionFault_           
000051a8  _coreClearInstructionFault_         
000051b4  _coreGetDataFaultAddress_           
000051bc  _coreClearDataFaultAddress_         
000051c8  _coreGetInstructionFaultAddress_    
000051d0  _coreClearInstructionFaultAddress_  
000051dc  _coreGetAuxiliaryDataFault_         
000051e4  _coreClearAuxiliaryDataFault_       
000051f0  _coreGetAuxiliaryInstructionFault_  
000051f8  _coreClearAuxiliaryInstructionFault_
00005204  _disable_IRQ_interrupt_             
0000520c  _enable_IRQ_interrupt_              
00005214  _enable_interrupt_                  
0000521c  _esmCcmErrorsClear_                 
000052a4  _memInit_                           
000052d8  _checkMemInitOn_                    
000052f8  _cacheEnable_                       
0000533c  _cacheDisable_                      
00005360  _dCacheInvalidate_                  
00005374  _iCacheInvalidate_                  
00005388  __TI_PINIT_Base                     
0000538c  __TI_PINIT_Limit                    
00005390  _mpuInit_                           
00005648  _mpuEnable_                         
00005660  _mpuDisable_                        
00005678  _mpuEnableBackgroundRegion_         
00005688  _mpuDisableBackgroundRegion_        
00005698  _mpuGetNumberOfRegions_             
000056a4  _mpuAreRegionsSeparate_             
000056b0  _mpuSetRegion_                      
000056b8  _mpuGetRegion_                      
000056c0  _mpuSetRegionBaseAddress_           
000056c8  _mpuGetRegionBaseAddress_           
000056d0  _mpuSetRegionTypeAndPermission_     
000056dc  _mpuGetRegionType_                  
000056e8  _mpuGetRegionPermission_            
000056f4  _mpuSetRegionSizeRegister_          
000056fc  main                                
000059c4  catch_command                       
000059ec  wait                                
00005a64  vimECCErrorHandler                  
00005da0  __aeabi_memcpy                      
00005da0  __aeabi_memcpy4                     
00005da0  __aeabi_memcpy8                     
00005da0  memcpy                              
00005f20  esmHighInterrupt                    
00006098  floor                               
00006098  floorl                              
000061d4  _c_int00                            
00006288  esmGroup1Notification               
0000629c  esmGroup2Notification               
000062b0  esmGroup3Notification               
000062c0  dmaGroupANotification               
000062d4  sciNotification                     
000062e8  etpwmNotification                   
000062f8  etpwmTripNotification               
0000630c  epcCAMFullNotification              
00006310  epcFIFOFullNotification             
00006320  __TI_decompress_lzss                
000063b0  __TI_auto_init_nobinit_nopinit      
00006418  __TI_zero_init_nomemset             
00006438  __TI_decompress_none                
0000644c  C$$EXIT                             
0000644c  abort                               
00006454  phantomInterrupt                    
00006660  __TI_Handler_Table_Base             
0000666c  __TI_Handler_Table_Limit            
00006680  __TI_CINIT_Base                     
00006690  __TI_CINIT_Limit                    
08001550  etpwm6B_duty                        
08001554  etpwm1B_duty                        
08001558  etpwm4A_duty                        
0800155c  receive_data                        
ffffffff  __TI_pprof_out_hndl                 
ffffffff  __TI_prof_data_size                 
ffffffff  __TI_prof_data_start                
ffffffff  __binit__                           
ffffffff  __c_args__                          
ffffffff  binit                               
UNDEFED   SHT$$INIT_ARRAY$$Base               
UNDEFED   SHT$$INIT_ARRAY$$Limit              
UNDEFED   _system_post_cinit                  

[203 symbols]
