******************************************************************************
                  TI ARM Linker Unix v18.1.3                   
******************************************************************************
>> Linked Fri Dec 14 17:05:16 2018

OUTPUT FILE NAME:   <I2C_lidar.out>
ENTRY POINT SYMBOL: "_c_int00"  address: 0000680c


MEMORY CONFIGURATION

         name            origin    length      used     unused   attr    fill
----------------------  --------  ---------  --------  --------  ----  --------
  VECTORS               00000000   00000020  00000020  00000000     X
  FLASH0                00000020   001fffe0  00007357  001f8c89  R  X
  FLASH1                00200000   00200000  00000000  00200000  R  X
  STACKS                08000000   00001500  00000000  00001500  RW  
  RAM                   08001500   0007eb00  00000075  0007ea8b  RW  


SEGMENT ALLOCATION MAP

run origin  load origin   length   init length attrs members
----------  ----------- ---------- ----------- ----- -------
00000000    00000000    00007347   00007347    r-x
  00000000    00000000    00000020   00000020    r-x .intvecs
  00000020    00000020    00007020   00007020    r-x .text
  00007040    00007040    00000307   00000307    r-- .const
00007360    00007360    00000030   00000030    r--
  00007360    00007360    00000030   00000030    r-- .cinit
08001500    08001500    00000078   00000000    rw-
  08001500    08001500    00000071   00000000    rw- .bss
  08001574    08001574    00000004   00000000    rw- .data


SECTION ALLOCATION MAP

 output                                  attributes/
section   page    origin      length       input sections
--------  ----  ----------  ----------   ----------------
.intvecs   0    00000000    00000020     
                  00000000    00000020     HL_sys_intvecs.obj (.intvecs)

.text      0    00000020    00007020     
                  00000020    00000f9c     rtsv7R4_A_be_v3D16_eabi.lib : _printfi.c.obj (.text:__TI_printfi)
                  00000fbc    000009e4     HL_i2c.obj (.text)
                  000019a0    000009c4     HL_pinmux.obj (.text)
                  00002364    0000095c     HL_system.obj (.text)
                  00002cc0    00000938     HL_sys_vim.obj (.text)
                  000035f8    00000870     HL_sci.obj (.text)
                  00003e68    0000078c     HL_esm.obj (.text)
                  000045f4    000005fc     HL_sys_main.obj (.text)
                  00004bf0    000003c4     HL_sys_core.obj (.text)
                  00004fb4    0000036c     HL_sys_mpu.obj (.text)
                  00005320    0000033c     HL_sys_vim.obj (.text:retain)
                  0000565c    000002dc     rtsv7R4_A_be_v3D16_eabi.lib : _printfi.c.obj (.text:_pconv_a)
                  00005938    000002b8                                 : ull_div32.asm.obj (.text)
                  00005bf0    00000248                                 : _printfi.c.obj (.text:_pconv_g)
                  00005e38    00000180                                 : memcpy32.asm.obj (.text)
                  00005fb8    00000178     HL_esm.obj (.text:retain)
                  00006130    0000015c     rtsv7R4_A_be_v3D16_eabi.lib : _printfi.c.obj (.text:_pconv_e)
                  0000628c    00000144                                 : _printfi.c.obj (.text:fcvt)
                  000063d0    0000013c                                 : s_floor.c.obj (.text:floor)
                  0000650c    00000120                                 : s_scalbn.c.obj (.text:scalbn)
                  0000662c    00000115                                 : _printfi.c.obj (.text:_ltostr)
                  00006741    00000003     --HOLE-- [fill = 0]
                  00006744    000000c8                                 : _printfi.c.obj (.text:_mcpy)
                  0000680c    000000b4     HL_sys_startup.obj (.text:retain)
                  000068c0    000000b0     rtsv7R4_A_be_v3D16_eabi.lib : memset32.asm.obj (.text)
                  00006970    00000098                                 : _printfi.c.obj (.text:_ecpy)
                  00006a08    00000090                                 : copy_decompress_lzss.c.obj (.text:decompress:lzss:__TI_decompress_lzss)
                  00006a98    0000008c                                 : s_frexp.c.obj (.text:frexp)
                  00006b24    00000088     HL_notification.obj (.text)
                  00006bac    00000084     rtsv7R4_A_be_v3D16_eabi.lib : atoi.c.obj (.text:atoi)
                  00006c30    00000080                                 : ltoa.c.obj (.text:ltoa)
                  00006cb0    00000074                                 : _printfi.c.obj (.text:_pconv_f)
                  00006d24    00000068                                 : autoinit.c.obj (.text:__TI_auto_init_nobinit_nopinit:__TI_auto_init_nobinit_nopinit)
                  00006d8c    00000064                                 : _printfi.c.obj (.text:_fcpy)
                  00006df0    00000064                                 : sprintf.c.obj (.text:sprintf)
                  00006e54    00000054                                 : i_div32.asm.obj (.text)
                  00006ea8    00000050                                 : u_div32.asm.obj (.text)
                  00006ef8    00000030                                 : sprintf.c.obj (.text:_outs)
                  00006f28    0000002c                                 : memccpy.c.obj (.text:memccpy)
                  00006f54    00000028                                 : strchr.c.obj (.text:strchr)
                  00006f7c    00000024                                 : wcslen.c.obj (.text:wcslen)
                  00006fa0    00000020                                 : copy_zero_init.c.obj (.text:decompress:ZI:__TI_zero_init_nomemset:__TI_zero_init_nomemset)
                  00006fc0    00000020                                 : strlen.c.obj (.text:strlen)
                  00006fe0    0000001c                                 : s_copysign.c.obj (.text:copysign)
                  00006ffc    00000014                                 : sprintf.c.obj (.text:_outc)
                  00007010    00000014                                 : copy_decompress_none.c.obj (.text:decompress:none:__TI_decompress_none)
                  00007024    0000000c                                 : errno.c.obj (.text:__aeabi_errno_addr)
                  00007030    00000008                                 : exit.c.obj (.text:abort:abort)
                  00007038    00000004     HL_sys_phantom.obj (.text:retain)
                  0000703c    00000004     rtsv7R4_A_be_v3D16_eabi.lib : div0.asm.obj (.text)

.const     0    00007040    00000307     
                  00007040    00000200     HL_sys_vim.obj (.const:s_vim_init)
                  00007240    00000101     rtsv7R4_A_be_v3D16_eabi.lib : ctype.c.obj (.const:.string:_ctypes_)
                  00007341    00000004     HL_sys_main.obj (.const:.string:$P$T0$1)
                  00007345    00000001     HL_sys_main.obj (.const:.string:$P$T1$2)
                  00007346    00000001     HL_sys_main.obj (.const:.string:$P$T2$3)

.cinit     0    00007360    00000030     
                  00007360    0000000c     (__TI_handler_table)
                  0000736c    00000004     --HOLE-- [fill = 0]
                  00007370    00000008     (.cinit..bss.load) [load image, compression = zero_init]
                  00007378    00000007     (.cinit..data.load) [load image, compression = lzss]
                  0000737f    00000001     --HOLE-- [fill = 0]
                  00007380    00000010     (__TI_cinit_table)

.bss       0    08001500    00000071     UNINITIALIZED
                  08001500    00000050     HL_sci.obj (.bss:g_sciTransfer_t)
                  08001550    00000018     HL_i2c.obj (.bss:g_i2cTransfer_t)
                  08001568    00000004     (.common:flag)
                  0800156c    00000004     (.common:receives)
                  08001570    00000001     (.common:bias_cnt)

.data      0    08001574    00000004     UNINITIALIZED
                  08001574    00000004     rtsv7R4_A_be_v3D16_eabi.lib : errno.c.obj (.data)

MODULE SUMMARY

       Module                       code    ro data   rw data
       ------                       ----    -------   -------
    ./source/
       HL_sys_vim.obj               3188    512       0      
       HL_i2c.obj                   2532    0         24     
       HL_pinmux.obj                2500    0         0      
       HL_system.obj                2396    0         0      
       HL_esm.obj                   2308    0         0      
       HL_sci.obj                   2160    0         80     
       HL_sys_main.obj              1532    6         9      
       HL_sys_core.obj              964     0         0      
       HL_sys_mpu.obj               876     0         0      
       HL_sys_startup.obj           180     0         0      
       HL_notification.obj          136     0         0      
       HL_sys_intvecs.obj           32      0         0      
       HL_sys_phantom.obj           4       0         0      
    +--+----------------------------+-------+---------+---------+
       Total:                       18808   518       113    
                                                             
    /home/kiott01a/ti/ccsv8/tools/compiler/ti-cgt-arm_18.1.3.LTS/lib/rtsv7R4_A_be_v3D16_eabi.lib
       _printfi.c.obj               6829    0         0      
       ull_div32.asm.obj            696     0         0      
       memcpy32.asm.obj             384     0         0      
       s_floor.c.obj                316     0         0      
       s_scalbn.c.obj               288     0         0      
       ctype.c.obj                  0       257       0      
       memset32.asm.obj             176     0         0      
       sprintf.c.obj                168     0         0      
       copy_decompress_lzss.c.obj   144     0         0      
       s_frexp.c.obj                140     0         0      
       atoi.c.obj                   132     0         0      
       ltoa.c.obj                   128     0         0      
       autoinit.c.obj               104     0         0      
       i_div32.asm.obj              84      0         0      
       u_div32.asm.obj              80      0         0      
       memccpy.c.obj                44      0         0      
       strchr.c.obj                 40      0         0      
       wcslen.c.obj                 36      0         0      
       copy_zero_init.c.obj         32      0         0      
       strlen.c.obj                 32      0         0      
       s_copysign.c.obj             28      0         0      
       copy_decompress_none.c.obj   20      0         0      
       errno.c.obj                  12      0         4      
       exit.c.obj                   8       0         0      
       div0.asm.obj                 4       0         0      
    +--+----------------------------+-------+---------+---------+
       Total:                       9925    257       4      
                                                             
       Linker Generated:            0       43        0      
    +--+----------------------------+-------+---------+---------+
       Grand Total:                 28733   818       117    


LINKER GENERATED COPY TABLES

__TI_cinit_table @ 00007380 records: 2, size/record: 8, table size: 16
	.bss: load addr=00007370, load size=00000008 bytes, run addr=08001500, run size=00000071 bytes, compression=zero_init
	.data: load addr=00007378, load size=00000007 bytes, run addr=08001574, run size=00000004 bytes, compression=lzss


LINKER GENERATED HANDLER TABLE

__TI_handler_table @ 00007360 records: 3, size/record: 4, table size: 12
	index: 0, handler: __TI_zero_init
	index: 1, handler: __TI_decompress_lzss
	index: 2, handler: __TI_decompress_none


GLOBAL SYMBOLS: SORTED ALPHABETICALLY BY Name 

address   name                                
-------   ----                                
00007030  C$$EXIT                             
UNDEFED   SHT$$INIT_ARRAY$$Base               
UNDEFED   SHT$$INIT_ARRAY$$Limit              
00007380  __TI_CINIT_Base                     
00007390  __TI_CINIT_Limit                    
00007360  __TI_Handler_Table_Base             
0000736c  __TI_Handler_Table_Limit            
00004fac  __TI_PINIT_Base                     
00004fb0  __TI_PINIT_Limit                    
00006d24  __TI_auto_init_nobinit_nopinit      
00006a08  __TI_decompress_lzss                
00007010  __TI_decompress_none                
ffffffff  __TI_pprof_out_hndl                 
00000020  __TI_printfi                        
ffffffff  __TI_prof_data_size                 
ffffffff  __TI_prof_data_start                
00000000  __TI_static_base__                  
00006fa0  __TI_zero_init_nomemset             
00007024  __aeabi_errno_addr                  
00006e54  __aeabi_idiv                        
0000703c  __aeabi_idiv0                       
00006e54  __aeabi_idivmod                     
0000703c  __aeabi_ldiv0                       
000068c0  __aeabi_memclr                      
000068c0  __aeabi_memclr4                     
000068c0  __aeabi_memclr8                     
00005e38  __aeabi_memcpy                      
00005e38  __aeabi_memcpy4                     
00005e38  __aeabi_memcpy8                     
000068c4  __aeabi_memset                      
000068c4  __aeabi_memset4                     
000068c4  __aeabi_memset8                     
00006ea8  __aeabi_uidiv                       
00006ea8  __aeabi_uidivmod                    
00005938  __aeabi_uldivmod                    
ffffffff  __binit__                           
ffffffff  __c_args__                          
0000680c  _c_int00                            
00004f60  _cacheDisable_                      
00004f1c  _cacheEnable_                       
00004efc  _checkMemInitOn_                    
00004e08  _coreClearAuxiliaryDataFault_       
00004e1c  _coreClearAuxiliaryInstructionFault_
00004de0  _coreClearDataFaultAddress_         
00004db8  _coreClearDataFault_                
00004df4  _coreClearInstructionFaultAddress_  
00004dcc  _coreClearInstructionFault_         
00004d90  _coreDisableEventBusExport_         
00004d80  _coreEnableEventBusExport_          
00004da0  _coreEnableIrqVicOffset_            
00004d68  _coreEnableVfp_                     
00004e00  _coreGetAuxiliaryDataFault_         
00004e14  _coreGetAuxiliaryInstructionFault_  
00004dd8  _coreGetDataFaultAddress_           
00004db0  _coreGetDataFault_                  
00004dec  _coreGetInstructionFaultAddress_    
00004dc4  _coreGetInstructionFault_           
00004bf0  _coreInitRegisters_                 
00004cfc  _coreInitStackPointer_              
00007240  _ctypes_                            
00004f84  _dCacheInvalidate_                  
00004e28  _disable_IRQ_interrupt_             
00004e30  _enable_IRQ_interrupt_              
00004e38  _enable_interrupt_                  
00004e40  _esmCcmErrorsClear_                 
00004d48  _getCPSRValue_                      
00004d50  _gotoCPUIdle_                       
00004f98  _iCacheInvalidate_                  
00004ec8  _memInit_                           
000052c8  _mpuAreRegionsSeparate_             
000052ac  _mpuDisableBackgroundRegion_        
00005284  _mpuDisable_                        
0000529c  _mpuEnableBackgroundRegion_         
0000526c  _mpuEnable_                         
000052bc  _mpuGetNumberOfRegions_             
000052ec  _mpuGetRegionBaseAddress_           
0000530c  _mpuGetRegionPermission_            
00005300  _mpuGetRegionType_                  
000052dc  _mpuGetRegion_                      
00004fb4  _mpuInit_                           
000052e4  _mpuSetRegionBaseAddress_           
00005318  _mpuSetRegionSizeRegister_          
000052f4  _mpuSetRegionTypeAndPermission_     
000052d4  _mpuSetRegion_                      
UNDEFED   _system_post_cinit                  
00007030  abort                               
00006bac  atoi                                
08001570  bias_cnt                            
ffffffff  binit                               
00006fe0  copysign                            
00006fe0  copysignl                           
00004698  disp_set                            
00006b5c  dmaGroupANotification               
00006b98  epcCAMFullNotification              
00006b9c  epcFIFOFullNotification             
08001574  errno                               
00004078  esmActivateNormalOperation          
000041c4  esmClearStatus                      
00004228  esmClearStatusBuffer                
00004204  esmClearStatusUpper                 
00004024  esmDisableError                     
0000404c  esmDisableErrorUpper                
000040cc  esmDisableInterrupt                 
000040f4  esmDisableInterruptUpper            
00003fe0  esmEnableError                      
00004008  esmEnableErrorUpper                 
00004088  esmEnableInterrupt                  
000040b0  esmEnableInterruptUpper             
00004358  esmEnterSelfTest                    
00003fc4  esmError                            
00004430  esmGetConfigValue                   
00004264  esmGetStatus                        
00004330  esmGetStatusBuffer                  
000042e8  esmGetStatusUpper                   
00006b24  esmGroup1Notification               
00006b38  esmGroup2Notification               
00006b4c  esmGroup3Notification               
00005fb8  esmHighInterrupt                    
00003e68  esmInit                             
000043e0  esmSelfTestStatus                   
00004244  esmSetCounterPreloadValue           
00004110  esmSetInterruptLevel                
00004184  esmSetInterruptLevelUpper           
00004068  esmTriggerErrorPinReset             
08001568  flag                                
000063d0  floor                               
000063d0  floorl                              
00006a98  frexp                               
00006a98  frexpl                              
000026d0  getResetSource                      
000048dc  get_data                            
000016c8  i2c2GetConfigValue                  
00001434  i2cClearSCD                         
0000158c  i2cDisableLoopback                  
00001614  i2cDisableNotification              
0000156c  i2cEnableLoopback                   
000015ac  i2cEnableNotification               
00000fbc  i2cInit                             
00001908  i2cIsBusBusy                        
000018c8  i2cIsMasterReady                    
000013cc  i2cIsRxReady                        
000013e8  i2cIsStopDetected                   
00001254  i2cIsTxReady                        
00006b70  i2cNotification                     
00001494  i2cReceive                          
00001450  i2cReceiveByte                      
00001404  i2cRxError                          
000012a0  i2cSend                             
00001270  i2cSendByte                         
000010f4  i2cSetBaudrate                      
00001234  i2cSetCount                         
00001890  i2cSetDirection                     
00001690  i2cSetMode                          
000010b4  i2cSetOwnAdd                        
000010d4  i2cSetSlaveAdd                      
000011f4  i2cSetStart                         
00001214  i2cSetStop                          
0000650c  ldexp                               
0000650c  ldexpl                              
000049d0  lidar_bias                          
000047d4  lidar_enable                        
00004ad8  lidar_without_bias                  
00006c30  ltoa                                
000046ec  main                                
00002500  mapClocks                           
00006f28  memccpy                             
00005e38  memcpy                              
000068d0  memset                              
000019a0  muxInit                             
0000244c  periphInit                          
00007038  phantomInterrupt                    
0800156c  receives                            
00000000  resetEntry                          
0000650c  scalbn                              
0000650c  scalbnl                             
00003cb4  sci1GetConfigValue                  
00003b28  sciDisableLoopback                  
00003bdc  sciDisableNotification              
00003af4  sciEnableLoopback                   
00003b44  sciEnableNotification               
00003c74  sciEnterResetState                  
00003c94  sciExitResetState                   
000035f8  sciInit                             
0000396c  sciIsIdleDetected                   
00003950  sciIsRxReady                        
000037a0  sciIsTxReady                        
00006b84  sciNotification                     
000039e4  sciReceive                          
000039b8  sciReceiveByte                      
00003988  sciRxError                          
000037ec  sciSend                             
000037bc  sciSendByte                         
00003704  sciSetBaudrate                      
000036e4  sciSetFunctional                    
00004638  sci_display                         
0000240c  setupFlash                          
00002364  setupPLL                            
00006df0  sprintf                             
00006f54  strchr                              
00006fc0  strlen                              
000027f8  systemGetConfigValue                
0000262c  systemInit                          
000026a0  systemPowerDown                     
000023c4  trimLPO                             
00002d94  vimChannelMap                       
00003000  vimDisableInterrupt                 
00005320  vimECCErrorHandler                  
00002e38  vimEnableInterrupt                  
000030ac  vimGetConfigValue                   
00002cc0  vimInit                             
000045f4  wait                                
00006f7c  wcslen                              


GLOBAL SYMBOLS: SORTED BY Symbol Address 

address   name                                
-------   ----                                
00000000  __TI_static_base__                  
00000000  resetEntry                          
00000020  __TI_printfi                        
00000fbc  i2cInit                             
000010b4  i2cSetOwnAdd                        
000010d4  i2cSetSlaveAdd                      
000010f4  i2cSetBaudrate                      
000011f4  i2cSetStart                         
00001214  i2cSetStop                          
00001234  i2cSetCount                         
00001254  i2cIsTxReady                        
00001270  i2cSendByte                         
000012a0  i2cSend                             
000013cc  i2cIsRxReady                        
000013e8  i2cIsStopDetected                   
00001404  i2cRxError                          
00001434  i2cClearSCD                         
00001450  i2cReceiveByte                      
00001494  i2cReceive                          
0000156c  i2cEnableLoopback                   
0000158c  i2cDisableLoopback                  
000015ac  i2cEnableNotification               
00001614  i2cDisableNotification              
00001690  i2cSetMode                          
000016c8  i2c2GetConfigValue                  
00001890  i2cSetDirection                     
000018c8  i2cIsMasterReady                    
00001908  i2cIsBusBusy                        
000019a0  muxInit                             
00002364  setupPLL                            
000023c4  trimLPO                             
0000240c  setupFlash                          
0000244c  periphInit                          
00002500  mapClocks                           
0000262c  systemInit                          
000026a0  systemPowerDown                     
000026d0  getResetSource                      
000027f8  systemGetConfigValue                
00002cc0  vimInit                             
00002d94  vimChannelMap                       
00002e38  vimEnableInterrupt                  
00003000  vimDisableInterrupt                 
000030ac  vimGetConfigValue                   
000035f8  sciInit                             
000036e4  sciSetFunctional                    
00003704  sciSetBaudrate                      
000037a0  sciIsTxReady                        
000037bc  sciSendByte                         
000037ec  sciSend                             
00003950  sciIsRxReady                        
0000396c  sciIsIdleDetected                   
00003988  sciRxError                          
000039b8  sciReceiveByte                      
000039e4  sciReceive                          
00003af4  sciEnableLoopback                   
00003b28  sciDisableLoopback                  
00003b44  sciEnableNotification               
00003bdc  sciDisableNotification              
00003c74  sciEnterResetState                  
00003c94  sciExitResetState                   
00003cb4  sci1GetConfigValue                  
00003e68  esmInit                             
00003fc4  esmError                            
00003fe0  esmEnableError                      
00004008  esmEnableErrorUpper                 
00004024  esmDisableError                     
0000404c  esmDisableErrorUpper                
00004068  esmTriggerErrorPinReset             
00004078  esmActivateNormalOperation          
00004088  esmEnableInterrupt                  
000040b0  esmEnableInterruptUpper             
000040cc  esmDisableInterrupt                 
000040f4  esmDisableInterruptUpper            
00004110  esmSetInterruptLevel                
00004184  esmSetInterruptLevelUpper           
000041c4  esmClearStatus                      
00004204  esmClearStatusUpper                 
00004228  esmClearStatusBuffer                
00004244  esmSetCounterPreloadValue           
00004264  esmGetStatus                        
000042e8  esmGetStatusUpper                   
00004330  esmGetStatusBuffer                  
00004358  esmEnterSelfTest                    
000043e0  esmSelfTestStatus                   
00004430  esmGetConfigValue                   
000045f4  wait                                
00004638  sci_display                         
00004698  disp_set                            
000046ec  main                                
000047d4  lidar_enable                        
000048dc  get_data                            
000049d0  lidar_bias                          
00004ad8  lidar_without_bias                  
00004bf0  _coreInitRegisters_                 
00004cfc  _coreInitStackPointer_              
00004d48  _getCPSRValue_                      
00004d50  _gotoCPUIdle_                       
00004d68  _coreEnableVfp_                     
00004d80  _coreEnableEventBusExport_          
00004d90  _coreDisableEventBusExport_         
00004da0  _coreEnableIrqVicOffset_            
00004db0  _coreGetDataFault_                  
00004db8  _coreClearDataFault_                
00004dc4  _coreGetInstructionFault_           
00004dcc  _coreClearInstructionFault_         
00004dd8  _coreGetDataFaultAddress_           
00004de0  _coreClearDataFaultAddress_         
00004dec  _coreGetInstructionFaultAddress_    
00004df4  _coreClearInstructionFaultAddress_  
00004e00  _coreGetAuxiliaryDataFault_         
00004e08  _coreClearAuxiliaryDataFault_       
00004e14  _coreGetAuxiliaryInstructionFault_  
00004e1c  _coreClearAuxiliaryInstructionFault_
00004e28  _disable_IRQ_interrupt_             
00004e30  _enable_IRQ_interrupt_              
00004e38  _enable_interrupt_                  
00004e40  _esmCcmErrorsClear_                 
00004ec8  _memInit_                           
00004efc  _checkMemInitOn_                    
00004f1c  _cacheEnable_                       
00004f60  _cacheDisable_                      
00004f84  _dCacheInvalidate_                  
00004f98  _iCacheInvalidate_                  
00004fac  __TI_PINIT_Base                     
00004fb0  __TI_PINIT_Limit                    
00004fb4  _mpuInit_                           
0000526c  _mpuEnable_                         
00005284  _mpuDisable_                        
0000529c  _mpuEnableBackgroundRegion_         
000052ac  _mpuDisableBackgroundRegion_        
000052bc  _mpuGetNumberOfRegions_             
000052c8  _mpuAreRegionsSeparate_             
000052d4  _mpuSetRegion_                      
000052dc  _mpuGetRegion_                      
000052e4  _mpuSetRegionBaseAddress_           
000052ec  _mpuGetRegionBaseAddress_           
000052f4  _mpuSetRegionTypeAndPermission_     
00005300  _mpuGetRegionType_                  
0000530c  _mpuGetRegionPermission_            
00005318  _mpuSetRegionSizeRegister_          
00005320  vimECCErrorHandler                  
00005938  __aeabi_uldivmod                    
00005e38  __aeabi_memcpy                      
00005e38  __aeabi_memcpy4                     
00005e38  __aeabi_memcpy8                     
00005e38  memcpy                              
00005fb8  esmHighInterrupt                    
000063d0  floor                               
000063d0  floorl                              
0000650c  ldexp                               
0000650c  ldexpl                              
0000650c  scalbn                              
0000650c  scalbnl                             
0000680c  _c_int00                            
000068c0  __aeabi_memclr                      
000068c0  __aeabi_memclr4                     
000068c0  __aeabi_memclr8                     
000068c4  __aeabi_memset                      
000068c4  __aeabi_memset4                     
000068c4  __aeabi_memset8                     
000068d0  memset                              
00006a08  __TI_decompress_lzss                
00006a98  frexp                               
00006a98  frexpl                              
00006b24  esmGroup1Notification               
00006b38  esmGroup2Notification               
00006b4c  esmGroup3Notification               
00006b5c  dmaGroupANotification               
00006b70  i2cNotification                     
00006b84  sciNotification                     
00006b98  epcCAMFullNotification              
00006b9c  epcFIFOFullNotification             
00006bac  atoi                                
00006c30  ltoa                                
00006d24  __TI_auto_init_nobinit_nopinit      
00006df0  sprintf                             
00006e54  __aeabi_idiv                        
00006e54  __aeabi_idivmod                     
00006ea8  __aeabi_uidiv                       
00006ea8  __aeabi_uidivmod                    
00006f28  memccpy                             
00006f54  strchr                              
00006f7c  wcslen                              
00006fa0  __TI_zero_init_nomemset             
00006fc0  strlen                              
00006fe0  copysign                            
00006fe0  copysignl                           
00007010  __TI_decompress_none                
00007024  __aeabi_errno_addr                  
00007030  C$$EXIT                             
00007030  abort                               
00007038  phantomInterrupt                    
0000703c  __aeabi_idiv0                       
0000703c  __aeabi_ldiv0                       
00007240  _ctypes_                            
00007360  __TI_Handler_Table_Base             
0000736c  __TI_Handler_Table_Limit            
00007380  __TI_CINIT_Base                     
00007390  __TI_CINIT_Limit                    
08001568  flag                                
0800156c  receives                            
08001570  bias_cnt                            
08001574  errno                               
ffffffff  __TI_pprof_out_hndl                 
ffffffff  __TI_prof_data_size                 
ffffffff  __TI_prof_data_start                
ffffffff  __binit__                           
ffffffff  __c_args__                          
ffffffff  binit                               
UNDEFED   SHT$$INIT_ARRAY$$Base               
UNDEFED   SHT$$INIT_ARRAY$$Limit              
UNDEFED   _system_post_cinit                  

[212 symbols]
